2026-07-08 20:46:57,334 - twister - INFO - Using Ninja..
2026-07-08 20:46:57,602 - twister - INFO - Zephyr version: v4.4.0-2553-g12782f1c9d77
2026-07-08 20:46:57,623 - twister - DEBUG - Running cmake script /Users/bytelight/zephyr-course/zephyr/cmake/verify-toolchain.cmake
2026-07-08 20:46:57,623 - twister - DEBUG - Calling cmake: /opt/homebrew/bin/cmake -DFORMAT=json -P /Users/bytelight/zephyr-course/zephyr/cmake/verify-toolchain.cmake
2026-07-08 20:46:58,400 - twister - DEBUG - Finished running /Users/bytelight/zephyr-course/zephyr/cmake/verify-toolchain.cmake
2026-07-08 20:46:58,400 - twister - INFO - Using 'zephyr/gnu' toolchain variant.
2026-07-08 20:47:06,929 - twister - DEBUG - Reading testsuite configuration files under /Users/bytelight/zephyr-course/tests/calculator...
2026-07-08 20:47:06,930 - twister - DEBUG - Found possible testsuite in /Users/bytelight/zephyr-course/tests/calculator
2026-07-08 20:47:06,950 - twister - DEBUG - No duplicates found.
2026-07-08 20:47:06,950 - twister - DEBUG -  platform filter: []
2026-07-08 20:47:06,950 - twister - DEBUG - platform_pattern: []
2026-07-08 20:47:06,950 - twister - DEBUG -    vendor filter: []
2026-07-08 20:47:06,950 - twister - DEBUG -      arch_filter: None
2026-07-08 20:47:06,950 - twister - DEBUG -       tag_filter: None
2026-07-08 20:47:06,950 - twister - DEBUG -      exclude_tag: None
2026-07-08 20:47:06,950 - twister - INFO - Selecting default platforms per testsuite scenario
2026-07-08 20:47:06,952 - twister - INFO - Building initial testsuite list...
2026-07-08 20:47:06,953 - twister - INFO - Built testsuite list in 0.00 seconds
2026-07-08 20:47:06,953 - twister - INFO - Writing JSON report /Users/bytelight/zephyr-course/twister-out/testplan.json
2026-07-08 20:47:07,002 - twister - INFO - Adding tasks to the queue...
2026-07-08 20:47:07,002 - twister - DEBUG - adding nrf5340dk/nrf5340/cpuapp/zephyr/gnu/example.unit.calculator
2026-07-08 20:47:07,004 - twister - DEBUG - adding nrf5340dk/nrf5340/cpuapp/zephyr/gnu/example.unit.calculator.ordered
2026-07-08 20:47:07,004 - twister - DEBUG - adding nrf5340dk/nrf5340/cpuapp/zephyr/gnu/example.unit.calculator.hw
2026-07-08 20:47:07,004 - twister - INFO - Added initial list of jobs to queue
2026-07-08 20:47:07,012 - twister - DEBUG - Running cmake on /Users/bytelight/zephyr-course/tests/calculator for nrf5340dk/nrf5340/cpuapp
2026-07-08 20:47:07,013 - twister - DEBUG - Running cmake on /Users/bytelight/zephyr-course/tests/calculator for nrf5340dk/nrf5340/cpuapp
2026-07-08 20:47:07,014 - twister - DEBUG - Running cmake on /Users/bytelight/zephyr-course/tests/calculator for nrf5340dk/nrf5340/cpuapp
2026-07-08 20:47:07,015 - twister - DEBUG - Calling cmake: /opt/homebrew/bin/cmake -B/Users/bytelight/zephyr-course/twister-out/nrf5340dk_nrf5340_cpuapp/zephyr_gnu/tests/calculator/example.unit.calculator.hw -DTC_RUNID=7c7aeceaa1538cf221c66025c062c7f4 -DTC_NAME=example.unit.calculator.hw -DCONFIG_COMPILER_WARNINGS_AS_ERRORS=y -DEXTRA_GEN_EDT_ARGS=--edtlib-Werror -GNinja -DPython3_EXECUTABLE=/Users/bytelight/zephyrproject/.venv/bin/python3.14 -DZEPHYR_TOOLCHAIN_VARIANT=zephyr/gnu -S/Users/bytelight/zephyr-course/tests/calculator -DBOARD=nrf5340dk/nrf5340/cpuapp
2026-07-08 20:47:07,015 - twister - DEBUG - Calling cmake: /opt/homebrew/bin/cmake -B/Users/bytelight/zephyr-course/twister-out/nrf5340dk_nrf5340_cpuapp/zephyr_gnu/tests/calculator/example.unit.calculator.ordered -DTC_RUNID=985a6d154274b238e551f70058407808 -DTC_NAME=example.unit.calculator.ordered -DCONFIG_COMPILER_WARNINGS_AS_ERRORS=y -DEXTRA_GEN_EDT_ARGS=--edtlib-Werror -GNinja -DPython3_EXECUTABLE=/Users/bytelight/zephyrproject/.venv/bin/python3.14 -DZEPHYR_TOOLCHAIN_VARIANT=zephyr/gnu -S/Users/bytelight/zephyr-course/tests/calculator -DCONFIG_ZTEST_SHUFFLE=n -DBOARD=nrf5340dk/nrf5340/cpuapp
2026-07-08 20:47:07,016 - twister - DEBUG - Calling cmake: /opt/homebrew/bin/cmake -B/Users/bytelight/zephyr-course/twister-out/nrf5340dk_nrf5340_cpuapp/zephyr_gnu/tests/calculator/example.unit.calculator -DTC_RUNID=3f568038ac59d4200bf13995ebf8e017 -DTC_NAME=example.unit.calculator -DCONFIG_COMPILER_WARNINGS_AS_ERRORS=y -DEXTRA_GEN_EDT_ARGS=--edtlib-Werror -GNinja -DPython3_EXECUTABLE=/Users/bytelight/zephyrproject/.venv/bin/python3.14 -DZEPHYR_TOOLCHAIN_VARIANT=zephyr/gnu -S/Users/bytelight/zephyr-course/tests/calculator -DBOARD=nrf5340dk/nrf5340/cpuapp
2026-07-08 20:47:07,022 - twister - DEBUG - Launched 10 jobs
2026-07-08 20:47:34,207 - twister - DEBUG - Finished running cmake /Users/bytelight/zephyr-course/tests/calculator for nrf5340dk/nrf5340/cpuapp in 27.17 seconds
2026-07-08 20:47:34,211 - twister - DEBUG - Finished running cmake /Users/bytelight/zephyr-course/tests/calculator for nrf5340dk/nrf5340/cpuapp in 27.17 seconds
2026-07-08 20:47:34,211 - twister - DEBUG - build test: nrf5340dk/nrf5340/cpuapp/zephyr/gnu/example.unit.calculator
2026-07-08 20:47:34,213 - twister - DEBUG - Building /Users/bytelight/zephyr-course/tests/calculator for nrf5340dk/nrf5340/cpuapp
2026-07-08 20:47:34,215 - twister - DEBUG - build test: nrf5340dk/nrf5340/cpuapp/zephyr/gnu/example.unit.calculator.hw
2026-07-08 20:47:34,217 - twister - DEBUG - Building /Users/bytelight/zephyr-course/tests/calculator for nrf5340dk/nrf5340/cpuapp
2026-07-08 20:47:34,218 - twister - DEBUG - Running /opt/homebrew/bin/cmake --build /Users/bytelight/zephyr-course/twister-out/nrf5340dk_nrf5340_cpuapp/zephyr_gnu/tests/calculator/example.unit.calculator
2026-07-08 20:47:34,222 - twister - DEBUG - Running /opt/homebrew/bin/cmake --build /Users/bytelight/zephyr-course/twister-out/nrf5340dk_nrf5340_cpuapp/zephyr_gnu/tests/calculator/example.unit.calculator.hw
2026-07-08 20:47:34,252 - twister - DEBUG - Finished running cmake /Users/bytelight/zephyr-course/tests/calculator for nrf5340dk/nrf5340/cpuapp in 27.22 seconds
2026-07-08 20:47:34,262 - twister - DEBUG - build test: nrf5340dk/nrf5340/cpuapp/zephyr/gnu/example.unit.calculator.ordered
2026-07-08 20:47:34,274 - twister - DEBUG - Building /Users/bytelight/zephyr-course/tests/calculator for nrf5340dk/nrf5340/cpuapp
2026-07-08 20:47:34,300 - twister - DEBUG - Running /opt/homebrew/bin/cmake --build /Users/bytelight/zephyr-course/twister-out/nrf5340dk_nrf5340_cpuapp/zephyr_gnu/tests/calculator/example.unit.calculator.ordered
2026-07-08 20:48:15,063 - twister - DEBUG - Finished building /Users/bytelight/zephyr-course/tests/calculator for nrf5340dk/nrf5340/cpuapp in 40.84 seconds
2026-07-08 20:48:15,065 - twister - DEBUG - Determine test cases for test instance: nrf5340dk/nrf5340/cpuapp/zephyr/gnu/example.unit.calculator.hw
2026-07-08 20:48:15,066 - twister - DEBUG - Determine test cases for test suite: example.unit.calculator.hw
2026-07-08 20:48:15,085 - twister - DEBUG - Finished building /Users/bytelight/zephyr-course/tests/calculator for nrf5340dk/nrf5340/cpuapp in 40.79 seconds
2026-07-08 20:48:15,087 - twister - DEBUG - Determine test cases for test instance: nrf5340dk/nrf5340/cpuapp/zephyr/gnu/example.unit.calculator.ordered
2026-07-08 20:48:15,089 - twister - DEBUG - Determine test cases for test suite: example.unit.calculator.ordered
2026-07-08 20:48:15,088 - twister - DEBUG - Finished building /Users/bytelight/zephyr-course/tests/calculator for nrf5340dk/nrf5340/cpuapp in 40.87 seconds
2026-07-08 20:48:15,090 - twister - DEBUG - Determine test cases for test instance: nrf5340dk/nrf5340/cpuapp/zephyr/gnu/example.unit.calculator
2026-07-08 20:48:15,091 - twister - DEBUG - Determine test cases for test suite: example.unit.calculator
2026-07-08 20:48:15,107 - twister - DEBUG - Test instance nrf5340dk/nrf5340/cpuapp/zephyr/gnu/example.unit.calculator.hw already has 24 testcase(s) known: [<TestCase example.unit.calculator.hw.calculator_div.divide_by_zero with not run>, <TestCase example.unit.calculator.hw.calculator_add.mixed_signs with not run>, <TestCase example.unit.calculator.hw.calculator_last_result.overwrite_on_second_op with not run>, <TestCase example.unit.calculator.hw.calculator_last_result.no_result_before_first_op with not run>, <TestCase example.unit.calculator.hw.calculator_mul.positive_numbers with not run>, <TestCase example.unit.calculator.hw.calculator_div.exact_division with not run>, <TestCase example.unit.calculator.hw.calculator_sub.negative_result with not run>, <TestCase example.unit.calculator.hw.calculator_mul.null_pointer with not run>, <TestCase example.unit.calculator.hw.calculator_add.negative_numbers with not run>, <TestCase example.unit.calculator.hw.calculator_div.integer_truncation with not run>, <TestCase example.unit.calculator.hw.calculator_sub.null_pointer with not run>, <TestCase example.unit.calculator.hw.calculator_last_result.failed_op_does_not_update with not run>, <TestCase example.unit.calculator.hw.calculator_mul.negative_numbers with not run>, <TestCase example.unit.calculator.hw.calculator_sub.positive_result with not run>, <TestCase example.unit.calculator.hw.calculator_edge_cases.chained_operations with not run>, <TestCase example.unit.calculator.hw.calculator_div.null_pointer with not run>, <TestCase example.unit.calculator.hw.calculator_last_result.reset_clears_cache with not run>, <TestCase example.unit.calculator.hw.calculator_mul.by_zero with not run>, <TestCase example.unit.calculator.hw.calculator_last_result.add_updates_cache with not run>, <TestCase example.unit.calculator.hw.calculator_div.negative_dividend_truncation with not run>, <TestCase example.unit.calculator.hw.calculator_add.null_pointer with not run>, <TestCase example.unit.calculator.hw.calculator_add.positive_numbers with not run>, <TestCase example.unit.calculator.hw.calculator_last_result.null_pointer with not run>, <TestCase example.unit.calculator.hw.calculator_add.zero with not run>]
2026-07-08 20:48:15,109 - twister - DEBUG - Detected 24 Ztest case(s): [example.unit.calculator.hw.calculator_edge_cases.chained_operations, example.unit.calculator.hw.calculator_div.negative_dividend_truncation, example.unit.calculator.hw.calculator_div.null_pointer, example.unit.calculator.hw.calculator_div.divide_by_zero, example.unit.calculator.hw.calculator_div.integer_truncation, example.unit.calculator.hw.calculator_div.exact_division, example.unit.calculator.hw.calculator_mul.null_pointer, example.unit.calculator.hw.calculator_mul.by_zero, example.unit.calculator.hw.calculator_mul.negative_numbers, example.unit.calculator.hw.calculator_mul.positive_numbers, example.unit.calculator.hw.calculator_sub.null_pointer, example.unit.calculator.hw.calculator_sub.negative_result, example.unit.calculator.hw.calculator_sub.positive_result, example.unit.calculator.hw.calculator_add.null_pointer, example.unit.calculator.hw.calculator_add.zero, example.unit.calculator.hw.calculator_add.mixed_signs, example.unit.calculator.hw.calculator_add.negative_numbers, example.unit.calculator.hw.calculator_add.positive_numbers, example.unit.calculator.hw.calculator_last_result.reset_clears_cache, example.unit.calculator.hw.calculator_last_result.failed_op_does_not_update, example.unit.calculator.hw.calculator_last_result.overwrite_on_second_op, example.unit.calculator.hw.calculator_last_result.add_updates_cache, example.unit.calculator.hw.calculator_last_result.null_pointer, example.unit.calculator.hw.calculator_last_result.no_result_before_first_op] in /Users/bytelight/zephyr-course/twister-out/nrf5340dk_nrf5340_cpuapp/zephyr_gnu/tests/calculator/example.unit.calculator.hw/zephyr/zephyr.elf
2026-07-08 20:48:15,112 - twister - DEBUG - Instance nrf5340dk/nrf5340/cpuapp/zephyr/gnu/example.unit.calculator.hw can't run (run:False, handler.ready:False)
2026-07-08 20:48:15,117 - twister - INFO - 1/3 nrf5340dk/nrf5340/cpuapp  example.unit.calculator.hw                         [36mNOT RUN[39m (build <zephyr/gnu>)
2026-07-08 20:48:15,118 - twister - INFO -                                    example.unit.calculator.hw.calculator_edge_cases.chained_operations         [36mNOT RUN     [39m Test was built only
2026-07-08 20:48:15,119 - twister - INFO -                                    example.unit.calculator.hw.calculator_div.negative_dividend_truncation      [36mNOT RUN     [39m Test was built only
2026-07-08 20:48:15,121 - twister - INFO -                                    example.unit.calculator.hw.calculator_div.null_pointer                      [36mNOT RUN     [39m Test was built only
2026-07-08 20:48:15,122 - twister - INFO -                                    example.unit.calculator.hw.calculator_div.divide_by_zero                    [36mNOT RUN     [39m Test was built only
2026-07-08 20:48:15,123 - twister - INFO -                                    example.unit.calculator.hw.calculator_div.integer_truncation                [36mNOT RUN     [39m Test was built only
2026-07-08 20:48:15,123 - twister - INFO -                                    example.unit.calculator.hw.calculator_div.exact_division                    [36mNOT RUN     [39m Test was built only
2026-07-08 20:48:15,124 - twister - INFO -                                    example.unit.calculator.hw.calculator_mul.null_pointer                      [36mNOT RUN     [39m Test was built only
2026-07-08 20:48:15,126 - twister - INFO -                                    example.unit.calculator.hw.calculator_mul.by_zero                           [36mNOT RUN     [39m Test was built only
2026-07-08 20:48:15,127 - twister - INFO -                                    example.unit.calculator.hw.calculator_mul.negative_numbers                  [36mNOT RUN     [39m Test was built only
2026-07-08 20:48:15,127 - twister - INFO -                                    example.unit.calculator.hw.calculator_mul.positive_numbers                  [36mNOT RUN     [39m Test was built only
2026-07-08 20:48:15,128 - twister - DEBUG - Test instance nrf5340dk/nrf5340/cpuapp/zephyr/gnu/example.unit.calculator.ordered already has 24 testcase(s) known: [<TestCase example.unit.calculator.ordered.calculator_div.divide_by_zero with not run>, <TestCase example.unit.calculator.ordered.calculator_add.mixed_signs with not run>, <TestCase example.unit.calculator.ordered.calculator_last_result.overwrite_on_second_op with not run>, <TestCase example.unit.calculator.ordered.calculator_last_result.no_result_before_first_op with not run>, <TestCase example.unit.calculator.ordered.calculator_mul.positive_numbers with not run>, <TestCase example.unit.calculator.ordered.calculator_div.exact_division with not run>, <TestCase example.unit.calculator.ordered.calculator_sub.negative_result with not run>, <TestCase example.unit.calculator.ordered.calculator_mul.null_pointer with not run>, <TestCase example.unit.calculator.ordered.calculator_add.negative_numbers with not run>, <TestCase example.unit.calculator.ordered.calculator_div.integer_truncation with not run>, <TestCase example.unit.calculator.ordered.calculator_sub.null_pointer with not run>, <TestCase example.unit.calculator.ordered.calculator_last_result.failed_op_does_not_update with not run>, <TestCase example.unit.calculator.ordered.calculator_mul.negative_numbers with not run>, <TestCase example.unit.calculator.ordered.calculator_sub.positive_result with not run>, <TestCase example.unit.calculator.ordered.calculator_edge_cases.chained_operations with not run>, <TestCase example.unit.calculator.ordered.calculator_div.null_pointer with not run>, <TestCase example.unit.calculator.ordered.calculator_last_result.reset_clears_cache with not run>, <TestCase example.unit.calculator.ordered.calculator_mul.by_zero with not run>, <TestCase example.unit.calculator.ordered.calculator_last_result.add_updates_cache with not run>, <TestCase example.unit.calculator.ordered.calculator_div.negative_dividend_truncation with not run>, <TestCase example.unit.calculator.ordered.calculator_add.null_pointer with not run>, <TestCase example.unit.calculator.ordered.calculator_add.positive_numbers with not run>, <TestCase example.unit.calculator.ordered.calculator_last_result.null_pointer with not run>, <TestCase example.unit.calculator.ordered.calculator_add.zero with not run>]
2026-07-08 20:48:15,128 - twister - INFO -                                    example.unit.calculator.hw.calculator_sub.null_pointer                      [36mNOT RUN     [39m Test was built only
2026-07-08 20:48:15,128 - twister - DEBUG - Detected 24 Ztest case(s): [example.unit.calculator.ordered.calculator_edge_cases.chained_operations, example.unit.calculator.ordered.calculator_div.negative_dividend_truncation, example.unit.calculator.ordered.calculator_div.null_pointer, example.unit.calculator.ordered.calculator_div.divide_by_zero, example.unit.calculator.ordered.calculator_div.integer_truncation, example.unit.calculator.ordered.calculator_div.exact_division, example.unit.calculator.ordered.calculator_mul.null_pointer, example.unit.calculator.ordered.calculator_mul.by_zero, example.unit.calculator.ordered.calculator_mul.negative_numbers, example.unit.calculator.ordered.calculator_mul.positive_numbers, example.unit.calculator.ordered.calculator_sub.null_pointer, example.unit.calculator.ordered.calculator_sub.negative_result, example.unit.calculator.ordered.calculator_sub.positive_result, example.unit.calculator.ordered.calculator_add.null_pointer, example.unit.calculator.ordered.calculator_add.zero, example.unit.calculator.ordered.calculator_add.mixed_signs, example.unit.calculator.ordered.calculator_add.negative_numbers, example.unit.calculator.ordered.calculator_add.positive_numbers, example.unit.calculator.ordered.calculator_last_result.reset_clears_cache, example.unit.calculator.ordered.calculator_last_result.failed_op_does_not_update, example.unit.calculator.ordered.calculator_last_result.overwrite_on_second_op, example.unit.calculator.ordered.calculator_last_result.add_updates_cache, example.unit.calculator.ordered.calculator_last_result.null_pointer, example.unit.calculator.ordered.calculator_last_result.no_result_before_first_op] in /Users/bytelight/zephyr-course/twister-out/nrf5340dk_nrf5340_cpuapp/zephyr_gnu/tests/calculator/example.unit.calculator.ordered/zephyr/zephyr.elf
2026-07-08 20:48:15,129 - twister - INFO -                                    example.unit.calculator.hw.calculator_sub.negative_result                   [36mNOT RUN     [39m Test was built only
2026-07-08 20:48:15,129 - twister - INFO -                                    example.unit.calculator.hw.calculator_sub.positive_result                   [36mNOT RUN     [39m Test was built only
2026-07-08 20:48:15,130 - twister - INFO -                                    example.unit.calculator.hw.calculator_add.null_pointer                      [36mNOT RUN     [39m Test was built only
2026-07-08 20:48:15,130 - twister - DEBUG - Test instance nrf5340dk/nrf5340/cpuapp/zephyr/gnu/example.unit.calculator already has 24 testcase(s) known: [<TestCase example.unit.calculator.calculator_div.divide_by_zero with not run>, <TestCase example.unit.calculator.calculator_add.mixed_signs with not run>, <TestCase example.unit.calculator.calculator_last_result.overwrite_on_second_op with not run>, <TestCase example.unit.calculator.calculator_last_result.no_result_before_first_op with not run>, <TestCase example.unit.calculator.calculator_mul.positive_numbers with not run>, <TestCase example.unit.calculator.calculator_div.exact_division with not run>, <TestCase example.unit.calculator.calculator_sub.negative_result with not run>, <TestCase example.unit.calculator.calculator_mul.null_pointer with not run>, <TestCase example.unit.calculator.calculator_add.negative_numbers with not run>, <TestCase example.unit.calculator.calculator_div.integer_truncation with not run>, <TestCase example.unit.calculator.calculator_sub.null_pointer with not run>, <TestCase example.unit.calculator.calculator_last_result.failed_op_does_not_update with not run>, <TestCase example.unit.calculator.calculator_mul.negative_numbers with not run>, <TestCase example.unit.calculator.calculator_sub.positive_result with not run>, <TestCase example.unit.calculator.calculator_edge_cases.chained_operations with not run>, <TestCase example.unit.calculator.calculator_div.null_pointer with not run>, <TestCase example.unit.calculator.calculator_last_result.reset_clears_cache with not run>, <TestCase example.unit.calculator.calculator_mul.by_zero with not run>, <TestCase example.unit.calculator.calculator_last_result.add_updates_cache with not run>, <TestCase example.unit.calculator.calculator_div.negative_dividend_truncation with not run>, <TestCase example.unit.calculator.calculator_add.null_pointer with not run>, <TestCase example.unit.calculator.calculator_add.positive_numbers with not run>, <TestCase example.unit.calculator.calculator_last_result.null_pointer with not run>, <TestCase example.unit.calculator.calculator_add.zero with not run>]
2026-07-08 20:48:15,130 - twister - INFO -                                    example.unit.calculator.hw.calculator_add.zero                              [36mNOT RUN     [39m Test was built only
2026-07-08 20:48:15,131 - twister - DEBUG - Detected 24 Ztest case(s): [example.unit.calculator.calculator_edge_cases.chained_operations, example.unit.calculator.calculator_div.negative_dividend_truncation, example.unit.calculator.calculator_div.null_pointer, example.unit.calculator.calculator_div.divide_by_zero, example.unit.calculator.calculator_div.integer_truncation, example.unit.calculator.calculator_div.exact_division, example.unit.calculator.calculator_mul.null_pointer, example.unit.calculator.calculator_mul.by_zero, example.unit.calculator.calculator_mul.negative_numbers, example.unit.calculator.calculator_mul.positive_numbers, example.unit.calculator.calculator_sub.null_pointer, example.unit.calculator.calculator_sub.negative_result, example.unit.calculator.calculator_sub.positive_result, example.unit.calculator.calculator_add.null_pointer, example.unit.calculator.calculator_add.zero, example.unit.calculator.calculator_add.mixed_signs, example.unit.calculator.calculator_add.negative_numbers, example.unit.calculator.calculator_add.positive_numbers, example.unit.calculator.calculator_last_result.reset_clears_cache, example.unit.calculator.calculator_last_result.failed_op_does_not_update, example.unit.calculator.calculator_last_result.overwrite_on_second_op, example.unit.calculator.calculator_last_result.add_updates_cache, example.unit.calculator.calculator_last_result.null_pointer, example.unit.calculator.calculator_last_result.no_result_before_first_op] in /Users/bytelight/zephyr-course/twister-out/nrf5340dk_nrf5340_cpuapp/zephyr_gnu/tests/calculator/example.unit.calculator/zephyr/zephyr.elf
2026-07-08 20:48:15,131 - twister - INFO -                                    example.unit.calculator.hw.calculator_add.mixed_signs                       [36mNOT RUN     [39m Test was built only
2026-07-08 20:48:15,131 - twister - DEBUG - Instance nrf5340dk/nrf5340/cpuapp/zephyr/gnu/example.unit.calculator.ordered can't run (run:False, handler.ready:False)
2026-07-08 20:48:15,131 - twister - INFO -                                    example.unit.calculator.hw.calculator_add.negative_numbers                  [36mNOT RUN     [39m Test was built only
2026-07-08 20:48:15,132 - twister - INFO -                                    example.unit.calculator.hw.calculator_add.positive_numbers                  [36mNOT RUN     [39m Test was built only
2026-07-08 20:48:15,132 - twister - INFO -                                    example.unit.calculator.hw.calculator_last_result.reset_clears_cache        [36mNOT RUN     [39m Test was built only
2026-07-08 20:48:15,133 - twister - INFO -                                    example.unit.calculator.hw.calculator_last_result.failed_op_does_not_update [36mNOT RUN     [39m Test was built only
2026-07-08 20:48:15,133 - twister - INFO -                                    example.unit.calculator.hw.calculator_last_result.overwrite_on_second_op    [36mNOT RUN     [39m Test was built only
2026-07-08 20:48:15,133 - twister - DEBUG - Instance nrf5340dk/nrf5340/cpuapp/zephyr/gnu/example.unit.calculator can't run (run:False, handler.ready:False)
2026-07-08 20:48:15,134 - twister - INFO -                                    example.unit.calculator.hw.calculator_last_result.add_updates_cache         [36mNOT RUN     [39m Test was built only
2026-07-08 20:48:15,144 - twister - INFO -                                    example.unit.calculator.hw.calculator_last_result.null_pointer              [36mNOT RUN     [39m Test was built only
2026-07-08 20:48:15,167 - twister - INFO -                                    example.unit.calculator.hw.calculator_last_result.no_result_before_first_op [36mNOT RUN     [39m Test was built only
2026-07-08 20:48:15,169 - twister - INFO - 2/3 nrf5340dk/nrf5340/cpuapp  example.unit.calculator.ordered                    [36mNOT RUN[39m (build <zephyr/gnu>)
2026-07-08 20:48:15,182 - twister - INFO -                                    example.unit.calculator.ordered.calculator_edge_cases.chained_operations    [36mNOT RUN     [39m Test was built only
2026-07-08 20:48:15,183 - twister - INFO -                                    example.unit.calculator.ordered.calculator_div.negative_dividend_truncation [36mNOT RUN     [39m Test was built only
2026-07-08 20:48:15,184 - twister - INFO -                                    example.unit.calculator.ordered.calculator_div.null_pointer                 [36mNOT RUN     [39m Test was built only
2026-07-08 20:48:15,185 - twister - INFO -                                    example.unit.calculator.ordered.calculator_div.divide_by_zero               [36mNOT RUN     [39m Test was built only
2026-07-08 20:48:15,185 - twister - INFO -                                    example.unit.calculator.ordered.calculator_div.integer_truncation           [36mNOT RUN     [39m Test was built only
2026-07-08 20:48:15,186 - twister - INFO -                                    example.unit.calculator.ordered.calculator_div.exact_division               [36mNOT RUN     [39m Test was built only
2026-07-08 20:48:15,187 - twister - INFO -                                    example.unit.calculator.ordered.calculator_mul.null_pointer                 [36mNOT RUN     [39m Test was built only
2026-07-08 20:48:15,188 - twister - INFO -                                    example.unit.calculator.ordered.calculator_mul.by_zero                      [36mNOT RUN     [39m Test was built only
2026-07-08 20:48:15,188 - twister - INFO -                                    example.unit.calculator.ordered.calculator_mul.negative_numbers             [36mNOT RUN     [39m Test was built only
2026-07-08 20:48:15,189 - twister - INFO -                                    example.unit.calculator.ordered.calculator_mul.positive_numbers             [36mNOT RUN     [39m Test was built only
2026-07-08 20:48:15,189 - twister - INFO -                                    example.unit.calculator.ordered.calculator_sub.null_pointer                 [36mNOT RUN     [39m Test was built only
2026-07-08 20:48:15,190 - twister - INFO -                                    example.unit.calculator.ordered.calculator_sub.negative_result              [36mNOT RUN     [39m Test was built only
2026-07-08 20:48:15,191 - twister - INFO -                                    example.unit.calculator.ordered.calculator_sub.positive_result              [36mNOT RUN     [39m Test was built only
2026-07-08 20:48:15,191 - twister - INFO -                                    example.unit.calculator.ordered.calculator_add.null_pointer                 [36mNOT RUN     [39m Test was built only
2026-07-08 20:48:15,192 - twister - INFO -                                    example.unit.calculator.ordered.calculator_add.zero                         [36mNOT RUN     [39m Test was built only
2026-07-08 20:48:15,192 - twister - INFO -                                    example.unit.calculator.ordered.calculator_add.mixed_signs                  [36mNOT RUN     [39m Test was built only
2026-07-08 20:48:15,193 - twister - INFO -                                    example.unit.calculator.ordered.calculator_add.negative_numbers             [36mNOT RUN     [39m Test was built only
2026-07-08 20:48:15,194 - twister - INFO -                                    example.unit.calculator.ordered.calculator_add.positive_numbers             [36mNOT RUN     [39m Test was built only
2026-07-08 20:48:15,194 - twister - INFO -                                    example.unit.calculator.ordered.calculator_last_result.reset_clears_cache   [36mNOT RUN     [39m Test was built only
2026-07-08 20:48:15,195 - twister - INFO -                                    example.unit.calculator.ordered.calculator_last_result.failed_op_does_not_update [36mNOT RUN     [39m Test was built only
2026-07-08 20:48:15,195 - twister - INFO -                                    example.unit.calculator.ordered.calculator_last_result.overwrite_on_second_op [36mNOT RUN     [39m Test was built only
2026-07-08 20:48:15,196 - twister - INFO -                                    example.unit.calculator.ordered.calculator_last_result.add_updates_cache    [36mNOT RUN     [39m Test was built only
2026-07-08 20:48:15,196 - twister - INFO -                                    example.unit.calculator.ordered.calculator_last_result.null_pointer         [36mNOT RUN     [39m Test was built only
2026-07-08 20:48:15,197 - twister - INFO -                                    example.unit.calculator.ordered.calculator_last_result.no_result_before_first_op [36mNOT RUN     [39m Test was built only
2026-07-08 20:48:15,199 - twister - INFO - 3/3 nrf5340dk/nrf5340/cpuapp  example.unit.calculator                            [36mNOT RUN[39m (build <zephyr/gnu>)
2026-07-08 20:48:15,200 - twister - INFO -                                    example.unit.calculator.calculator_edge_cases.chained_operations            [36mNOT RUN     [39m Test was built only
2026-07-08 20:48:15,200 - twister - INFO -                                    example.unit.calculator.calculator_div.negative_dividend_truncation         [36mNOT RUN     [39m Test was built only
2026-07-08 20:48:15,201 - twister - INFO -                                    example.unit.calculator.calculator_div.null_pointer                         [36mNOT RUN     [39m Test was built only
2026-07-08 20:48:15,201 - twister - INFO -                                    example.unit.calculator.calculator_div.divide_by_zero                       [36mNOT RUN     [39m Test was built only
2026-07-08 20:48:15,202 - twister - INFO -                                    example.unit.calculator.calculator_div.integer_truncation                   [36mNOT RUN     [39m Test was built only
2026-07-08 20:48:15,203 - twister - INFO -                                    example.unit.calculator.calculator_div.exact_division                       [36mNOT RUN     [39m Test was built only
2026-07-08 20:48:15,203 - twister - INFO -                                    example.unit.calculator.calculator_mul.null_pointer                         [36mNOT RUN     [39m Test was built only
2026-07-08 20:48:15,204 - twister - INFO -                                    example.unit.calculator.calculator_mul.by_zero                              [36mNOT RUN     [39m Test was built only
2026-07-08 20:48:15,204 - twister - INFO -                                    example.unit.calculator.calculator_mul.negative_numbers                     [36mNOT RUN     [39m Test was built only
2026-07-08 20:48:15,205 - twister - INFO -                                    example.unit.calculator.calculator_mul.positive_numbers                     [36mNOT RUN     [39m Test was built only
2026-07-08 20:48:15,206 - twister - INFO -                                    example.unit.calculator.calculator_sub.null_pointer                         [36mNOT RUN     [39m Test was built only
2026-07-08 20:48:15,207 - twister - INFO -                                    example.unit.calculator.calculator_sub.negative_result                      [36mNOT RUN     [39m Test was built only
2026-07-08 20:48:15,207 - twister - INFO -                                    example.unit.calculator.calculator_sub.positive_result                      [36mNOT RUN     [39m Test was built only
2026-07-08 20:48:15,208 - twister - INFO -                                    example.unit.calculator.calculator_add.null_pointer                         [36mNOT RUN     [39m Test was built only
2026-07-08 20:48:15,208 - twister - INFO -                                    example.unit.calculator.calculator_add.zero                                 [36mNOT RUN     [39m Test was built only
2026-07-08 20:48:15,209 - twister - INFO -                                    example.unit.calculator.calculator_add.mixed_signs                          [36mNOT RUN     [39m Test was built only
2026-07-08 20:48:15,210 - twister - INFO -                                    example.unit.calculator.calculator_add.negative_numbers                     [36mNOT RUN     [39m Test was built only
2026-07-08 20:48:15,210 - twister - INFO -                                    example.unit.calculator.calculator_add.positive_numbers                     [36mNOT RUN     [39m Test was built only
2026-07-08 20:48:15,211 - twister - INFO -                                    example.unit.calculator.calculator_last_result.reset_clears_cache           [36mNOT RUN     [39m Test was built only
2026-07-08 20:48:15,212 - twister - INFO -                                    example.unit.calculator.calculator_last_result.failed_op_does_not_update    [36mNOT RUN     [39m Test was built only
2026-07-08 20:48:15,213 - twister - INFO -                                    example.unit.calculator.calculator_last_result.overwrite_on_second_op       [36mNOT RUN     [39m Test was built only
2026-07-08 20:48:15,213 - twister - INFO -                                    example.unit.calculator.calculator_last_result.add_updates_cache            [36mNOT RUN     [39m Test was built only
2026-07-08 20:48:15,214 - twister - INFO -                                    example.unit.calculator.calculator_last_result.null_pointer                 [36mNOT RUN     [39m Test was built only
2026-07-08 20:48:15,215 - twister - INFO -                                    example.unit.calculator.calculator_last_result.no_result_before_first_op    [36mNOT RUN     [39m Test was built only
2026-07-08 20:48:15,224 - twister - INFO - 3 test scenarios (3 configurations) selected, 0 configurations filtered (0 by static filter, 0 at runtime).
2026-07-08 20:48:15,228 - twister - INFO - [32m0 of 3[39m executed test configurations passed (0.00%), [36m3[39m built (not run), 0 failed, 0 errored, with no warnings in 77.90 seconds.
2026-07-08 20:48:15,228 - twister - INFO - 0 of 0 executed test cases passed (0.00%) on 0 out of total 1518 platforms (0.00%).
2026-07-08 20:48:15,228 - twister - INFO - 72 selected test cases not executed: 72 not run (built only).
2026-07-08 20:48:15,228 - twister - INFO - [32m0[39m test configurations executed on platforms, [36m3[39m test configurations were only built.
2026-07-08 20:48:15,228 - twister - INFO - Saving reports...
2026-07-08 20:48:15,228 - twister - INFO - Writing JSON report /Users/bytelight/zephyr-course/twister-out/twister.json
2026-07-08 20:48:15,229 - twister - INFO - Writing xunit report /Users/bytelight/zephyr-course/twister-out/twister.xml...
2026-07-08 20:48:15,235 - twister - INFO - Writing xunit report /Users/bytelight/zephyr-course/twister-out/twister_report.xml...
2026-07-08 20:48:15,240 - twister - INFO - Run completed
