2026-07-08 20:33:38,460 - twister - INFO - Using Ninja..
2026-07-08 20:33:38,794 - twister - INFO - Zephyr version: v4.4.0-2553-g12782f1c9d77
2026-07-08 20:33:38,812 - twister - DEBUG - Running cmake script /Users/bytelight/zephyr-course/zephyr/cmake/verify-toolchain.cmake
2026-07-08 20:33:38,813 - twister - DEBUG - Calling cmake: /opt/homebrew/bin/cmake -DFORMAT=json -P /Users/bytelight/zephyr-course/zephyr/cmake/verify-toolchain.cmake
2026-07-08 20:33:39,612 - twister - DEBUG - Finished running /Users/bytelight/zephyr-course/zephyr/cmake/verify-toolchain.cmake
2026-07-08 20:33:39,612 - twister - INFO - Using 'zephyr/gnu' toolchain variant.
2026-07-08 20:33:41,891 - twister - DEBUG - Reading testsuite configuration files under /Users/bytelight/zephyr-course/tests/calculator...
2026-07-08 20:33:41,891 - twister - DEBUG - Found possible testsuite in /Users/bytelight/zephyr-course/tests/calculator
2026-07-08 20:33:41,908 - twister - DEBUG - No duplicates found.
2026-07-08 20:33:41,908 - twister - DEBUG -  platform filter: ['native_sim']
2026-07-08 20:33:41,908 - twister - DEBUG - platform_pattern: []
2026-07-08 20:33:41,908 - twister - DEBUG -    vendor filter: []
2026-07-08 20:33:41,908 - twister - DEBUG -      arch_filter: None
2026-07-08 20:33:41,908 - twister - DEBUG -       tag_filter: None
2026-07-08 20:33:41,908 - twister - DEBUG -      exclude_tag: None
2026-07-08 20:33:41,908 - twister - DEBUG - Checking platform filter: ['native_sim']
2026-07-08 20:33:41,908 - twister - INFO - Building initial testsuite list...
2026-07-08 20:33:41,909 - twister - INFO - Built testsuite list in 0.00 seconds
2026-07-08 20:33:41,909 - twister - INFO - Writing JSON report /Users/bytelight/zephyr-course/twister-out/testplan.json
2026-07-08 20:33:41,933 - twister - INFO - Adding tasks to the queue...
2026-07-08 20:33:41,936 - twister - INFO - Added initial list of jobs to queue
2026-07-08 20:33:41,950 - twister - DEBUG - Launched 10 jobs
2026-07-08 20:33:41,956 - twister - INFO - 3 test scenarios (3 configurations) selected, 3 configurations filtered (3 by static filter, 0 at runtime).
2026-07-08 20:33:41,959 - twister - INFO - [32m0 of 0[39m executed test configurations passed (0.00%), 0 built (not run), 0 failed, 0 errored, with no warnings in 3.50 seconds.
2026-07-08 20:33:41,959 - twister - INFO - 0 of 0 executed test cases passed (0.00%) on 0 out of total 1518 platforms (0.00%).
2026-07-08 20:33:41,959 - twister - INFO - [32m0[39m test configurations executed on platforms, [36m0[39m test configurations were only built.
2026-07-08 20:33:41,959 - twister - INFO - Saving reports...
2026-07-08 20:33:41,959 - twister - INFO - Writing JSON report /Users/bytelight/zephyr-course/twister-out/twister.json
2026-07-08 20:33:41,960 - twister - INFO - Writing xunit report /Users/bytelight/zephyr-course/twister-out/twister.xml...
2026-07-08 20:33:41,963 - twister - INFO - Writing xunit report /Users/bytelight/zephyr-course/twister-out/twister_report.xml...
2026-07-08 20:33:41,964 - twister - INFO - Run completed
