2026-07-08 20:44:41,869 - twister - INFO - Using Ninja..
2026-07-08 20:44:42,160 - twister - INFO - Zephyr version: v4.4.0-2553-g12782f1c9d77
2026-07-08 20:44:42,188 - twister - DEBUG - Running cmake script /Users/bytelight/zephyr-course/zephyr/cmake/verify-toolchain.cmake
2026-07-08 20:44:42,189 - twister - DEBUG - Calling cmake: /opt/homebrew/bin/cmake -DFORMAT=json -P /Users/bytelight/zephyr-course/zephyr/cmake/verify-toolchain.cmake
2026-07-08 20:44:43,005 - twister - DEBUG - Finished running /Users/bytelight/zephyr-course/zephyr/cmake/verify-toolchain.cmake
2026-07-08 20:44:43,006 - twister - INFO - Using 'zephyr/gnu' toolchain variant.
2026-07-08 20:44:45,230 - twister - DEBUG - Reading testsuite configuration files under /Users/bytelight/zephyr-course/tests/calculator...
2026-07-08 20:44:45,230 - twister - DEBUG - Found possible testsuite in /Users/bytelight/zephyr-course/tests/calculator
2026-07-08 20:44:45,246 - twister - DEBUG - No duplicates found.
2026-07-08 20:44:45,247 - twister - DEBUG -  platform filter: []
2026-07-08 20:44:45,247 - twister - DEBUG - platform_pattern: []
2026-07-08 20:44:45,247 - twister - DEBUG -    vendor filter: []
2026-07-08 20:44:45,247 - twister - DEBUG -      arch_filter: None
2026-07-08 20:44:45,247 - twister - DEBUG -       tag_filter: None
2026-07-08 20:44:45,247 - twister - DEBUG -      exclude_tag: None
2026-07-08 20:44:45,247 - twister - INFO - Selecting default platforms per testsuite scenario
2026-07-08 20:44:45,251 - twister - INFO - Building initial testsuite list...
2026-07-08 20:44:45,254 - twister - INFO - Built testsuite list in 0.00 seconds
2026-07-08 20:44:45,254 - twister - INFO - Writing JSON report /Users/bytelight/zephyr-course/twister-out/testplan.json
2026-07-08 20:44:45,306 - twister - INFO - Adding tasks to the queue...
2026-07-08 20:44:45,307 - twister - DEBUG - adding nrf5340dk/nrf5340/cpuapp/zephyr/gnu/example.unit.calculator
2026-07-08 20:44:45,308 - twister - DEBUG - adding nrf5340dk/nrf5340/cpuapp/zephyr/gnu/example.unit.calculator.ordered
2026-07-08 20:44:45,309 - twister - DEBUG - adding nrf5340dk/nrf5340/cpuapp/zephyr/gnu/example.unit.calculator.hw
2026-07-08 20:44:45,309 - twister - INFO - Added initial list of jobs to queue
2026-07-08 20:44:45,319 - twister - DEBUG - Running cmake on /Users/bytelight/zephyr-course/tests/calculator for nrf5340dk/nrf5340/cpuapp
2026-07-08 20:44:45,325 - twister - DEBUG - Running cmake on /Users/bytelight/zephyr-course/tests/calculator for nrf5340dk/nrf5340/cpuapp
2026-07-08 20:44:45,322 - twister - DEBUG - Running cmake on /Users/bytelight/zephyr-course/tests/calculator for nrf5340dk/nrf5340/cpuapp
2026-07-08 20:44:45,328 - twister - DEBUG - Calling cmake: /opt/homebrew/bin/cmake -B/Users/bytelight/zephyr-course/twister-out/nrf5340dk_nrf5340_cpuapp/zephyr_gnu/tests/calculator/example.unit.calculator.hw -DTC_RUNID=609ae77280c30fe648bf9b6675298ff7 -DTC_NAME=example.unit.calculator.hw -DCONFIG_COMPILER_WARNINGS_AS_ERRORS=y -DEXTRA_GEN_EDT_ARGS=--edtlib-Werror -GNinja -DPython3_EXECUTABLE=/Users/bytelight/zephyrproject/.venv/bin/python3.14 -DZEPHYR_TOOLCHAIN_VARIANT=zephyr/gnu -S/Users/bytelight/zephyr-course/tests/calculator -DBOARD=nrf5340dk/nrf5340/cpuapp
2026-07-08 20:44:45,331 - twister - DEBUG - Calling cmake: /opt/homebrew/bin/cmake -B/Users/bytelight/zephyr-course/twister-out/nrf5340dk_nrf5340_cpuapp/zephyr_gnu/tests/calculator/example.unit.calculator.ordered -DTC_RUNID=319ba7a308c69014c71162b901de95f0 -DTC_NAME=example.unit.calculator.ordered -DCONFIG_COMPILER_WARNINGS_AS_ERRORS=y -DEXTRA_GEN_EDT_ARGS=--edtlib-Werror -GNinja -DPython3_EXECUTABLE=/Users/bytelight/zephyrproject/.venv/bin/python3.14 -DZEPHYR_TOOLCHAIN_VARIANT=zephyr/gnu -S/Users/bytelight/zephyr-course/tests/calculator -DCONFIG_ZTEST_SHUFFLE=n -DBOARD=nrf5340dk/nrf5340/cpuapp
2026-07-08 20:44:45,331 - twister - DEBUG - Calling cmake: /opt/homebrew/bin/cmake -B/Users/bytelight/zephyr-course/twister-out/nrf5340dk_nrf5340_cpuapp/zephyr_gnu/tests/calculator/example.unit.calculator -DTC_RUNID=df765dd6a4e8017279dba4d5ba295ead -DTC_NAME=example.unit.calculator -DCONFIG_COMPILER_WARNINGS_AS_ERRORS=y -DEXTRA_GEN_EDT_ARGS=--edtlib-Werror -GNinja -DPython3_EXECUTABLE=/Users/bytelight/zephyrproject/.venv/bin/python3.14 -DZEPHYR_TOOLCHAIN_VARIANT=zephyr/gnu -S/Users/bytelight/zephyr-course/tests/calculator -DBOARD=nrf5340dk/nrf5340/cpuapp
2026-07-08 20:44:45,338 - twister - DEBUG - Launched 10 jobs
2026-07-08 20:45:19,489 - twister - DEBUG - Finished running cmake /Users/bytelight/zephyr-course/tests/calculator for nrf5340dk/nrf5340/cpuapp in 34.14 seconds
2026-07-08 20:45:19,489 - twister - DEBUG - Finished running cmake /Users/bytelight/zephyr-course/tests/calculator for nrf5340dk/nrf5340/cpuapp in 34.13 seconds
2026-07-08 20:45:19,489 - twister - DEBUG - Finished running cmake /Users/bytelight/zephyr-course/tests/calculator for nrf5340dk/nrf5340/cpuapp in 34.14 seconds
2026-07-08 20:45:19,494 - twister - DEBUG - build test: nrf5340dk/nrf5340/cpuapp/zephyr/gnu/example.unit.calculator.ordered
2026-07-08 20:45:19,494 - twister - DEBUG - build test: nrf5340dk/nrf5340/cpuapp/zephyr/gnu/example.unit.calculator
2026-07-08 20:45:19,494 - twister - DEBUG - build test: nrf5340dk/nrf5340/cpuapp/zephyr/gnu/example.unit.calculator.hw
2026-07-08 20:45:19,496 - twister - DEBUG - Building /Users/bytelight/zephyr-course/tests/calculator for nrf5340dk/nrf5340/cpuapp
2026-07-08 20:45:19,496 - twister - DEBUG - Building /Users/bytelight/zephyr-course/tests/calculator for nrf5340dk/nrf5340/cpuapp
2026-07-08 20:45:19,496 - twister - DEBUG - Building /Users/bytelight/zephyr-course/tests/calculator for nrf5340dk/nrf5340/cpuapp
2026-07-08 20:45:19,499 - twister - DEBUG - Running /opt/homebrew/bin/cmake --build /Users/bytelight/zephyr-course/twister-out/nrf5340dk_nrf5340_cpuapp/zephyr_gnu/tests/calculator/example.unit.calculator.hw
2026-07-08 20:45:19,499 - twister - DEBUG - Running /opt/homebrew/bin/cmake --build /Users/bytelight/zephyr-course/twister-out/nrf5340dk_nrf5340_cpuapp/zephyr_gnu/tests/calculator/example.unit.calculator
2026-07-08 20:45:19,499 - twister - DEBUG - Running /opt/homebrew/bin/cmake --build /Users/bytelight/zephyr-course/twister-out/nrf5340dk_nrf5340_cpuapp/zephyr_gnu/tests/calculator/example.unit.calculator.ordered
2026-07-08 20:46:24,932 - twister - DEBUG - Finished building /Users/bytelight/zephyr-course/tests/calculator for nrf5340dk/nrf5340/cpuapp in 65.44 seconds
2026-07-08 20:46:24,936 - twister - DEBUG - Determine test cases for test instance: nrf5340dk/nrf5340/cpuapp/zephyr/gnu/example.unit.calculator.ordered
2026-07-08 20:46:24,937 - twister - DEBUG - Determine test cases for test suite: example.unit.calculator.ordered
2026-07-08 20:46:24,952 - twister - DEBUG - Finished building /Users/bytelight/zephyr-course/tests/calculator for nrf5340dk/nrf5340/cpuapp in 65.46 seconds
2026-07-08 20:46:24,952 - twister - DEBUG - Finished building /Users/bytelight/zephyr-course/tests/calculator for nrf5340dk/nrf5340/cpuapp in 65.46 seconds
2026-07-08 20:46:24,953 - twister - DEBUG - Determine test cases for test instance: nrf5340dk/nrf5340/cpuapp/zephyr/gnu/example.unit.calculator
2026-07-08 20:46:24,953 - twister - DEBUG - Determine test cases for test instance: nrf5340dk/nrf5340/cpuapp/zephyr/gnu/example.unit.calculator.hw
2026-07-08 20:46:24,955 - twister - DEBUG - Determine test cases for test suite: example.unit.calculator
2026-07-08 20:46:24,955 - twister - DEBUG - Determine test cases for test suite: example.unit.calculator.hw
2026-07-08 20:46:24,975 - twister - DEBUG - Test instance nrf5340dk/nrf5340/cpuapp/zephyr/gnu/example.unit.calculator.ordered already has 24 testcase(s) known: [<TestCase example.unit.calculator.ordered.calculator_last_result.reset_clears_cache with not run>, <TestCase example.unit.calculator.ordered.calculator_add.positive_numbers with not run>, <TestCase example.unit.calculator.ordered.calculator_sub.null_pointer with not run>, <TestCase example.unit.calculator.ordered.calculator_last_result.null_pointer with not run>, <TestCase example.unit.calculator.ordered.calculator_add.null_pointer with not run>, <TestCase example.unit.calculator.ordered.calculator_sub.positive_result with not run>, <TestCase example.unit.calculator.ordered.calculator_mul.null_pointer with not run>, <TestCase example.unit.calculator.ordered.calculator_add.negative_numbers with not run>, <TestCase example.unit.calculator.ordered.calculator_mul.by_zero with not run>, <TestCase example.unit.calculator.ordered.calculator_sub.negative_result with not run>, <TestCase example.unit.calculator.ordered.calculator_mul.positive_numbers with not run>, <TestCase example.unit.calculator.ordered.calculator_last_result.add_updates_cache with not run>, <TestCase example.unit.calculator.ordered.calculator_div.integer_truncation with not run>, <TestCase example.unit.calculator.ordered.calculator_last_result.overwrite_on_second_op with not run>, <TestCase example.unit.calculator.ordered.calculator_last_result.no_result_before_first_op with not run>, <TestCase example.unit.calculator.ordered.calculator_div.divide_by_zero with not run>, <TestCase example.unit.calculator.ordered.calculator_mul.negative_numbers with not run>, <TestCase example.unit.calculator.ordered.calculator_div.exact_division with not run>, <TestCase example.unit.calculator.ordered.calculator_add.mixed_signs with not run>, <TestCase example.unit.calculator.ordered.calculator_add.zero with not run>, <TestCase example.unit.calculator.ordered.calculator_last_result.failed_op_does_not_update with not run>, <TestCase example.unit.calculator.ordered.calculator_div.negative_dividend_truncation with not run>, <TestCase example.unit.calculator.ordered.calculator_edge_cases.chained_operations with not run>, <TestCase example.unit.calculator.ordered.calculator_div.null_pointer with not run>]
2026-07-08 20:46:24,976 - twister - DEBUG - Detected 24 Ztest case(s): [example.unit.calculator.ordered.calculator_edge_cases.chained_operations, example.unit.calculator.ordered.calculator_div.negative_dividend_truncation, example.unit.calculator.ordered.calculator_div.null_pointer, example.unit.calculator.ordered.calculator_div.divide_by_zero, example.unit.calculator.ordered.calculator_div.integer_truncation, example.unit.calculator.ordered.calculator_div.exact_division, example.unit.calculator.ordered.calculator_mul.null_pointer, example.unit.calculator.ordered.calculator_mul.by_zero, example.unit.calculator.ordered.calculator_mul.negative_numbers, example.unit.calculator.ordered.calculator_mul.positive_numbers, example.unit.calculator.ordered.calculator_sub.null_pointer, example.unit.calculator.ordered.calculator_sub.negative_result, example.unit.calculator.ordered.calculator_sub.positive_result, example.unit.calculator.ordered.calculator_add.null_pointer, example.unit.calculator.ordered.calculator_add.zero, example.unit.calculator.ordered.calculator_add.mixed_signs, example.unit.calculator.ordered.calculator_add.negative_numbers, example.unit.calculator.ordered.calculator_add.positive_numbers, example.unit.calculator.ordered.calculator_last_result.reset_clears_cache, example.unit.calculator.ordered.calculator_last_result.failed_op_does_not_update, example.unit.calculator.ordered.calculator_last_result.overwrite_on_second_op, example.unit.calculator.ordered.calculator_last_result.add_updates_cache, example.unit.calculator.ordered.calculator_last_result.null_pointer, example.unit.calculator.ordered.calculator_last_result.no_result_before_first_op] in /Users/bytelight/zephyr-course/twister-out/nrf5340dk_nrf5340_cpuapp/zephyr_gnu/tests/calculator/example.unit.calculator.ordered/zephyr/zephyr.elf
2026-07-08 20:46:24,979 - twister - DEBUG - Instance nrf5340dk/nrf5340/cpuapp/zephyr/gnu/example.unit.calculator.ordered can't run (run:False, handler.ready:False)
2026-07-08 20:46:24,992 - twister - DEBUG - Test instance nrf5340dk/nrf5340/cpuapp/zephyr/gnu/example.unit.calculator already has 24 testcase(s) known: [<TestCase example.unit.calculator.calculator_last_result.reset_clears_cache with not run>, <TestCase example.unit.calculator.calculator_add.positive_numbers with not run>, <TestCase example.unit.calculator.calculator_sub.null_pointer with not run>, <TestCase example.unit.calculator.calculator_last_result.null_pointer with not run>, <TestCase example.unit.calculator.calculator_add.null_pointer with not run>, <TestCase example.unit.calculator.calculator_sub.positive_result with not run>, <TestCase example.unit.calculator.calculator_mul.null_pointer with not run>, <TestCase example.unit.calculator.calculator_add.negative_numbers with not run>, <TestCase example.unit.calculator.calculator_mul.by_zero with not run>, <TestCase example.unit.calculator.calculator_sub.negative_result with not run>, <TestCase example.unit.calculator.calculator_mul.positive_numbers with not run>, <TestCase example.unit.calculator.calculator_last_result.add_updates_cache with not run>, <TestCase example.unit.calculator.calculator_div.integer_truncation with not run>, <TestCase example.unit.calculator.calculator_last_result.overwrite_on_second_op with not run>, <TestCase example.unit.calculator.calculator_last_result.no_result_before_first_op with not run>, <TestCase example.unit.calculator.calculator_div.divide_by_zero with not run>, <TestCase example.unit.calculator.calculator_mul.negative_numbers with not run>, <TestCase example.unit.calculator.calculator_div.exact_division with not run>, <TestCase example.unit.calculator.calculator_add.mixed_signs with not run>, <TestCase example.unit.calculator.calculator_add.zero with not run>, <TestCase example.unit.calculator.calculator_last_result.failed_op_does_not_update with not run>, <TestCase example.unit.calculator.calculator_div.negative_dividend_truncation with not run>, <TestCase example.unit.calculator.calculator_edge_cases.chained_operations with not run>, <TestCase example.unit.calculator.calculator_div.null_pointer with not run>]
2026-07-08 20:46:24,992 - twister - DEBUG - Test instance nrf5340dk/nrf5340/cpuapp/zephyr/gnu/example.unit.calculator.hw already has 24 testcase(s) known: [<TestCase example.unit.calculator.hw.calculator_last_result.reset_clears_cache with not run>, <TestCase example.unit.calculator.hw.calculator_add.positive_numbers with not run>, <TestCase example.unit.calculator.hw.calculator_sub.null_pointer with not run>, <TestCase example.unit.calculator.hw.calculator_last_result.null_pointer with not run>, <TestCase example.unit.calculator.hw.calculator_add.null_pointer with not run>, <TestCase example.unit.calculator.hw.calculator_sub.positive_result with not run>, <TestCase example.unit.calculator.hw.calculator_mul.null_pointer with not run>, <TestCase example.unit.calculator.hw.calculator_add.negative_numbers with not run>, <TestCase example.unit.calculator.hw.calculator_mul.by_zero with not run>, <TestCase example.unit.calculator.hw.calculator_sub.negative_result with not run>, <TestCase example.unit.calculator.hw.calculator_mul.positive_numbers with not run>, <TestCase example.unit.calculator.hw.calculator_last_result.add_updates_cache with not run>, <TestCase example.unit.calculator.hw.calculator_div.integer_truncation with not run>, <TestCase example.unit.calculator.hw.calculator_last_result.overwrite_on_second_op with not run>, <TestCase example.unit.calculator.hw.calculator_last_result.no_result_before_first_op with not run>, <TestCase example.unit.calculator.hw.calculator_div.divide_by_zero with not run>, <TestCase example.unit.calculator.hw.calculator_mul.negative_numbers with not run>, <TestCase example.unit.calculator.hw.calculator_div.exact_division with not run>, <TestCase example.unit.calculator.hw.calculator_add.mixed_signs with not run>, <TestCase example.unit.calculator.hw.calculator_add.zero with not run>, <TestCase example.unit.calculator.hw.calculator_last_result.failed_op_does_not_update with not run>, <TestCase example.unit.calculator.hw.calculator_div.negative_dividend_truncation with not run>, <TestCase example.unit.calculator.hw.calculator_edge_cases.chained_operations with not run>, <TestCase example.unit.calculator.hw.calculator_div.null_pointer with not run>]
2026-07-08 20:46:24,993 - twister - DEBUG - Detected 24 Ztest case(s): [example.unit.calculator.calculator_edge_cases.chained_operations, example.unit.calculator.calculator_div.negative_dividend_truncation, example.unit.calculator.calculator_div.null_pointer, example.unit.calculator.calculator_div.divide_by_zero, example.unit.calculator.calculator_div.integer_truncation, example.unit.calculator.calculator_div.exact_division, example.unit.calculator.calculator_mul.null_pointer, example.unit.calculator.calculator_mul.by_zero, example.unit.calculator.calculator_mul.negative_numbers, example.unit.calculator.calculator_mul.positive_numbers, example.unit.calculator.calculator_sub.null_pointer, example.unit.calculator.calculator_sub.negative_result, example.unit.calculator.calculator_sub.positive_result, example.unit.calculator.calculator_add.null_pointer, example.unit.calculator.calculator_add.zero, example.unit.calculator.calculator_add.mixed_signs, example.unit.calculator.calculator_add.negative_numbers, example.unit.calculator.calculator_add.positive_numbers, example.unit.calculator.calculator_last_result.reset_clears_cache, example.unit.calculator.calculator_last_result.failed_op_does_not_update, example.unit.calculator.calculator_last_result.overwrite_on_second_op, example.unit.calculator.calculator_last_result.add_updates_cache, example.unit.calculator.calculator_last_result.null_pointer, example.unit.calculator.calculator_last_result.no_result_before_first_op] in /Users/bytelight/zephyr-course/twister-out/nrf5340dk_nrf5340_cpuapp/zephyr_gnu/tests/calculator/example.unit.calculator/zephyr/zephyr.elf
2026-07-08 20:46:24,993 - twister - DEBUG - Detected 24 Ztest case(s): [example.unit.calculator.hw.calculator_edge_cases.chained_operations, example.unit.calculator.hw.calculator_div.negative_dividend_truncation, example.unit.calculator.hw.calculator_div.null_pointer, example.unit.calculator.hw.calculator_div.divide_by_zero, example.unit.calculator.hw.calculator_div.integer_truncation, example.unit.calculator.hw.calculator_div.exact_division, example.unit.calculator.hw.calculator_mul.null_pointer, example.unit.calculator.hw.calculator_mul.by_zero, example.unit.calculator.hw.calculator_mul.negative_numbers, example.unit.calculator.hw.calculator_mul.positive_numbers, example.unit.calculator.hw.calculator_sub.null_pointer, example.unit.calculator.hw.calculator_sub.negative_result, example.unit.calculator.hw.calculator_sub.positive_result, example.unit.calculator.hw.calculator_add.null_pointer, example.unit.calculator.hw.calculator_add.zero, example.unit.calculator.hw.calculator_add.mixed_signs, example.unit.calculator.hw.calculator_add.negative_numbers, example.unit.calculator.hw.calculator_add.positive_numbers, example.unit.calculator.hw.calculator_last_result.reset_clears_cache, example.unit.calculator.hw.calculator_last_result.failed_op_does_not_update, example.unit.calculator.hw.calculator_last_result.overwrite_on_second_op, example.unit.calculator.hw.calculator_last_result.add_updates_cache, example.unit.calculator.hw.calculator_last_result.null_pointer, example.unit.calculator.hw.calculator_last_result.no_result_before_first_op] in /Users/bytelight/zephyr-course/twister-out/nrf5340dk_nrf5340_cpuapp/zephyr_gnu/tests/calculator/example.unit.calculator.hw/zephyr/zephyr.elf
2026-07-08 20:46:24,996 - twister - DEBUG - Instance nrf5340dk/nrf5340/cpuapp/zephyr/gnu/example.unit.calculator.hw can't run (run:False, handler.ready:False)
2026-07-08 20:46:24,996 - twister - DEBUG - Instance nrf5340dk/nrf5340/cpuapp/zephyr/gnu/example.unit.calculator can't run (run:False, handler.ready:False)
2026-07-08 20:46:25,008 - twister - INFO - 3 test scenarios (3 configurations) selected, 0 configurations filtered (0 by static filter, 0 at runtime).
2026-07-08 20:46:25,012 - twister - INFO - [32m0 of 3[39m executed test configurations passed (0.00%), [36m3[39m built (not run), 0 failed, 0 errored, with no warnings in 103.14 seconds.
2026-07-08 20:46:25,013 - twister - INFO - 0 of 0 executed test cases passed (0.00%) on 0 out of total 1518 platforms (0.00%).
2026-07-08 20:46:25,013 - twister - INFO - 72 selected test cases not executed: 72 not run (built only).
2026-07-08 20:46:25,013 - twister - INFO - [32m0[39m test configurations executed on platforms, [36m3[39m test configurations were only built.
2026-07-08 20:46:25,013 - twister - INFO - Saving reports...
2026-07-08 20:46:25,013 - twister - INFO - Writing JSON report /Users/bytelight/zephyr-course/twister-out/twister.json
2026-07-08 20:46:25,014 - twister - INFO - Writing xunit report /Users/bytelight/zephyr-course/twister-out/twister.xml...
2026-07-08 20:46:25,021 - twister - INFO - Writing xunit report /Users/bytelight/zephyr-course/twister-out/twister_report.xml...
2026-07-08 20:46:25,023 - twister - INFO - Run completed
