Archive member included to satisfy reference by file (symbol)

app/libapp.a(test_basic.c.obj)
                              (--whole-archive)
app/libapp.a(calculator.c.obj)
                              (--whole-archive)
zephyr/libzephyr.a(validate_libc.c.obj)
                              (--whole-archive)
zephyr/libzephyr.a(heap.c.obj)
                              (--whole-archive)
zephyr/libzephyr.a(boot_banner.c.obj)
                              (--whole-archive)
zephyr/libzephyr.a(cbprintf_packaged.c.obj)
                              (--whole-archive)
zephyr/libzephyr.a(clock.c.obj)
                              (--whole-archive)
zephyr/libzephyr.a(printk.c.obj)
                              (--whole-archive)
zephyr/libzephyr.a(cbprintf_complete.c.obj)
                              (--whole-archive)
zephyr/libzephyr.a(assert.c.obj)
                              (--whole-archive)
zephyr/libzephyr.a(dec.c.obj)
                              (--whole-archive)
zephyr/libzephyr.a(hex.c.obj)
                              (--whole-archive)
zephyr/libzephyr.a(rb.c.obj)  (--whole-archive)
zephyr/libzephyr.a(set.c.obj)
                              (--whole-archive)
zephyr/libzephyr.a(timeutil.c.obj)
                              (--whole-archive)
zephyr/libzephyr.a(bitarray.c.obj)
                              (--whole-archive)
zephyr/libzephyr.a(bitmask.c.obj)
                              (--whole-archive)
zephyr/libzephyr.a(getopt.c.obj)
                              (--whole-archive)
zephyr/libzephyr.a(getopt_common.c.obj)
                              (--whole-archive)
zephyr/libzephyr.a(onoff.c.obj)
                              (--whole-archive)
zephyr/libzephyr.a(notify.c.obj)
                              (--whole-archive)
zephyr/libzephyr.a(ring_buffer.c.obj)
                              (--whole-archive)
zephyr/libzephyr.a(last_section_id.c.obj)
                              (--whole-archive)
zephyr/libzephyr.a(configs.c.obj)
                              (--whole-archive)
zephyr/libzephyr.a(log_minimal.c.obj)
                              (--whole-archive)
zephyr/libzephyr.a(mem_attr.c.obj)
                              (--whole-archive)
zephyr/libzephyr.a(tracing_none.c.obj)
                              (--whole-archive)
zephyr/libzephyr.a(sem.c.obj)
                              (--whole-archive)
zephyr/libzephyr.a(thread_entry.c.obj)
                              (--whole-archive)
zephyr/arch/common/libarch__common.a(sw_isr_common.c.obj)
                              (--whole-archive)
zephyr/arch/common/libarch__common.a(init.c.obj)
                              (--whole-archive)
zephyr/arch/common/libarch__common.a(xip.c.obj)
                              (--whole-archive)
zephyr/arch/arch/arm/core/libarch__arm__core.a(fatal.c.obj)
                              (--whole-archive)
zephyr/arch/arch/arm/core/libarch__arm__core.a(nmi.c.obj)
                              (--whole-archive)
zephyr/arch/arch/arm/core/libarch__arm__core.a(nmi_on_reset.S.obj)
                              (--whole-archive)
zephyr/arch/arch/arm/core/libarch__arm__core.a(tls.c.obj)
                              (--whole-archive)
zephyr/arch/arch/arm/core/cortex_m/libarch__arm__core__cortex_m.a(fault.c.obj)
                              (--whole-archive)
zephyr/arch/arch/arm/core/cortex_m/libarch__arm__core__cortex_m.a(fault_s.S.obj)
                              (--whole-archive)
zephyr/arch/arch/arm/core/cortex_m/libarch__arm__core__cortex_m.a(fpu.c.obj)
                              (--whole-archive)
zephyr/arch/arch/arm/core/cortex_m/libarch__arm__core__cortex_m.a(reset.S.obj)
                              (--whole-archive)
zephyr/arch/arch/arm/core/cortex_m/libarch__arm__core__cortex_m.a(scb.c.obj)
                              (--whole-archive)
zephyr/arch/arch/arm/core/cortex_m/libarch__arm__core__cortex_m.a(vector_table.S.obj)
                              (--whole-archive)
zephyr/arch/arch/arm/core/cortex_m/libarch__arm__core__cortex_m.a(svc.S.obj)
                              (--whole-archive)
zephyr/arch/arch/arm/core/cortex_m/libarch__arm__core__cortex_m.a(irq_manage.c.obj)
                              (--whole-archive)
zephyr/arch/arch/arm/core/cortex_m/libarch__arm__core__cortex_m.a(prep_c.c.obj)
                              (--whole-archive)
zephyr/arch/arch/arm/core/cortex_m/libarch__arm__core__cortex_m.a(thread.c.obj)
                              (--whole-archive)
zephyr/arch/arch/arm/core/cortex_m/libarch__arm__core__cortex_m.a(cpu_idle.c.obj)
                              (--whole-archive)
zephyr/arch/arch/arm/core/cortex_m/libarch__arm__core__cortex_m.a(exc_exit.c.obj)
                              (--whole-archive)
zephyr/arch/arch/arm/core/cortex_m/libarch__arm__core__cortex_m.a(thread_abort.c.obj)
                              (--whole-archive)
zephyr/arch/arch/arm/core/cortex_m/libarch__arm__core__cortex_m.a(swap_helper.S.obj)
                              (--whole-archive)
[...]
Memory Configuration

Name             Origin             Length             Attributes
FLASH            0x00000000         0x00100000         xr
RAM              0x20000000         0x00070000         xw
IDT_LIST         0xffff7fff         0x00008000         xw
*default*        0x00000000         0xffffffff

Linker script and memory map

                0x00007040                        vfprintf = __l_vfprintf
                0x00000000                        vfscanf = __l_vfscanf
LOAD zephyr/CMakeFiles/zephyr_pre0.dir/misc/empty_file.c.obj
LOAD zephyr/CMakeFiles/offsets.dir/./arch/arm/core/offsets/offsets.c.obj
LOAD app/libapp.a
LOAD zephyr/libzephyr.a
LOAD zephyr/arch/common/libarch__common.a
LOAD zephyr/arch/arch/arm/core/libarch__arm__core.a
LOAD zephyr/arch/arch/arm/core/cortex_m/libarch__arm__core__cortex_m.a
LOAD zephyr/arch/arch/arm/core/cortex_m/cmse/libarch__arm__core__cortex_m__cmse.a
LOAD zephyr/arch/arch/arm/core/mpu/libarch__arm__core__mpu.a
LOAD zephyr/lib/libc/picolibc/liblib__libc__picolibc.a
LOAD zephyr/lib/libc/common/liblib__libc__common.a
LOAD zephyr/soc/soc/nrf5340/libsoc__nordic.a
LOAD zephyr/subsys/portability/posix/c_lib_ext/libsubsys__portability__posix__c_lib_ext.a
LOAD zephyr/subsys/random/libsubsys__random.a
LOAD zephyr/subsys/testsuite/ztest/libsubsys__testsuite__ztest.a
LOAD zephyr/drivers/clock_control/libdrivers__clock_control.a
LOAD zephyr/drivers/console/libdrivers__console.a
LOAD zephyr/drivers/gpio/libdrivers__gpio.a
LOAD zephyr/drivers/pinctrl/libdrivers__pinctrl.a
LOAD zephyr/drivers/serial/libdrivers__serial.a
LOAD zephyr/drivers/timer/libdrivers__timer.a
LOAD modules/hal_nordic/nrfx/libnrfx.a
LOAD zephyr/kernel/libkernel.a
LOAD zephyr/arch/common/libisr_tables.a
LOAD /Users/bytelight/zephyr-sdk-1.0.1/gnu/arm-zephyr-eabi/bin/../lib/gcc/arm-zephyr-eabi/14.3.0/../../../../arm-zephyr-eabi/lib/thumb/v8-m.main/nofp/space/libc.a
LOAD /Users/bytelight/zephyr-sdk-1.0.1/gnu/arm-zephyr-eabi/bin/../lib/gcc/arm-zephyr-eabi/14.3.0/thumb/v8-m.main/nofp/space/libgcc.a
                0x00000020                        _region_min_align = 0x20

.rel.plt        0x00000000        0x0
 *(SORT_BY_ALIGNMENT(.rel.plt))
                [!provide]                        PROVIDE (__rel_iplt_start = .)
 *(SORT_BY_ALIGNMENT(.rel.iplt))
 .rel.iplt      0x00000000        0x0 app/libapp.a(test_basic.c.obj)
                [!provide]                        PROVIDE (__rel_iplt_end = .)

.rela.plt       0x00000000        0x0
 *(SORT_BY_ALIGNMENT(.rela.plt))
                [!provide]                        PROVIDE (__rela_iplt_start = .)
 *(SORT_BY_ALIGNMENT(.rela.iplt))
                [!provide]                        PROVIDE (__rela_iplt_end = .)

.rel.dyn
 *(SORT_BY_ALIGNMENT(.rel.*))

.rela.dyn
 *(SORT_BY_ALIGNMENT(.rela.*))

/DISCARD/
 *(SORT_BY_ALIGNMENT(.plt))

/DISCARD/
 *(SORT_BY_ALIGNMENT(.iplt))
                0x00000000                        __rom_region_start = 0x0

rom_start       0x00000000      0x154
                0x00000000                        __rom_start_address = .
 FILL mask 0x00
                0x00000000                        . = (. + (0x0 - (. - __rom_start_address)))
                0x00000000                        . = ALIGN (0x4)
                0x00000000                        . = ALIGN (0x80)
                0x00000000                        . = ALIGN (0x200)
                0x00000000                        _vector_start = .
 *(SORT_BY_ALIGNMENT(.exc_vector_table))
 *(SORT_BY_ALIGNMENT(.exc_vector_table.*))
 .exc_vector_table._vector_table_section
                0x00000000       0x40 zephyr/arch/arch/arm/core/cortex_m/libarch__arm__core__cortex_m.a(vector_table.S.obj)
                0x00000000                _vector_table
 *(SORT_BY_ALIGNMENT(.vectors))
                0x00000154                        _vector_end = .
                0x00000040                        . = ALIGN (0x4)
 *(SORT_BY_ALIGNMENT(.gnu.linkonce.irq_vector_table*))
 .gnu.linkonce.irq_vector_table
                0x00000040      0x114 zephyr/arch/common/libisr_tables.a(isr_tables.c.obj)
                0x00000040                _irq_vector_table
                0x00000154                        _vector_end = .

text            0x00000154     0x7f10
                0x00000154                        __text_region_start = .
 *(SORT_BY_ALIGNMENT(.text))
 .text          0x00000154       0x14 /Users/bytelight/zephyr-sdk-1.0.1/gnu/arm-zephyr-eabi/bin/../lib/gcc/arm-zephyr-eabi/14.3.0/../../../../arm-zephyr-eabi/lib/thumb/v8-m.main/nofp/space/libc.a(strcmp.S.o)
                0x00000154                strcmp
 *(SORT_BY_ALIGNMENT(.text.*))
 .text.z_zexpect.constprop.0
                0x00000168       0x4c app/libapp.a(test_basic.c.obj)
 .text.z_zassume.constprop.0
                0x000001b4       0x54 app/libapp.a(test_basic.c.obj)
 .text._calculator_edge_cases_test_chained_operations_wrapper
                0x00000208      0x164 app/libapp.a(test_basic.c.obj)
 .text.z_zassert.constprop.0
                0x0000036c       0x48 app/libapp.a(test_basic.c.obj)
 .text._calculator_sub_test_null_pointer_wrapper
                0x000003b4       0x3c app/libapp.a(test_basic.c.obj)
 .text._calculator_sub_test_negative_result_wrapper
                0x000003f0       0x5c app/libapp.a(test_basic.c.obj)
 .text._calculator_sub_test_positive_result_wrapper
                0x0000044c       0x5c app/libapp.a(test_basic.c.obj)
 .text._calculator_div_test_negative_dividend_truncation_wrapper
                0x000004a8       0x60 app/libapp.a(test_basic.c.obj)
 .text._calculator_div_test_null_pointer_wrapper
                0x00000508       0x3c app/libapp.a(test_basic.c.obj)
 .text._calculator_div_test_divide_by_zero_wrapper
                0x00000544       0x6c app/libapp.a(test_basic.c.obj)
 .text._calculator_div_test_integer_truncation_wrapper
                0x000005b0       0x5c app/libapp.a(test_basic.c.obj)
 .text._calculator_div_test_exact_division_wrapper
                0x0000060c       0x5c app/libapp.a(test_basic.c.obj)
 .text._calculator_last_result_test_failed_op_does_not_update_wrapper
                0x00000668       0xf0 app/libapp.a(test_basic.c.obj)
 .text._calculator_mul_test_null_pointer_wrapper
                0x00000758       0x40 app/libapp.a(test_basic.c.obj)
 .text._calculator_mul_test_by_zero_wrapper
                0x00000798       0x58 app/libapp.a(test_basic.c.obj)
 .text._calculator_mul_test_negative_numbers_wrapper
                0x000007f0       0x64 app/libapp.a(test_basic.c.obj)
 .text._calculator_mul_test_positive_numbers_wrapper
                0x00000854       0x5c app/libapp.a(test_basic.c.obj)
 .text._calculator_last_result_test_overwrite_on_second_op_wrapper
                0x000008b0       0xa8 app/libapp.a(test_basic.c.obj)
 .text._calculator_add_test_null_pointer_wrapper
                0x00000958       0x40 app/libapp.a(test_basic.c.obj)
 .text._calculator_add_test_zero_wrapper
                0x00000998       0xa0 app/libapp.a(test_basic.c.obj)
 .text._calculator_add_test_mixed_signs_wrapper
                0x00000a38       0x60 app/libapp.a(test_basic.c.obj)
 .text._calculator_add_test_negative_numbers_wrapper
                0x00000a98       0x60 app/libapp.a(test_basic.c.obj)
 .text._calculator_add_test_positive_numbers_wrapper
                0x00000af8       0x5c app/libapp.a(test_basic.c.obj)
 .text._calculator_last_result_test_reset_clears_cache_wrapper
                0x00000b54       0x68 app/libapp.a(test_basic.c.obj)
 .text._calculator_last_result_test_add_updates_cache_wrapper
                0x00000bbc       0x80 app/libapp.a(test_basic.c.obj)
 .text._calculator_last_result_test_null_pointer_wrapper
                0x00000c3c       0x3c app/libapp.a(test_basic.c.obj)
 .text._calculator_last_result_test_no_result_before_first_op_wrapper
                0x00000c78       0x3c app/libapp.a(test_basic.c.obj)
 .text.calculator_reset
                0x00000cb4       0x10 app/libapp.a(calculator.c.obj)
                0x00000cb4                calculator_reset
 .text.calculator_get_last_result
                0x00000cc4       0x3c app/libapp.a(calculator.c.obj)
                0x00000cc4                calculator_get_last_result
 .text.calculator_add
                0x00000d00       0x2c app/libapp.a(calculator.c.obj)
                0x00000d00                calculator_add
 .text.calculator_sub
                0x00000d2c       0x2c app/libapp.a(calculator.c.obj)
                0x00000d2c                calculator_sub
 .text.calculator_mul
                0x00000d58       0x2c app/libapp.a(calculator.c.obj)
                0x00000d58                calculator_mul
 .text.calculator_div
                0x00000d84       0x38 app/libapp.a(calculator.c.obj)
                0x00000d84                calculator_div
 .text.free_list_add
                0x00000dbc       0xb0 zephyr/libzephyr.a(heap.c.obj)
 .text.sys_heap_init
                0x00000e6c      0x124 zephyr/libzephyr.a(heap.c.obj)
                0x00000e6c                sys_heap_init
 .text.boot_banner
                0x00000f90       0x10 zephyr/libzephyr.a(boot_banner.c.obj)
 .text.clock_offset_reset_rule_after
                0x00000fa0       0x94 zephyr/libzephyr.a(clock.c.obj)
 .text.char_out
                0x00001034        0xc zephyr/libzephyr.a(printk.c.obj)
 .text.__printk_hook_install
                0x00001040        0xc zephyr/libzephyr.a(printk.c.obj)
                0x00001040                __printk_hook_install
 .text.vprintk  0x0000104c       0x30 zephyr/libzephyr.a(printk.c.obj)
                0x0000104c                vprintk
 .text.process_event
                0x0000107c      0x39c zephyr/libzephyr.a(onoff.c.obj)
 .text.transition_complete
                0x00001418       0x64 zephyr/libzephyr.a(onoff.c.obj)
 .text.onoff_request
                0x0000147c      0x12c zephyr/libzephyr.a(onoff.c.obj)
                0x0000147c                onoff_request
 .text.sys_notify_finalize
                0x000015a8       0x40 zephyr/libzephyr.a(notify.c.obj)
                0x000015a8                sys_notify_finalize
 .text.mem_attr_get_regions
                0x000015e8        0xc zephyr/libzephyr.a(mem_attr.c.obj)
                0x000015e8                mem_attr_get_regions
 .text.z_thread_entry
                0x000015f4       0x6c zephyr/libzephyr.a(thread_entry.c.obj)
                0x000015f4                z_thread_entry
 .text.arch_bss_zero
                0x00001660       0x18 zephyr/arch/common/libarch__common.a(init.c.obj)
                0x00001660                arch_bss_zero
 .text.arch_data_copy
                0x00001678       0x38 zephyr/arch/common/libarch__common.a(xip.c.obj)
                0x00001678                arch_data_copy
 .text.z_arm_fatal_error
                0x000016b0       0x70 zephyr/arch/arch/arm/core/libarch__arm__core.a(fatal.c.obj)
                0x000016b0                z_arm_fatal_error
 .text.z_SysNmiOnReset
                0x00001720        0x8 zephyr/arch/arch/arm/core/libarch__arm__core.a(nmi_on_reset.S.obj)
                0x00001720                z_SysNmiOnReset
 .text.arch_tls_stack_setup
                0x00001728       0x40 zephyr/arch/arch/arm/core/libarch__arm__core.a(tls.c.obj)
                0x00001728                arch_tls_stack_setup
 .text.usage_fault.isra.0
                0x00001768       0xb8 zephyr/arch/arch/arm/core/cortex_m/libarch__arm__core__cortex_m.a(fault.c.obj)
 .text.bus_fault.isra.0
                0x00001820       0xc8 zephyr/arch/arch/arm/core/cortex_m/libarch__arm__core__cortex_m.a(fault.c.obj)
 .text.mem_manage_fault.isra.0
                0x000018e8      0x104 zephyr/arch/arch/arm/core/cortex_m/libarch__arm__core__cortex_m.a(fault.c.obj)
 .text.z_arm_fault
                0x000019ec      0x220 zephyr/arch/arch/arm/core/cortex_m/libarch__arm__core__cortex_m.a(fault.c.obj)
                0x000019ec                z_arm_fault
 .text.z_arm_fault_init
                0x00001c0c       0x20 zephyr/arch/arch/arm/core/cortex_m/libarch__arm__core__cortex_m.a(fault.c.obj)
                0x00001c0c                z_arm_fault_init
 .text.__fault  0x00001c2c       0x14 zephyr/arch/arch/arm/core/cortex_m/libarch__arm__core__cortex_m.a(fault_s.S.obj)
                0x00001c2c                z_arm_bus_fault
                0x00001c2c                z_arm_usage_fault
                0x00001c2c                z_arm_mpu_fault
                0x00001c2c                z_arm_exc_spurious
                0x00001c2c                z_arm_debug_monitor
                0x00001c2c                z_arm_hard_fault
 .text._reset_section
                0x00001c40       0x38 zephyr/arch/arch/arm/core/cortex_m/libarch__arm__core__cortex_m.a(reset.S.obj)
                0x00001c40                z_arm_reset
                0x00001c40                __start
 .text.z_arm_svc
                0x00001c78       0x24 zephyr/arch/arch/arm/core/cortex_m/libarch__arm__core__cortex_m.a(svc.S.obj)
                0x00001c78                z_arm_svc
 .text.arm_irq_enable
                0x00001c9c       0x1c zephyr/arch/arch/arm/core/cortex_m/libarch__arm__core__cortex_m.a(irq_manage.c.obj)
                0x00001c9c                arm_irq_enable
 .text.arm_irq_is_enabled
                0x00001cb8       0x1c zephyr/arch/arch/arm/core/cortex_m/libarch__arm__core__cortex_m.a(irq_manage.c.obj)
                0x00001cb8                arm_irq_is_enabled
 .text.arm_irq_priority_set
                0x00001cd4       0x64 zephyr/arch/arch/arm/core/cortex_m/libarch__arm__core__cortex_m.a(irq_manage.c.obj)
                0x00001cd4                arm_irq_priority_set
 .text.relocate_vector_table
                0x00001d38       0x1c zephyr/arch/arch/arm/core/cortex_m/libarch__arm__core__cortex_m.a(prep_c.c.obj)
                0x00001d38                relocate_vector_table
 .text.z_prep_c
                0x00001d54       0x38 zephyr/arch/arch/arm/core/cortex_m/libarch__arm__core__cortex_m.a(prep_c.c.obj)
                0x00001d54                z_prep_c
 .text.arch_new_thread
                0x00001d8c       0x38 zephyr/arch/arch/arm/core/cortex_m/libarch__arm__core__cortex_m.a(thread.c.obj)
                0x00001d8c                arch_new_thread
 .text.arch_switch_to_main_thread
                0x00001dc4       0x44 zephyr/arch/arch/arm/core/cortex_m/libarch__arm__core__cortex_m.a(thread.c.obj)
                0x00001dc4                arch_switch_to_main_thread
 .text.z_arm_cpu_idle_init
                0x00001e08        0xc zephyr/arch/arch/arm/core/cortex_m/libarch__arm__core__cortex_m.a(cpu_idle.c.obj)
                0x00001e08                z_arm_cpu_idle_init
 .text._HandlerModeExit
                0x00001e14       0x20 zephyr/arch/arch/arm/core/cortex_m/libarch__arm__core__cortex_m.a(exc_exit.c.obj)
                0x00001e14                z_arm_exc_exit
                0x00001e14                z_arm_int_exit
 .text.z_impl_k_thread_abort
                0x00001e34       0x2c zephyr/arch/arch/arm/core/cortex_m/libarch__arm__core__cortex_m.a(thread_abort.c.obj)
                0x00001e34                z_impl_k_thread_abort
 .text.z_arm_pendsv
                0x00001e60       0x68 zephyr/arch/arch/arm/core/cortex_m/libarch__arm__core__cortex_m.a(swap_helper.S.obj)
                0x00001e60                z_arm_pendsv
 .text.z_arm_interrupt_init
                0x00001ec8       0x18 zephyr/arch/arch/arm/core/cortex_m/libarch__arm__core__cortex_m.a(irq_init.c.obj)
                0x00001ec8                z_arm_interrupt_init
 .text._isr_wrapper
                0x00001ee0       0x24 zephyr/arch/arch/arm/core/cortex_m/libarch__arm__core__cortex_m.a(isr_wrapper.c.obj)
                0x00001ee0                _isr_wrapper
 .text.__aeabi_read_tp
                0x00001f04        0xc zephyr/arch/arch/arm/core/cortex_m/libarch__arm__core__cortex_m.a(__aeabi_read_tp.S.obj)
                0x00001f04                __aeabi_read_tp
 .text.z_arm_configure_static_mpu_regions
                0x00001f10       0x3c zephyr/arch/arch/arm/core/mpu/libarch__arm__core__mpu.a(arm_core_mpu.c.obj)
                0x00001f10                z_arm_configure_static_mpu_regions
 .text.region_init
                0x00001f4c       0x30 zephyr/arch/arch/arm/core/mpu/libarch__arm__core__mpu.a(arm_mpu.c.obj)
 .text.region_allocate_and_init
                0x00001f7c       0x34 zephyr/arch/arch/arm/core/mpu/libarch__arm__core__mpu.a(arm_mpu.c.obj)
 .text.mpu_configure_regions_and_partition.constprop.0
                0x00001fb0      0x158 zephyr/arch/arch/arm/core/mpu/libarch__arm__core__mpu.a(arm_mpu.c.obj)
 .text.arm_core_mpu_enable
                0x00002108       0x18 zephyr/arch/arch/arm/core/mpu/libarch__arm__core__mpu.a(arm_mpu.c.obj)
                0x00002108                arm_core_mpu_enable
 .text.arm_core_mpu_disable
                0x00002120       0x14 zephyr/arch/arch/arm/core/mpu/libarch__arm__core__mpu.a(arm_mpu.c.obj)
                0x00002120                arm_core_mpu_disable
 .text.arm_core_mpu_configure_static_mpu_regions
                0x00002134       0x48 zephyr/arch/arch/arm/core/mpu/libarch__arm__core__mpu.a(arm_mpu.c.obj)
                0x00002134                arm_core_mpu_configure_static_mpu_regions
 .text.arm_core_mpu_mark_areas_for_dynamic_regions
                0x0000217c       0xe8 zephyr/arch/arch/arm/core/mpu/libarch__arm__core__mpu.a(arm_mpu.c.obj)
                0x0000217c                arm_core_mpu_mark_areas_for_dynamic_regions
 .text.z_arm_mpu_init
                0x00002264      0x1e4 zephyr/arch/arch/arm/core/mpu/libarch__arm__core__mpu.a(arm_mpu.c.obj)
                0x00002264                z_arm_mpu_init
 .text.z_impl_zephyr_fputc
                0x00002448       0x10 zephyr/lib/libc/picolibc/liblib__libc__picolibc.a(stdio.c.obj)
                0x00002448                z_impl_zephyr_fputc
 .text.__stdout_hook_install
                0x00002458       0x18 zephyr/lib/libc/picolibc/liblib__libc__picolibc.a(stdio.c.obj)
                0x00002458                __stdout_hook_install
 .text.malloc_prepare
                0x00002470       0x24 zephyr/lib/libc/common/liblib__libc__common.a(malloc.c.obj)
 .text.nrf53_anomaly_160_check
                0x00002494       0x64 zephyr/soc/soc/nrf5340/libsoc__nordic.a(soc.c.obj)
 .text.nrf_gpio_pin_control_select.constprop.0
                0x000024f8       0x1c zephyr/soc/soc/nrf5340/libsoc__nordic.a(soc.c.obj)
 .text.soc_early_init_hook
                0x00002514       0x60 zephyr/soc/soc/nrf5340/libsoc__nordic.a(soc.c.obj)
                0x00002514                soc_early_init_hook
 .text.soc_late_init_hook
                0x00002574       0x6c zephyr/soc/soc/nrf5340/libsoc__nordic.a(soc.c.obj)
                0x00002574                soc_late_init_hook
 .text.arch_busy_wait
                0x000025e0       0x24 zephyr/soc/soc/nrf5340/libsoc__nordic.a(soc.c.obj)
                0x000025e0                arch_busy_wait
 .text.assign_pins
                0x00002604       0x80 zephyr/soc/soc/nrf5340/libsoc__nordic.a(nrf53_cpunet_mgmt.c.obj)
 .text.nrf53_cpunet_mgmt_init
                0x00002684       0x10 zephyr/soc/soc/nrf5340/libsoc__nordic.a(nrf53_cpunet_mgmt.c.obj)
                0x00002684                nrf53_cpunet_mgmt_init
 .text.gppi_init
                0x00002694       0x1c zephyr/soc/soc/nrf5340/libsoc__nordic.a(gppi_init.c.obj)
 .text.z_impl_sys_rand_get
                0x000026b0       0xf0 zephyr/subsys/random/libsubsys__random.a(random_timer.c.obj)
                0x000026b0                z_impl_sys_rand_get
 .text.ztest_find_test_suite
                0x000027a0       0x2c zephyr/subsys/testsuite/ztest/libsubsys__testsuite__ztest.a(ztest.c.obj)
 .text.test_cb  0x000027cc       0x58 zephyr/subsys/testsuite/ztest/libsubsys__testsuite__ztest.a(ztest.c.obj)
 .text.z_ztest_run_test_suite_ptr.isra.0
                0x00002824      0x310 zephyr/subsys/testsuite/ztest/libsubsys__testsuite__ztest.a(ztest.c.obj)
 .text.test_finalize
                0x00002b34       0x5c zephyr/subsys/testsuite/ztest/libsubsys__testsuite__ztest.a(ztest.c.obj)
 .text.ztest_test_fail
                0x00002b90       0x54 zephyr/subsys/testsuite/ztest/libsubsys__testsuite__ztest.a(ztest.c.obj)
                0x00002b90                ztest_test_fail
 .text.ztest_test_skip
                0x00002be4       0x54 zephyr/subsys/testsuite/ztest/libsubsys__testsuite__ztest.a(ztest.c.obj)
                0x00002be4                ztest_test_skip
 .text.ztest_test_expect_fail
                0x00002c38        0xc zephyr/subsys/testsuite/ztest/libsubsys__testsuite__ztest.a(ztest.c.obj)
                0x00002c38                ztest_test_expect_fail
 .text.z_ztest_get_next_test
                0x00002c44       0x34 zephyr/subsys/testsuite/ztest/libsubsys__testsuite__ztest.a(ztest.c.obj)
                0x00002c44                z_ztest_get_next_test
 .text.z_impl_ztest_run_test_suites
                0x00002c78       0xd4 zephyr/subsys/testsuite/ztest/libsubsys__testsuite__ztest.a(ztest.c.obj)
                0x00002c78                z_impl_ztest_run_test_suites
 .text.ztest_verify_all_test_suites_ran
                0x00002d4c       0xa0 zephyr/subsys/testsuite/ztest/libsubsys__testsuite__ztest.a(ztest.c.obj)
                0x00002d4c                ztest_verify_all_test_suites_ran
 .text.ztest_run_all
                0x00002dec       0x10 zephyr/subsys/testsuite/ztest/libsubsys__testsuite__ztest.a(ztest.c.obj)
                0x00002dec                ztest_run_all
 .text.main     0x00002dfc      0x1b8 zephyr/subsys/testsuite/ztest/libsubsys__testsuite__ztest.a(ztest.c.obj)
                0x00002dfc                main
 .text.onoff_start
                0x00002fb4       0x3c zephyr/drivers/clock_control/libdrivers__clock_control.a(clock_control_nrf.c.obj)
 .text.get_status
                0x00002ff0       0x3c zephyr/drivers/clock_control/libdrivers__clock_control.a(clock_control_nrf.c.obj)
 .text.stop     0x0000302c       0x80 zephyr/drivers/clock_control/libdrivers__clock_control.a(clock_control_nrf.c.obj)
 .text.onoff_stop
                0x000030ac       0x28 zephyr/drivers/clock_control/libdrivers__clock_control.a(clock_control_nrf.c.obj)
 .text.clk_init
                0x000030d4       0x60 zephyr/drivers/clock_control/libdrivers__clock_control.a(clock_control_nrf.c.obj)
 .text.api_blocking_start
                0x00003134       0x30 zephyr/drivers/clock_control/libdrivers__clock_control.a(clock_control_nrf.c.obj)
 .text.generic_hfclk_stop
                0x00003164       0x34 zephyr/drivers/clock_control/libdrivers__clock_control.a(clock_control_nrf.c.obj)
 .text.clkstarted_handle.constprop.0
                0x00003198       0x54 zephyr/drivers/clock_control/libdrivers__clock_control.a(clock_control_nrf.c.obj)
 .text.clock_event_handler
                0x000031ec       0x74 zephyr/drivers/clock_control/libdrivers__clock_control.a(clock_control_nrf.c.obj)
 .text.generic_hfclk_start
                0x00003260       0x7c zephyr/drivers/clock_control/libdrivers__clock_control.a(clock_control_nrf.c.obj)
 .text.z_nrf_clock_control_lf_on
                0x000032dc      0x13c zephyr/drivers/clock_control/libdrivers__clock_control.a(clock_control_nrf.c.obj)
                0x000032dc                z_nrf_clock_control_lf_on
 .text.uart_console_init
                0x00003418       0x28 zephyr/drivers/console/libdrivers__console.a(uart_console.c.obj)
 .text.console_out
                0x00003440       0x28 zephyr/drivers/console/libdrivers__console.a(uart_console.c.obj)
 .text.gpio_nrfx_manage_callback
                0x00003468       0xa4 zephyr/drivers/gpio/libdrivers__gpio.a(gpio_nrfx.c.obj)
 .text.nrf_gpio_pin_port_decode
                0x0000350c       0x5c zephyr/drivers/gpio/libdrivers__gpio.a(gpio_nrfx.c.obj)
 .text.gpio_nrfx_pin_interrupt_configure
                0x00003568      0x110 zephyr/drivers/gpio/libdrivers__gpio.a(gpio_nrfx.c.obj)
 .text.gpio_nrfx_pin_configure
                0x00003678      0x18c zephyr/drivers/gpio/libdrivers__gpio.a(gpio_nrfx.c.obj)
 .text.nrfx_gpio_handler
                0x00003804       0x78 zephyr/drivers/gpio/libdrivers__gpio.a(gpio_nrfx.c.obj)
 .text.gpio_nrfx_init
                0x0000387c       0x3c zephyr/drivers/gpio/libdrivers__gpio.a(gpio_nrfx.c.obj)
 .text.nrf_gpio_pin_port_decode
                0x000038b8       0x5c zephyr/drivers/pinctrl/libdrivers__pinctrl.a(pinctrl_nrf.c.obj)
 .text.pinctrl_configure_pins
                0x00003914      0x1a4 zephyr/drivers/pinctrl/libdrivers__pinctrl.a(pinctrl_nrf.c.obj)
                0x00003914                pinctrl_configure_pins
 .text.uarte_nrfx_poll_out
                0x00003ab8       0xb8 zephyr/drivers/serial/libdrivers__serial.a(uart_nrfx_uarte.c.obj)
 .text.uarte_0_init
                0x00003b70       0xf8 zephyr/drivers/serial/libdrivers__serial.a(uart_nrfx_uarte.c.obj)
 .text.sys_clock_timeout_handler
                0x00003c68       0x54 zephyr/drivers/timer/libdrivers__timer.a(nrf_rtc_timer.c.obj)
 .text.z_nrf_rtc_timer_read
                0x00003cbc       0x44 zephyr/drivers/timer/libdrivers__timer.a(nrf_rtc_timer.c.obj)
                0x00003cbc                z_nrf_rtc_timer_read
 .text.rtc_nrf_isr
                0x00003d00       0xcc zephyr/drivers/timer/libdrivers__timer.a(nrf_rtc_timer.c.obj)
                0x00003d00                rtc_nrf_isr
 .text.compare_set.constprop.0.isra.0
                0x00003dcc      0x138 zephyr/drivers/timer/libdrivers__timer.a(nrf_rtc_timer.c.obj)
 .text.sys_clock_driver_init
                0x00003f04       0x80 zephyr/drivers/timer/libdrivers__timer.a(nrf_rtc_timer.c.obj)
 .text.sys_clock_set_timeout
                0x00003f84       0x4c zephyr/drivers/timer/libdrivers__timer.a(nrf_rtc_timer.c.obj)
                0x00003f84                sys_clock_set_timeout
 .text.sys_clock_elapsed
                0x00003fd0       0x14 zephyr/drivers/timer/libdrivers__timer.a(nrf_rtc_timer.c.obj)
                0x00003fd0                sys_clock_elapsed
 .text.SystemInit
                0x00003fe4      0x1b0 modules/hal_nordic/nrfx/libnrfx.a(system_nrf5340_application.c.obj)
                0x00003fe4                SystemInit
 .text.nrfx_gppi_init
                0x00004194        0xc modules/hal_nordic/nrfx/libnrfx.a(nrfx_gppi_dppi.c.obj)
                0x00004194                nrfx_gppi_init
 .text.nrfx_gppi_domain_conn_alloc
                0x000041a0       0x40 modules/hal_nordic/nrfx/libnrfx.a(nrfx_gppi_dppi.c.obj)
                0x000041a0                nrfx_gppi_domain_conn_alloc
 .text.nrfx_gppi_conn_enable
                0x000041e0       0x10 modules/hal_nordic/nrfx/libnrfx.a(nrfx_gppi_dppi.c.obj)
                0x000041e0                nrfx_gppi_conn_enable
 .text.hfclk_event_handler
                0x000041f0        0xc modules/hal_nordic/nrfx/libnrfx.a(nrfx_clock.c.obj)
 .text.lfclk_event_handler
                0x000041fc        0xc modules/hal_nordic/nrfx/libnrfx.a(nrfx_clock.c.obj)
 .text.hfclk192m_event_handler
                0x00004208        0xc modules/hal_nordic/nrfx/libnrfx.a(nrfx_clock.c.obj)
 .text.hfclkaudio_event_handler
                0x00004214        0xc modules/hal_nordic/nrfx/libnrfx.a(nrfx_clock.c.obj)
 .text.nrfx_clock_init
                0x00004220       0x68 modules/hal_nordic/nrfx/libnrfx.a(nrfx_clock.c.obj)
                0x00004220                nrfx_clock_init
 .text.nrfx_clock_enable
                0x00004288       0x44 modules/hal_nordic/nrfx/libnrfx.a(nrfx_clock.c.obj)
                0x00004288                nrfx_clock_enable
 .text.nrfx_clock_start
                0x000042cc       0x74 modules/hal_nordic/nrfx/libnrfx.a(nrfx_clock.c.obj)
                0x000042cc                nrfx_clock_start
 .text.nrfx_clock_stop
                0x00004340       0x74 modules/hal_nordic/nrfx/libnrfx.a(nrfx_clock.c.obj)
                0x00004340                nrfx_clock_stop
 .text.nrfx_clock_hfclk_init
                0x000043b4       0x24 modules/hal_nordic/nrfx/libnrfx.a(nrfx_clock_hfclk.c.obj)
                0x000043b4                nrfx_clock_hfclk_init
 .text.nrfx_clock_hfclk_start
                0x000043d8       0x5c modules/hal_nordic/nrfx/libnrfx.a(nrfx_clock_hfclk.c.obj)
                0x000043d8                nrfx_clock_hfclk_start
 .text.nrfx_clock_hfclk_stop
                0x00004434       0x34 modules/hal_nordic/nrfx/libnrfx.a(nrfx_clock_hfclk.c.obj)
                0x00004434                nrfx_clock_hfclk_stop
 .text.nrfx_clock_hfclk_irq_handler
                0x00004468       0x30 modules/hal_nordic/nrfx/libnrfx.a(nrfx_clock_hfclk.c.obj)
                0x00004468                nrfx_clock_hfclk_irq_handler
 .text.nrfx_clock_hfclkaudio_init
                0x00004498       0x1c modules/hal_nordic/nrfx/libnrfx.a(nrfx_clock_hfclkaudio.c.obj)
                0x00004498                nrfx_clock_hfclkaudio_init
 .text.nrfx_clock_hfclkaudio_start
                0x000044b4       0x60 modules/hal_nordic/nrfx/libnrfx.a(nrfx_clock_hfclkaudio.c.obj)
                0x000044b4                nrfx_clock_hfclkaudio_start
 .text.nrfx_clock_hfclkaudio_stop
                0x00004514       0x34 modules/hal_nordic/nrfx/libnrfx.a(nrfx_clock_hfclkaudio.c.obj)
                0x00004514                nrfx_clock_hfclkaudio_stop
 .text.nrfx_clock_hfclkaudio_irq_handler
                0x00004548       0x30 modules/hal_nordic/nrfx/libnrfx.a(nrfx_clock_hfclkaudio.c.obj)
                0x00004548                nrfx_clock_hfclkaudio_irq_handler
 .text.nrfx_clock_hfclk192m_init
                0x00004578       0x24 modules/hal_nordic/nrfx/libnrfx.a(nrfx_clock_hfclk192m.c.obj)
                0x00004578                nrfx_clock_hfclk192m_init
 .text.nrfx_clock_hfclk192m_start
                0x0000459c       0x60 modules/hal_nordic/nrfx/libnrfx.a(nrfx_clock_hfclk192m.c.obj)
                0x0000459c                nrfx_clock_hfclk192m_start
 .text.nrfx_clock_hfclk192m_stop
                0x000045fc       0x34 modules/hal_nordic/nrfx/libnrfx.a(nrfx_clock_hfclk192m.c.obj)
                0x000045fc                nrfx_clock_hfclk192m_stop
 .text.nrfx_clock_hfclk192m_irq_handler
                0x00004630       0x30 modules/hal_nordic/nrfx/libnrfx.a(nrfx_clock_hfclk192m.c.obj)
                0x00004630                nrfx_clock_hfclk192m_irq_handler
 .text.nrfx_clock_lfclk_init
                0x00004660       0x24 modules/hal_nordic/nrfx/libnrfx.a(nrfx_clock_lfclk.c.obj)
                0x00004660                nrfx_clock_lfclk_init
 .text.nrfx_clock_lfclk_start
                0x00004684       0xac modules/hal_nordic/nrfx/libnrfx.a(nrfx_clock_lfclk.c.obj)
                0x00004684                nrfx_clock_lfclk_start
 .text.nrfx_clock_lfclk_stop
                0x00004730       0x38 modules/hal_nordic/nrfx/libnrfx.a(nrfx_clock_lfclk.c.obj)
                0x00004730                nrfx_clock_lfclk_stop
 .text.nrfx_clock_lfclk_irq_handler
                0x00004768       0x98 modules/hal_nordic/nrfx/libnrfx.a(nrfx_clock_lfclk.c.obj)
                0x00004768                nrfx_clock_lfclk_irq_handler
 .text.get_pin_idx
                0x00004800       0x14 modules/hal_nordic/nrfx/libnrfx.a(nrfx_gpiote.c.obj)
 .text.release_handler
                0x00004814       0x74 modules/hal_nordic/nrfx/libnrfx.a(nrfx_gpiote.c.obj)
 .text.nrf_gpio_pin_port_decode
                0x00004888       0x68 modules/hal_nordic/nrfx/libnrfx.a(nrfx_gpiote.c.obj)
 .text.nrf_gpiote_in_event_get
                0x000048f0       0x34 modules/hal_nordic/nrfx/libnrfx.a(nrfx_gpiote.c.obj)
 .text.latch_pending_read_and_check
                0x00004924       0x38 modules/hal_nordic/nrfx/libnrfx.a(nrfx_gpiote.c.obj)
 .text.pin_uninit
                0x0000495c       0x78 modules/hal_nordic/nrfx/libnrfx.a(nrfx_gpiote.c.obj)
 .text.nrfx_gpiote_input_configure
                0x000049d4      0x184 modules/hal_nordic/nrfx/libnrfx.a(nrfx_gpiote.c.obj)
                0x000049d4                nrfx_gpiote_input_configure
 .text.nrfx_gpiote_output_configure
                0x00004b58      0x10c modules/hal_nordic/nrfx/libnrfx.a(nrfx_gpiote.c.obj)
                0x00004b58                nrfx_gpiote_output_configure
 .text.nrfx_gpiote_global_callback_set
                0x00004c64       0x30 modules/hal_nordic/nrfx/libnrfx.a(nrfx_gpiote.c.obj)
                0x00004c64                nrfx_gpiote_global_callback_set
 .text.nrfx_gpiote_channel_get
                0x00004c94       0x68 modules/hal_nordic/nrfx/libnrfx.a(nrfx_gpiote.c.obj)
                0x00004c94                nrfx_gpiote_channel_get
 .text.nrfx_gpiote_init
                0x00004cfc       0x7c modules/hal_nordic/nrfx/libnrfx.a(nrfx_gpiote.c.obj)
                0x00004cfc                nrfx_gpiote_init
 .text.nrfx_gpiote_init_check
                0x00004d78       0x34 modules/hal_nordic/nrfx/libnrfx.a(nrfx_gpiote.c.obj)
                0x00004d78                nrfx_gpiote_init_check
 .text.nrfx_gpiote_pin_uninit
                0x00004dac       0x30 modules/hal_nordic/nrfx/libnrfx.a(nrfx_gpiote.c.obj)
                0x00004dac                nrfx_gpiote_pin_uninit
 .text.nrfx_gpiote_channel_free
                0x00004ddc       0x40 modules/hal_nordic/nrfx/libnrfx.a(nrfx_gpiote.c.obj)
                0x00004ddc                nrfx_gpiote_channel_free
 .text.nrfx_gpiote_channel_alloc
                0x00004e1c       0x48 modules/hal_nordic/nrfx/libnrfx.a(nrfx_gpiote.c.obj)
                0x00004e1c                nrfx_gpiote_channel_alloc
 .text.nrfx_gpiote_trigger_enable
                0x00004e64      0x104 modules/hal_nordic/nrfx/libnrfx.a(nrfx_gpiote.c.obj)
                0x00004e64                nrfx_gpiote_trigger_enable
 .text.nrfx_gpiote_trigger_disable
                0x00004f68       0x30 modules/hal_nordic/nrfx/libnrfx.a(nrfx_gpiote.c.obj)
                0x00004f68                nrfx_gpiote_trigger_disable
 .text.nrfx_gpiote_irq_handler
                0x00004f98      0x1f0 modules/hal_nordic/nrfx/libnrfx.a(nrfx_gpiote.c.obj)
                0x00004f98                nrfx_gpiote_irq_handler
 .text.do_device_init
                0x00005188       0x60 zephyr/kernel/libkernel.a(device.c.obj)
                0x00005188                do_device_init
 .text.k_sys_fatal_error_handler
                0x000051e8       0x18 zephyr/kernel/libkernel.a(fatal.c.obj)
                0x000051e8                k_sys_fatal_error_handler
 .text.z_fatal_error
                0x00005200       0xb4 zephyr/kernel/libkernel.a(fatal.c.obj)
                0x00005200                z_fatal_error
 .text.z_sys_init_run_level
                0x000052b4       0x30 zephyr/kernel/libkernel.a(init.c.obj)
 .text.bg_thread_main
                0x000052e4      0x104 zephyr/kernel/libkernel.a(init.c.obj)
 .text.z_init_cpu
                0x000053e8       0x70 zephyr/kernel/libkernel.a(init.c.obj)
                0x000053e8                z_init_cpu
 .text.z_cstart
                0x00005458      0x110 zephyr/kernel/libkernel.a(init.c.obj)
                0x00005458                z_cstart
 .text.idle     0x00005568       0x48 zephyr/kernel/libkernel.a(idle.c.obj)
                0x00005568                idle
 .text.unpend_thread_no_timeout
                0x000055b0       0x40 zephyr/kernel/libkernel.a(sem.c.obj)
 .text.z_impl_k_sem_give
                0x000055f0       0xfc zephyr/kernel/libkernel.a(sem.c.obj)
                0x000055f0                z_impl_k_sem_give
 .text.z_impl_k_sem_take
                0x000056ec       0xf4 zephyr/kernel/libkernel.a(sem.c.obj)
                0x000056ec                z_impl_k_sem_take
 .text.z_impl_k_thread_name_set
                0x000057e0       0x20 zephyr/kernel/libkernel.a(thread.c.obj)
                0x000057e0                z_impl_k_thread_name_set
 .text.z_setup_new_thread
                0x00005800       0xec zephyr/kernel/libkernel.a(thread.c.obj)
                0x00005800                z_setup_new_thread
 .text.z_dummy_thread_init
                0x000058ec       0x1c zephyr/kernel/libkernel.a(thread.c.obj)
                0x000058ec                z_dummy_thread_init
 .text.z_impl_k_wakeup
                0x00005908       0xb0 zephyr/kernel/libkernel.a(thread.c.obj)
                0x00005908                z_impl_k_wakeup
 .text.z_impl_k_thread_create
                0x000059b8       0x8c zephyr/kernel/libkernel.a(thread.c.obj)
                0x000059b8                z_impl_k_thread_create
 .text.z_thread_abort
                0x00005a44       0xc8 zephyr/kernel/libkernel.a(thread.c.obj)
                0x00005a44                z_thread_abort
 .text.z_impl_k_thread_join
                0x00005b0c      0x18c zephyr/kernel/libkernel.a(thread.c.obj)
                0x00005b0c                z_impl_k_thread_join
 .text.z_impl_k_yield
                0x00005c98       0x40 zephyr/kernel/libkernel.a(thread.c.obj)
                0x00005c98                z_impl_k_yield
 .text.unready_thread
                0x00005cd8       0xbc zephyr/kernel/libkernel.a(sched.c.obj)
 .text.ready_thread
                0x00005d94       0xd0 zephyr/kernel/libkernel.a(sched.c.obj)
 .text.unpend_thread_no_timeout
                0x00005e64       0x38 zephyr/kernel/libkernel.a(sched.c.obj)
 .text.z_swap_irqlock
                0x00005e9c       0x6c zephyr/kernel/libkernel.a(sched.c.obj)
 .text.reschedule
                0x00005f08       0x8c zephyr/kernel/libkernel.a(sched.c.obj)
 .text.move_current_to_end_of_prio_q
                0x00005f94       0x6c zephyr/kernel/libkernel.a(sched.c.obj)
                0x00005f94                move_current_to_end_of_prio_q
 .text.z_ready_thread
                0x00006000       0x8c zephyr/kernel/libkernel.a(sched.c.obj)
                0x00006000                z_ready_thread
 .text.z_thread_halt
                0x0000608c      0x234 zephyr/kernel/libkernel.a(sched.c.obj)
                0x0000608c                z_thread_halt
 .text.z_sched_lock_reschedule
                0x000062c0       0x74 zephyr/kernel/libkernel.a(sched.c.obj)
                0x000062c0                z_sched_lock_reschedule
 .text.z_sched_yield
                0x00006334       0xec zephyr/kernel/libkernel.a(sched.c.obj)
                0x00006334                z_sched_yield
 .text.z_thread_timeout
                0x00006420       0xa0 zephyr/kernel/libkernel.a(sched.c.obj)
                0x00006420                z_thread_timeout
 .text.z_pend_curr
                0x000064c0      0x10c zephyr/kernel/libkernel.a(sched.c.obj)
                0x000064c0                z_pend_curr
 .text.z_tick_sleep
                0x000065cc      0x158 zephyr/kernel/libkernel.a(sleep.c.obj)
 .text.z_impl_k_sleep
                0x00006724       0x60 zephyr/kernel/libkernel.a(sleep.c.obj)
                0x00006724                z_impl_k_sleep
 .text.z_sched_init
                0x00006784       0x10 zephyr/kernel/libkernel.a(scheduler.c.obj)
                0x00006784                z_sched_init
 .text.k_sched_lock
                0x00006794       0xdc zephyr/kernel/libkernel.a(scheduler.c.obj)
                0x00006794                k_sched_lock
 .text.k_sched_unlock
                0x00006870       0xac zephyr/kernel/libkernel.a(scheduler.c.obj)
                0x00006870                k_sched_unlock
 .text.z_impl_k_sched_current_thread_query
                0x0000691c        0xc zephyr/kernel/libkernel.a(scheduler.c.obj)
                0x0000691c                z_impl_k_sched_current_thread_query
 .text.z_time_slice_size
                0x00006928       0x40 zephyr/kernel/libkernel.a(timeslicing.c.obj)
 .text.slice_timeout
                0x00006968       0x5c zephyr/kernel/libkernel.a(timeslicing.c.obj)
 .text.z_time_slice_reset
                0x000069c4       0x44 zephyr/kernel/libkernel.a(timeslicing.c.obj)
                0x000069c4                z_time_slice_reset
 .text.z_time_slice
                0x00006a08       0xc8 zephyr/kernel/libkernel.a(timeslicing.c.obj)
                0x00006a08                z_time_slice
 .text.z_spin_lock_valid
                0x00006ad0       0x1c zephyr/kernel/libkernel.a(spinlock_validate.c.obj)
                0x00006ad0                z_spin_lock_valid
 .text.z_spin_unlock_valid
                0x00006aec       0x2c zephyr/kernel/libkernel.a(spinlock_validate.c.obj)
                0x00006aec                z_spin_unlock_valid
 .text.z_spin_lock_set_owner
                0x00006b18       0x10 zephyr/kernel/libkernel.a(spinlock_validate.c.obj)
                0x00006b18                z_spin_lock_set_owner
 .text.first    0x00006b28       0x10 zephyr/kernel/libkernel.a(timeout.c.obj)
 .text.elapsed  0x00006b38       0x14 zephyr/kernel/libkernel.a(timeout.c.obj)
 .text.z_add_timeout
                0x00006b4c      0x1c0 zephyr/kernel/libkernel.a(timeout.c.obj)
                0x00006b4c                z_add_timeout
 .text.z_abort_timeout
                0x00006d0c       0xfc zephyr/kernel/libkernel.a(timeout.c.obj)
                0x00006d0c                z_abort_timeout
 .text.sys_clock_announce_locked
                0x00006e08      0x148 zephyr/kernel/libkernel.a(timeout.c.obj)
                0x00006e08                sys_clock_announce_locked
 .text.sys_clock_lock
                0x00006f50       0x54 zephyr/kernel/libkernel.a(timeout.c.obj)
                0x00006f50                sys_clock_lock
 .text.sys_clock_tick_get
                0x00006fa4       0x9c zephyr/kernel/libkernel.a(timeout.c.obj)
                0x00006fa4                sys_clock_tick_get
 .text.__l_vfprintf
                0x00007040      0x484 /Users/bytelight/zephyr-sdk-1.0.1/gnu/arm-zephyr-eabi/bin/../lib/gcc/arm-zephyr-eabi/14.3.0/../../../../arm-zephyr-eabi/lib/thumb/v8-m.main/nofp/space/libc.a(libc_tinystdio_vflprintf.c.o)
                0x00007040                __l_vfprintf
 .text._OffsetAbsSyms
                0x000074c4        0x2 zephyr/CMakeFiles/offsets.dir/./arch/arm/core/offsets/offsets.c.obj
                0x000074c4                _OffsetAbsSyms
 .text.before   0x000074c6        0x4 app/libapp.a(test_basic.c.obj)
 .text.chunk_field
                0x000074ca       0x16 zephyr/libzephyr.a(heap.c.obj)
 .text.chunk_set
                0x000074e0       0x16 zephyr/libzephyr.a(heap.c.obj)
 .text.chunk_size
                0x000074f6        0xc zephyr/libzephyr.a(heap.c.obj)
 .text.set_chunk_used
                0x00007502       0x30 zephyr/libzephyr.a(heap.c.obj)
 .text.set_chunk_size
                0x00007532        0x8 zephyr/libzephyr.a(heap.c.obj)
 .text.undersized_chunk
                0x0000753a       0x1c zephyr/libzephyr.a(heap.c.obj)
 .text.bucket_idx
                0x00007556       0x14 zephyr/libzephyr.a(heap.c.obj)
 .text.arch_printk_char_out
                0x0000756a        0x4 zephyr/libzephyr.a(printk.c.obj)
                0x0000756a                arch_printk_char_out
 .text.printk   0x0000756e       0x1a zephyr/libzephyr.a(printk.c.obj)
                0x0000756e                printk
 .text.assert_post_action
                0x00007588       0x12 zephyr/libzephyr.a(assert.c.obj)
                0x00007588                assert_post_action
 .text.assert_print
                0x0000759a       0x1a zephyr/libzephyr.a(assert.c.obj)
                0x0000759a                assert_print
 .text.process_recheck
                0x000075b4       0x38 zephyr/libzephyr.a(onoff.c.obj)
 .text.validate_args
                0x000075ec       0x20 zephyr/libzephyr.a(onoff.c.obj)
 .text.notify_one
                0x0000760c       0x2c zephyr/libzephyr.a(onoff.c.obj)
 .text.onoff_manager_init
                0x00007638       0x26 zephyr/libzephyr.a(onoff.c.obj)
                0x00007638                onoff_manager_init
 .text.sys_notify_validate
                0x0000765e       0x22 zephyr/libzephyr.a(notify.c.obj)
                0x0000765e                sys_notify_validate
 .text._ConfigAbsSyms
                0x00007680        0x2 zephyr/libzephyr.a(configs.c.obj)
                0x00007680                _ConfigAbsSyms
 .text.z_log_minimal_printk
                0x00007682       0x1a zephyr/libzephyr.a(log_minimal.c.obj)
                0x00007682                z_log_minimal_printk
 .text.arch_early_memset
                0x0000769c        0x4 zephyr/arch/common/libarch__common.a(init.c.obj)
                0x0000769c                arch_early_memset
 .text.arch_early_memcpy
                0x000076a0        0x4 zephyr/arch/common/libarch__common.a(init.c.obj)
                0x000076a0                arch_early_memcpy
 .text.z_do_kernel_oops
                0x000076a4        0x8 zephyr/arch/arch/arm/core/libarch__arm__core.a(fatal.c.obj)
                0x000076a4                z_do_kernel_oops
 .text.z_arm_nmi
                0x000076ac        0xe zephyr/arch/arch/arm/core/libarch__arm__core.a(nmi.c.obj)
                0x000076ac                z_arm_nmi
 .text.z_irq_spurious
                0x000076ba        0x8 zephyr/arch/arch/arm/core/cortex_m/libarch__arm__core__cortex_m.a(irq_manage.c.obj)
                0x000076ba                z_irq_spurious
 .text.configure_builtin_stack_guard
                0x000076c2        0xa zephyr/arch/arch/arm/core/cortex_m/libarch__arm__core__cortex_m.a(thread.c.obj)
                0x000076c2                configure_builtin_stack_guard
 .text.arch_coprocessors_disable
                0x000076cc        0x6 zephyr/arch/arch/arm/core/cortex_m/libarch__arm__core__cortex_m.a(thread.c.obj)
                0x000076cc                arch_coprocessors_disable
 .text.arch_irq_unlock_outlined
                0x000076d2        0xe zephyr/arch/arch/arm/core/cortex_m/libarch__arm__core__cortex_m.a(thread.c.obj)
                0x000076d2                arch_irq_unlock_outlined
 .text.arch_cpu_idle
                0x000076e0       0x32 zephyr/arch/arch/arm/core/cortex_m/libarch__arm__core__cortex_m.a(cpu_idle.c.obj)
                0x000076e0                arch_cpu_idle
 .text.arch_cpu_atomic_idle
                0x00007712       0x38 zephyr/arch/arch/arm/core/cortex_m/libarch__arm__core__cortex_m.a(cpu_idle.c.obj)
                0x00007712                arch_cpu_atomic_idle
 .text.arm_cmse_mpu_region_get
                0x0000774a       0x12 zephyr/arch/arch/arm/core/cortex_m/cmse/libarch__arm__core__cortex_m__cmse.a(arm_core_cmse.c.obj)
                0x0000774a                arm_cmse_mpu_region_get
 .text.mpu_configure_region
                0x0000775c       0x32 zephyr/arch/arch/arm/core/mpu/libarch__arm__core__mpu.a(arm_mpu.c.obj)
 .text.picolibc_put
                0x0000778e        0xa zephyr/lib/libc/picolibc/liblib__libc__picolibc.a(stdio.c.obj)
 .text.z_arm_on_enter_cpu_idle
                0x00007798        0x4 zephyr/soc/soc/nrf5340/libsoc__nordic.a(soc.c.obj)
                0x00007798                z_arm_on_enter_cpu_idle
 .text.onoff_stop
                0x0000779c       0x22 zephyr/soc/soc/nrf5340/libsoc__nordic.a(nrf53_cpunet_mgmt.c.obj)
 .text.onoff_start
                0x000077be       0x62 zephyr/soc/soc/nrf5340/libsoc__nordic.a(nrf53_cpunet_mgmt.c.obj)
 .text.z_ztest_shuffle
                0x00007820       0x4e zephyr/subsys/testsuite/ztest/libsubsys__testsuite__ztest.a(ztest.c.obj)
 .text.ztest_skip_failed_assumption
                0x0000786e        0x4 zephyr/subsys/testsuite/ztest/libsubsys__testsuite__ztest.a(ztest.c.obj)
                0x0000786e                ztest_skip_failed_assumption
 .text.test_main
                0x00007872       0x16 zephyr/subsys/testsuite/ztest/libsubsys__testsuite__ztest.a(ztest.c.obj)
                0x00007872                test_main
 .text.z_ztest_should_suite_run
                0x00007888        0xa zephyr/subsys/testsuite/ztest/libsubsys__testsuite__ztest.a(ztest_defaults.c.obj)
                0x00007888                z_ztest_should_suite_run
 .text.z_ztest_should_test_run
                0x00007892        0x4 zephyr/subsys/testsuite/ztest/libsubsys__testsuite__ztest.a(ztest_defaults.c.obj)
                0x00007892                z_ztest_should_test_run
 .text.z_ztest_run_all
                0x00007896        0x4 zephyr/subsys/testsuite/ztest/libsubsys__testsuite__ztest.a(ztest_defaults.c.obj)
                0x00007896                z_ztest_run_all
 .text.ztest_relative_filename
                0x0000789a        0x2 zephyr/subsys/testsuite/ztest/libsubsys__testsuite__ztest.a(ztest_defaults.c.obj)
                0x0000789a                ztest_relative_filename
 .text.async_start
                0x0000789c       0x62 zephyr/drivers/clock_control/libdrivers__clock_control.a(clock_control_nrf.c.obj)
 .text.api_start
                0x000078fe        0xe zephyr/drivers/clock_control/libdrivers__clock_control.a(clock_control_nrf.c.obj)
 .text.onoff_started_callback
                0x0000790c        0xc zephyr/drivers/clock_control/libdrivers__clock_control.a(clock_control_nrf.c.obj)
 .text.hfclkaudio_start
                0x00007918        0x6 zephyr/drivers/clock_control/libdrivers__clock_control.a(clock_control_nrf.c.obj)
 .text.hfclk192m_start
                0x0000791e        0x6 zephyr/drivers/clock_control/libdrivers__clock_control.a(clock_control_nrf.c.obj)
 .text.hfclkaudio_stop
                0x00007924        0x6 zephyr/drivers/clock_control/libdrivers__clock_control.a(clock_control_nrf.c.obj)
 .text.hfclk192m_stop
                0x0000792a        0x6 zephyr/drivers/clock_control/libdrivers__clock_control.a(clock_control_nrf.c.obj)
 .text.blocking_start_callback
                0x00007930        0x6 zephyr/drivers/clock_control/libdrivers__clock_control.a(clock_control_nrf.c.obj)
 .text.lfclk_stop
                0x00007936        0x4 zephyr/drivers/clock_control/libdrivers__clock_control.a(clock_control_nrf.c.obj)
 .text.lfclk_start
                0x0000793a        0x4 zephyr/drivers/clock_control/libdrivers__clock_control.a(clock_control_nrf.c.obj)
 .text.api_stop
                0x0000793e        0x6 zephyr/drivers/clock_control/libdrivers__clock_control.a(clock_control_nrf.c.obj)
 .text.gpio_nrfx_port_get_raw
                0x00007944        0xc zephyr/drivers/gpio/libdrivers__gpio.a(gpio_nrfx.c.obj)
 .text.gpio_nrfx_port_set_masked_raw
                0x00007950       0x14 zephyr/drivers/gpio/libdrivers__gpio.a(gpio_nrfx.c.obj)
 .text.gpio_nrfx_port_set_bits_raw
                0x00007964        0xa zephyr/drivers/gpio/libdrivers__gpio.a(gpio_nrfx.c.obj)
 .text.gpio_nrfx_port_clear_bits_raw
                0x0000796e        0xa zephyr/drivers/gpio/libdrivers__gpio.a(gpio_nrfx.c.obj)
 .text.gpio_nrfx_port_toggle_bits
                0x00007978       0x14 zephyr/drivers/gpio/libdrivers__gpio.a(gpio_nrfx.c.obj)
 .text.gpio_nrfx_gpiote_irq_handler
                0x0000798c        0x4 zephyr/drivers/gpio/libdrivers__gpio.a(gpio_nrfx.c.obj)
                0x0000798c                gpio_nrfx_gpiote_irq_handler
 .text.pinctrl_lookup_state
                0x00007990       0x24 zephyr/drivers/pinctrl/libdrivers__pinctrl.a(common.c.obj)
                0x00007990                pinctrl_lookup_state
 .text.uarte_nrfx_err_check
                0x000079b4        0xe zephyr/drivers/serial/libdrivers__serial.a(uart_nrfx_uarte.c.obj)
 .text.uarte_nrfx_poll_in
                0x000079c2       0x26 zephyr/drivers/serial/libdrivers__serial.a(uart_nrfx_uarte.c.obj)
 .text.is_tx_ready.isra.0
                0x000079e8       0x20 zephyr/drivers/serial/libdrivers__serial.a(uart_nrfx_uarte.c.obj)
 .text.uarte_nrfx_isr_int
                0x00007a08       0x42 zephyr/drivers/serial/libdrivers__serial.a(uart_nrfx_uarte.c.obj)
 .text.pinctrl_apply_state.isra.0
                0x00007a4a       0x1e zephyr/drivers/serial/libdrivers__serial.a(uart_nrfx_uarte.c.obj)
 .text.sys_clock_cycle_get_32
                0x00007a68        0x8 zephyr/drivers/timer/libdrivers__timer.a(nrf_rtc_timer.c.obj)
                0x00007a68                sys_clock_cycle_get_32
 .text.nrf53_errata_42
                0x00007a70       0x1a modules/hal_nordic/nrfx/libnrfx.a(system_nrf5340_application.c.obj)
 .text.nrfx_isr
                0x00007a8a        0x6 modules/hal_nordic/nrfx/libnrfx.a(nrfx_glue.c.obj)
                0x00007a8a                nrfx_isr
 .text.nrfx_busy_wait
                0x00007a90        0x4 modules/hal_nordic/nrfx/libnrfx.a(nrfx_glue.c.obj)
                0x00007a90                nrfx_busy_wait
 .text.nrfx_flag32_alloc
                0x00007a94       0x34 modules/hal_nordic/nrfx/libnrfx.a(nrfx_flag32_allocator.c.obj)
                0x00007a94                nrfx_flag32_alloc
 .text.nrfx_flag32_free
                0x00007ac8       0x32 modules/hal_nordic/nrfx/libnrfx.a(nrfx_flag32_allocator.c.obj)
                0x00007ac8                nrfx_flag32_free
 .text.nrfx_gppi_conn_alloc
                0x00007afa       0x3e modules/hal_nordic/nrfx/libnrfx.a(nrfx_gppi_dppi.c.obj)
                0x00007afa                nrfx_gppi_conn_alloc
 .text.nrfx_power_clock_irq_handler
                0x00007b38       0x16 modules/hal_nordic/nrfx/libnrfx.a(nrfx_clock.c.obj)
                0x00007b38                nrfx_power_clock_irq_handler
 .text.clock_stop
                0x00007b4e       0x38 modules/hal_nordic/nrfx/libnrfx.a(nrfx_clock_hfclk.c.obj)
 .text.clock_stop
                0x00007b86       0x34 modules/hal_nordic/nrfx/libnrfx.a(nrfx_clock_hfclkaudio.c.obj)
 .text.clock_stop
                0x00007bba       0x34 modules/hal_nordic/nrfx/libnrfx.a(nrfx_clock_hfclk192m.c.obj)
 .text.clock_stop
                0x00007bee       0x32 modules/hal_nordic/nrfx/libnrfx.a(nrfx_clock_lfclk.c.obj)
 .text.nrf_gpio_pin_present_check
                0x00007c20       0x24 modules/hal_nordic/nrfx/libnrfx.a(nrfx_gpiote.c.obj)
 .text.pin_in_use_by_te
                0x00007c44       0x16 modules/hal_nordic/nrfx/libnrfx.a(nrfx_gpiote.c.obj)
 .text.pin_has_trigger
                0x00007c5a       0x1c modules/hal_nordic/nrfx/libnrfx.a(nrfx_gpiote.c.obj)
 .text.pin_is_output
                0x00007c76       0x16 modules/hal_nordic/nrfx/libnrfx.a(nrfx_gpiote.c.obj)
 .text.pin_is_task_output
                0x00007c8c       0x16 modules/hal_nordic/nrfx/libnrfx.a(nrfx_gpiote.c.obj)
 .text.pin_te_get
                0x00007ca2       0x14 modules/hal_nordic/nrfx/libnrfx.a(nrfx_gpiote.c.obj)
 .text.call_handler
                0x00007cb6       0x3e modules/hal_nordic/nrfx/libnrfx.a(nrfx_gpiote.c.obj)
 .text.nrf_gpio_reconfigure
                0x00007cf4       0x9a modules/hal_nordic/nrfx/libnrfx.a(nrfx_gpiote.c.obj)
 .text.nrf_gpio_cfg_sense_set
                0x00007d8e       0x1e modules/hal_nordic/nrfx/libnrfx.a(nrfx_gpiote.c.obj)
 .text.__nrfy_internal_gpiote_events_process
                0x00007dac       0x58 modules/hal_nordic/nrfx/libnrfx.a(nrfx_gpiote.c.obj)
 .text.pin_trigger_disable
                0x00007e04       0x44 modules/hal_nordic/nrfx/libnrfx.a(nrfx_gpiote.c.obj)
 .text.z_impl_k_busy_wait
                0x00007e48        0x8 zephyr/kernel/libkernel.a(busy_wait.c.obj)
                0x00007e48                z_impl_k_busy_wait
 .text.z_impl_device_is_ready
                0x00007e50       0x16 zephyr/kernel/libkernel.a(device.c.obj)
                0x00007e50                z_impl_device_is_ready
 .text.arch_system_halt
                0x00007e66       0x10 zephyr/kernel/libkernel.a(fatal.c.obj)
                0x00007e66                arch_system_halt
 .text.k_is_in_isr
                0x00007e76        0xc zephyr/kernel/libkernel.a(thread.c.obj)
                0x00007e76                k_is_in_isr
 .text.k_thread_name_get
                0x00007e82        0x4 zephyr/kernel/libkernel.a(thread.c.obj)
                0x00007e82                k_thread_name_get
 .text.sys_dlist_remove
                0x00007e86       0x10 zephyr/kernel/libkernel.a(sched.c.obj)
 .text.add_to_waitq_locked
                0x00007e96       0x4c zephyr/kernel/libkernel.a(sched.c.obj)
 .text.z_sched_ready_locked
                0x00007ee2        0x4 zephyr/kernel/libkernel.a(sched.c.obj)
                0x00007ee2                z_sched_ready_locked
 .text.z_sched_unready_locked
                0x00007ee6        0x4 zephyr/kernel/libkernel.a(sched.c.obj)
                0x00007ee6                z_sched_unready_locked
 .text.z_sched_add_to_waitq_locked
                0x00007eea        0x4 zephyr/kernel/libkernel.a(sched.c.obj)
                0x00007eea                z_sched_add_to_waitq_locked
 .text.z_sched_wake_thread_locked
                0x00007eee       0x28 zephyr/kernel/libkernel.a(sched.c.obj)
                0x00007eee                z_sched_wake_thread_locked
 .text.z_reschedule
                0x00007f16        0x4 zephyr/kernel/libkernel.a(sched.c.obj)
                0x00007f16                z_reschedule
 .text.next_timeout
                0x00007f1a       0x2e zephyr/kernel/libkernel.a(timeout.c.obj)
 .text.sys_clock_tick_get_32
                0x00007f48        0x8 zephyr/kernel/libkernel.a(timeout.c.obj)
                0x00007f48                sys_clock_tick_get_32
 .text.memcpy   0x00007f50       0x1a /Users/bytelight/zephyr-sdk-1.0.1/gnu/arm-zephyr-eabi/bin/../lib/gcc/arm-zephyr-eabi/14.3.0/../../../../arm-zephyr-eabi/lib/thumb/v8-m.main/nofp/space/libc.a(memcpy.c.o)
                0x00007f50                memcpy
                0x00007f50                __aeabi_memcpy
                0x00007f50                __aeabi_memcpy4
                0x00007f50                __aeabi_memcpy8
 .text.memset   0x00007f6a       0x10 /Users/bytelight/zephyr-sdk-1.0.1/gnu/arm-zephyr-eabi/bin/../lib/gcc/arm-zephyr-eabi/14.3.0/../../../../arm-zephyr-eabi/lib/thumb/v8-m.main/nofp/space/libc.a(memset.c.o)
                0x00007f6a                memset
 .text.strncpy  0x00007f7a       0x26 /Users/bytelight/zephyr-sdk-1.0.1/gnu/arm-zephyr-eabi/bin/../lib/gcc/arm-zephyr-eabi/14.3.0/../../../../arm-zephyr-eabi/lib/thumb/v8-m.main/nofp/space/libc.a(libc_string_strncpy.c.o)
                0x00007f7a                strncpy
 .text.strnlen  0x00007fa0       0x18 /Users/bytelight/zephyr-sdk-1.0.1/gnu/arm-zephyr-eabi/bin/../lib/gcc/arm-zephyr-eabi/14.3.0/../../../../arm-zephyr-eabi/lib/thumb/v8-m.main/nofp/space/libc.a(libc_string_strnlen.c.o)
                0x00007fa0                strnlen
 .text.__ultoa_invert
                0x00007fb8       0xac /Users/bytelight/zephyr-sdk-1.0.1/gnu/arm-zephyr-eabi/bin/../lib/gcc/arm-zephyr-eabi/14.3.0/../../../../arm-zephyr-eabi/lib/thumb/v8-m.main/nofp/space/libc.a(libc_tinystdio_vflprintf.c.o)
 *(SORT_BY_ALIGNMENT(.gnu.linkonce.t.*))
 *(SORT_BY_ALIGNMENT(.glue_7t))
 .glue_7t       0x00008064        0x0 linker stubs
 *(SORT_BY_ALIGNMENT(.glue_7))
 .glue_7        0x00008064        0x0 linker stubs
 *(SORT_BY_ALIGNMENT(.vfp11_veneer))
 .vfp11_veneer  0x00008064        0x0 linker stubs
 *(SORT_BY_ALIGNMENT(.v4_bx))
 .v4_bx         0x00008064        0x0 linker stubs
                0x00008064                        . = ALIGN (0x4)
                0x00008064                        __text_region_end = .

.ARM.exidx      0x00008064        0x0
                0x00008064                        __exidx_start = .
 *(SORT_BY_ALIGNMENT(.ARM.exidx*) SORT_BY_ALIGNMENT(gnu.linkonce.armexidx.*))
                0x00008064                        __exidx_end = .
                0x00008064                        __rodata_region_start = .

initlevel       0x00008064       0x48
                0x00008064                        __init_start = .
                0x00008064                        __init_EARLY_start = .
 *(SORT_BY_NAME(SORT_BY_ALIGNMENT(.z_init_EARLY_P_?_*)))
 .z_init_EARLY_P_0_SUB_0_
                0x00008064        0x8 zephyr/soc/soc/nrf5340/libsoc__nordic.a(gppi_init.c.obj)
 *(SORT_BY_NAME(SORT_BY_ALIGNMENT(.z_init_EARLY_P_??_*)))
 *(SORT_BY_NAME(SORT_BY_ALIGNMENT(.z_init_EARLY_P_???_*)))
                0x0000806c                        __init_PRE_KERNEL_1_start = .
 *(SORT_BY_NAME(SORT_BY_ALIGNMENT(.z_init_PRE_KERNEL_1_P_?_*)))
 *(SORT_BY_NAME(SORT_BY_ALIGNMENT(.z_init_PRE_KERNEL_1_P_??_*)))
 .z_init_PRE_KERNEL_1_P_30_SUB_00087_
                0x0000806c        0x8 zephyr/drivers/clock_control/libdrivers__clock_control.a(clock_control_nrf.c.obj)
 .z_init_PRE_KERNEL_1_P_40_SUB_00012_
                0x00008074        0x8 zephyr/drivers/gpio/libdrivers__gpio.a(gpio_nrfx.c.obj)
 .z_init_PRE_KERNEL_1_P_40_SUB_00033_
                0x0000807c        0x8 zephyr/drivers/gpio/libdrivers__gpio.a(gpio_nrfx.c.obj)
 .z_init_PRE_KERNEL_1_P_50_SUB_00124_
                0x00008084        0x8 zephyr/drivers/serial/libdrivers__serial.a(uart_nrfx_uarte.c.obj)
 .z_init_PRE_KERNEL_1_P_60_SUB_0_
                0x0000808c        0x8 zephyr/drivers/console/libdrivers__console.a(uart_console.c.obj)
 *(SORT_BY_NAME(SORT_BY_ALIGNMENT(.z_init_PRE_KERNEL_1_P_???_*)))
                0x00008094                        __init_PRE_KERNEL_2_start = .
 *(SORT_BY_NAME(SORT_BY_ALIGNMENT(.z_init_PRE_KERNEL_2_P_?_*)))
 .z_init_PRE_KERNEL_2_P_0_SUB_0_
                0x00008094        0x8 zephyr/drivers/timer/libdrivers__timer.a(nrf_rtc_timer.c.obj)
 *(SORT_BY_NAME(SORT_BY_ALIGNMENT(.z_init_PRE_KERNEL_2_P_??_*)))
 *(SORT_BY_NAME(SORT_BY_ALIGNMENT(.z_init_PRE_KERNEL_2_P_???_*)))
                0x0000809c                        __init_POST_KERNEL_start = .
 *(SORT_BY_NAME(SORT_BY_ALIGNMENT(.z_init_POST_KERNEL_P_?_*)))
 *(SORT_BY_NAME(SORT_BY_ALIGNMENT(.z_init_POST_KERNEL_P_??_*)))
 .z_init_POST_KERNEL_P_35_SUB_0_
                0x0000809c        0x8 zephyr/lib/libc/common/liblib__libc__common.a(malloc.c.obj)
 *(SORT_BY_NAME(SORT_BY_ALIGNMENT(.z_init_POST_KERNEL_P_???_*)))
                0x000080a4                        __init_APPLICATION_start = .
 *(SORT_BY_NAME(SORT_BY_ALIGNMENT(.z_init_APPLICATION_P_?_*)))
 .z_init_APPLICATION_P_0_SUB_0_
                0x000080a4        0x8 zephyr/libzephyr.a(boot_banner.c.obj)
 *(SORT_BY_NAME(SORT_BY_ALIGNMENT(.z_init_APPLICATION_P_??_*)))
 *(SORT_BY_NAME(SORT_BY_ALIGNMENT(.z_init_APPLICATION_P_???_*)))
                0x000080ac                        __init_SMP_start = .
 *(SORT_BY_NAME(SORT_BY_ALIGNMENT(.z_init_SMP_P_?_*)))
 *(SORT_BY_NAME(SORT_BY_ALIGNMENT(.z_init_SMP_P_??_*)))
 *(SORT_BY_NAME(SORT_BY_ALIGNMENT(.z_init_SMP_P_???_*)))
                0x000080ac                        __init_end = .

device_area     0x000080ac       0x70
                0x000080ac                        _device_list_start = .
 *(SORT_BY_NAME(SORT_BY_ALIGNMENT(._device.static.*_?_*)))
 *(SORT_BY_NAME(SORT_BY_ALIGNMENT(._device.static.*_??_*)))
 ._device.static.1_30_
                0x000080ac       0x1c zephyr/drivers/clock_control/libdrivers__clock_control.a(clock_control_nrf.c.obj)
                0x000080ac                __device_dts_ord_87
 ._device.static.1_40_
                0x000080c8       0x38 zephyr/drivers/gpio/libdrivers__gpio.a(gpio_nrfx.c.obj)
                0x000080c8                __device_dts_ord_33
                0x000080e4                __device_dts_ord_12
 ._device.static.1_50_
                0x00008100       0x1c zephyr/drivers/serial/libdrivers__serial.a(uart_nrfx_uarte.c.obj)
                0x00008100                __device_dts_ord_124
 *(SORT_BY_NAME(SORT_BY_ALIGNMENT(._device.static.*_???_*)))
 *(SORT_BY_NAME(SORT_BY_ALIGNMENT(._device.static.*_????_*)))
 *(SORT_BY_NAME(SORT_BY_ALIGNMENT(._device.static.*_?????_*)))
                0x0000811c                        _device_list_end = .

sw_isr_table    0x0000811c      0x228
                0x0000811c                        . = ALIGN (0x4)
 *(SORT_BY_ALIGNMENT(.gnu.linkonce.sw_isr_table*))
 .gnu.linkonce.sw_isr_table
                0x0000811c      0x228 zephyr/arch/common/libisr_tables.a(isr_tables.c.obj)
                0x0000811c                _sw_isr_table

initlevel_error
 *(SORT_BY_NAME(SORT_BY_ALIGNMENT(.z_init_*)))
                0x00000001                        ASSERT ((SIZEOF (initlevel_error) == 0x0), Undefined initialization levels used.)

app_shmem_regions
                0x00008344        0x0
                0x00008344                        __app_shmem_regions_start = .
 *(SORT_BY_NAME(SORT_BY_ALIGNMENT(.app_regions.*)))
                0x00008344                        __app_shmem_regions_end = .

k_p4wq_initparam_area
                0x00008344        0x0
                0x00008344                        _k_p4wq_initparam_list_start = .
 *(SORT_BY_NAME(SORT_BY_ALIGNMENT(._k_p4wq_initparam.static.*)))
                0x00008344                        _k_p4wq_initparam_list_end = .

_static_thread_data_area
                0x00008344        0x0
                0x00008344                        __static_thread_data_list_start = .
 *(SORT_BY_NAME(SORT_BY_ALIGNMENT(.__static_thread_data.static.*)))
                0x00008344                        __static_thread_data_list_end = .

device_deps     0x00008344        0x0
                0x00008344                        __device_deps_start = .
 *(SORT_BY_NAME(SORT_BY_ALIGNMENT(.__device_deps_pass2*)))
                0x00008344                        __device_deps_end = .

device_api_area
                0x00008344       0x4c
                0x00008344                        _gpio_driver_api_list_start = .
 *(SORT_BY_NAME(SORT_BY_ALIGNMENT(._gpio_driver_api.static.*)))
 ._gpio_driver_api.static.gpio_nrfx_drv_api_funcs_
                0x00008344       0x24 zephyr/drivers/gpio/libdrivers__gpio.a(gpio_nrfx.c.obj)
                0x00008368                        _gpio_driver_api_list_end = .
                0x00008368                        _gpio_driver_api_ext_end = .
                0x00008368                        _shared_irq_driver_api_list_start = .
 *(SORT_BY_NAME(SORT_BY_ALIGNMENT(._shared_irq_driver_api.static.*)))
                0x00008368                        _shared_irq_driver_api_list_end = .
                0x00008368                        _shared_irq_driver_api_ext_end = .
                0x00008368                        _dmic_driver_api_list_start = .
 *(SORT_BY_NAME(SORT_BY_ALIGNMENT(._dmic_driver_api.static.*)))
                0x00008368                        _dmic_driver_api_list_end = .
                0x00008368                        _dmic_driver_api_ext_end = .
                0x00008368                        _crypto_driver_api_list_start = .
 *(SORT_BY_NAME(SORT_BY_ALIGNMENT(._crypto_driver_api.static.*)))
                0x00008368                        _crypto_driver_api_list_end = .
                0x00008368                        _crypto_driver_api_ext_end = .
                0x00008368                        _adc_driver_api_list_start = .
 *(SORT_BY_NAME(SORT_BY_ALIGNMENT(._adc_driver_api.static.*)))
                0x00008368                        _adc_driver_api_list_end = .
                0x00008368                        _adc_driver_api_ext_end = .
                0x00008368                        _auxdisplay_driver_api_list_start = .
 *(SORT_BY_NAME(SORT_BY_ALIGNMENT(._auxdisplay_driver_api.static.*)))
                0x00008368                        _auxdisplay_driver_api_list_end = .
                0x00008368                        _auxdisplay_driver_api_ext_end = .
                0x00008368                        _bbram_driver_api_list_start = .
 *(SORT_BY_NAME(SORT_BY_ALIGNMENT(._bbram_driver_api.static.*)))
                0x00008368                        _bbram_driver_api_list_end = .
                0x00008368                        _bbram_driver_api_ext_end = .
                0x00008368                        _biometric_driver_api_list_start = .
 *(SORT_BY_NAME(SORT_BY_ALIGNMENT(._biometric_driver_api.static.*)))
                0x00008368                        _biometric_driver_api_list_end = .
                0x00008368                        _biometric_driver_api_ext_end = .
                0x00008368                        _bt_hci_driver_api_list_start = .
 *(SORT_BY_NAME(SORT_BY_ALIGNMENT(._bt_hci_driver_api.static.*)))
                0x00008368                        _bt_hci_driver_api_list_end = .
                0x00008368                        _bt_hci_driver_api_ext_end = .
                0x00008368                        _can_driver_api_list_start = .
 *(SORT_BY_NAME(SORT_BY_ALIGNMENT(._can_driver_api.static.*)))
                0x00008368                        _can_driver_api_list_end = .
                0x00008368                        _can_driver_api_ext_end = .
                0x00008368                        _cellular_driver_api_list_start = .
 *(SORT_BY_NAME(SORT_BY_ALIGNMENT(._cellular_driver_api.static.*)))
                0x00008368                        _cellular_driver_api_list_end = .
                0x00008368                        _cellular_driver_api_ext_end = .
                0x00008368                        _charger_driver_api_list_start = .
 *(SORT_BY_NAME(SORT_BY_ALIGNMENT(._charger_driver_api.static.*)))
                0x00008368                        _charger_driver_api_list_end = .
                0x00008368                        _charger_driver_api_ext_end = .
                0x00008368                        _clock_control_driver_api_list_start = .
 *(SORT_BY_NAME(SORT_BY_ALIGNMENT(._clock_control_driver_api.static.*)))
 ._clock_control_driver_api.static.clock_control_api_
                0x00008368       0x1c zephyr/drivers/clock_control/libdrivers__clock_control.a(clock_control_nrf.c.obj)
                0x00008384                        _clock_control_driver_api_list_end = .
                0x00008384                        _nrf_clock_control_driver_api_list_start = .
 *(SORT_BY_NAME(SORT_BY_ALIGNMENT(._nrf_clock_control_driver_api.static.*)))
                0x00008384                        _nrf_clock_control_driver_api_list_end = .
                0x00008384                        _nrf_clock_control_driver_api_ext_end = .
                0x00008384                        _clock_control_driver_api_ext_end = .
                0x00008384                        _comparator_driver_api_list_start = .
 *(SORT_BY_NAME(SORT_BY_ALIGNMENT(._comparator_driver_api.static.*)))
                0x00008384                        _comparator_driver_api_list_end = .
                0x00008384                        _comparator_driver_api_ext_end = .
                0x00008384                        _coredump_driver_api_list_start = .
 *(SORT_BY_NAME(SORT_BY_ALIGNMENT(._coredump_driver_api.static.*)))
                0x00008384                        _coredump_driver_api_list_end = .
                0x00008384                        _coredump_driver_api_ext_end = .
                0x00008384                        _counter_driver_api_list_start = .
 *(SORT_BY_NAME(SORT_BY_ALIGNMENT(._counter_driver_api.static.*)))
                0x00008384                        _counter_driver_api_list_end = .
                0x00008384                        _counter_driver_api_ext_end = .
                0x00008384                        _crc_driver_api_list_start = .
 *(SORT_BY_NAME(SORT_BY_ALIGNMENT(._crc_driver_api.static.*)))
                0x00008384                        _crc_driver_api_list_end = .
                0x00008384                        _crc_driver_api_ext_end = .
                0x00008384                        _dac_driver_api_list_start = .
 *(SORT_BY_NAME(SORT_BY_ALIGNMENT(._dac_driver_api.static.*)))
                0x00008384                        _dac_driver_api_list_end = .
                0x00008384                        _dac_driver_api_ext_end = .
                0x00008384                        _dai_driver_api_list_start = .
 *(SORT_BY_NAME(SORT_BY_ALIGNMENT(._dai_driver_api.static.*)))
                0x00008384                        _dai_driver_api_list_end = .
                0x00008384                        _dai_driver_api_ext_end = .
                0x00008384                        _display_driver_api_list_start = .
 *(SORT_BY_NAME(SORT_BY_ALIGNMENT(._display_driver_api.static.*)))
                0x00008384                        _display_driver_api_list_end = .
                0x00008384                        _display_driver_api_ext_end = .
                0x00008384                        _dma_driver_api_list_start = .
 *(SORT_BY_NAME(SORT_BY_ALIGNMENT(._dma_driver_api.static.*)))
                0x00008384                        _dma_driver_api_list_end = .
                0x00008384                        _dma_driver_api_ext_end = .
                0x00008384                        _edac_driver_api_list_start = .
 *(SORT_BY_NAME(SORT_BY_ALIGNMENT(._edac_driver_api.static.*)))
                0x00008384                        _edac_driver_api_list_end = .
                0x00008384                        _edac_driver_api_ext_end = .
                0x00008384                        _eeprom_driver_api_list_start = .
 *(SORT_BY_NAME(SORT_BY_ALIGNMENT(._eeprom_driver_api.static.*)))
                0x00008384                        _eeprom_driver_api_list_end = .
                0x00008384                        _eeprom_driver_api_ext_end = .
                0x00008384                        _emul_bbram_driver_api_list_start = .
 *(SORT_BY_NAME(SORT_BY_ALIGNMENT(._emul_bbram_driver_api.static.*)))
                0x00008384                        _emul_bbram_driver_api_list_end = .
                0x00008384                        _emul_bbram_driver_api_ext_end = .
                0x00008384                        _fuel_gauge_emul_driver_api_list_start = .
 *(SORT_BY_NAME(SORT_BY_ALIGNMENT(._fuel_gauge_emul_driver_api.static.*)))
                0x00008384                        _fuel_gauge_emul_driver_api_list_end = .
                0x00008384                        _fuel_gauge_emul_driver_api_ext_end = .
                0x00008384                        _emul_sensor_driver_api_list_start = .
 *(SORT_BY_NAME(SORT_BY_ALIGNMENT(._emul_sensor_driver_api.static.*)))
                0x00008384                        _emul_sensor_driver_api_list_end = .
                0x00008384                        _emul_sensor_driver_api_ext_end = .
                0x00008384                        _entropy_driver_api_list_start = .
 *(SORT_BY_NAME(SORT_BY_ALIGNMENT(._entropy_driver_api.static.*)))
                0x00008384                        _entropy_driver_api_list_end = .
                0x00008384                        _entropy_driver_api_ext_end = .
                0x00008384                        _espi_driver_api_list_start = .
 *(SORT_BY_NAME(SORT_BY_ALIGNMENT(._espi_driver_api.static.*)))
                0x00008384                        _espi_driver_api_list_end = .
                0x00008384                        _espi_driver_api_ext_end = .
                0x00008384                        _espi_saf_driver_api_list_start = .
 *(SORT_BY_NAME(SORT_BY_ALIGNMENT(._espi_saf_driver_api.static.*)))
                0x00008384                        _espi_saf_driver_api_list_end = .
                0x00008384                        _espi_saf_driver_api_ext_end = .
                0x00008384                        _flash_driver_api_list_start = .
 *(SORT_BY_NAME(SORT_BY_ALIGNMENT(._flash_driver_api.static.*)))
                0x00008384                        _flash_driver_api_list_end = .
                0x00008384                        _flash_driver_api_ext_end = .
                0x00008384                        _fpga_driver_api_list_start = .
 *(SORT_BY_NAME(SORT_BY_ALIGNMENT(._fpga_driver_api.static.*)))
                0x00008384                        _fpga_driver_api_list_end = .
                0x00008384                        _fpga_driver_api_ext_end = .
                0x00008384                        _fuel_gauge_driver_api_list_start = .
 *(SORT_BY_NAME(SORT_BY_ALIGNMENT(._fuel_gauge_driver_api.static.*)))
                0x00008384                        _fuel_gauge_driver_api_list_end = .
                0x00008384                        _fuel_gauge_driver_api_ext_end = .
                0x00008384                        _gnss_driver_api_list_start = .
 *(SORT_BY_NAME(SORT_BY_ALIGNMENT(._gnss_driver_api.static.*)))
                0x00008384                        _gnss_driver_api_list_end = .
                0x00008384                        _gnss_driver_api_ext_end = .
                0x00008384                        _haptics_driver_api_list_start = .
 *(SORT_BY_NAME(SORT_BY_ALIGNMENT(._haptics_driver_api.static.*)))
                0x00008384                        _haptics_driver_api_list_end = .
                0x00008384                        _haptics_driver_api_ext_end = .
                0x00008384                        _hwspinlock_driver_api_list_start = .
 *(SORT_BY_NAME(SORT_BY_ALIGNMENT(._hwspinlock_driver_api.static.*)))
                0x00008384                        _hwspinlock_driver_api_list_end = .
                0x00008384                        _hwspinlock_driver_api_ext_end = .
                0x00008384                        _i2c_driver_api_list_start = .
 *(SORT_BY_NAME(SORT_BY_ALIGNMENT(._i2c_driver_api.static.*)))
                0x00008384                        _i2c_driver_api_list_end = .
                0x00008384                        _i3c_driver_api_list_start = .
 *(SORT_BY_NAME(SORT_BY_ALIGNMENT(._i3c_driver_api.static.*)))
                0x00008384                        _i3c_driver_api_list_end = .
                0x00008384                        _i3c_driver_api_ext_end = .
                0x00008384                        _i2c_driver_api_ext_end = .
                0x00008384                        _i2c_target_driver_api_list_start = .
 *(SORT_BY_NAME(SORT_BY_ALIGNMENT(._i2c_target_driver_api.static.*)))
                0x00008384                        _i2c_target_driver_api_list_end = .
                0x00008384                        _i2c_target_driver_api_ext_end = .
                0x00008384                        _i2s_driver_api_list_start = .
 *(SORT_BY_NAME(SORT_BY_ALIGNMENT(._i2s_driver_api.static.*)))
                0x00008384                        _i2s_driver_api_list_end = .
                0x00008384                        _i2s_driver_api_ext_end = .
                0x00008384                        _ipm_driver_api_list_start = .
 *(SORT_BY_NAME(SORT_BY_ALIGNMENT(._ipm_driver_api.static.*)))
                0x00008384                        _ipm_driver_api_list_end = .
                0x00008384                        _ipm_driver_api_ext_end = .
                0x00008384                        _led_driver_api_list_start = .
 *(SORT_BY_NAME(SORT_BY_ALIGNMENT(._led_driver_api.static.*)))
                0x00008384                        _led_driver_api_list_end = .
                0x00008384                        _led_driver_api_ext_end = .
                0x00008384                        _led_strip_driver_api_list_start = .
 *(SORT_BY_NAME(SORT_BY_ALIGNMENT(._led_strip_driver_api.static.*)))
                0x00008384                        _led_strip_driver_api_list_end = .
                0x00008384                        _led_strip_driver_api_ext_end = .
                0x00008384                        _lora_driver_api_list_start = .
 *(SORT_BY_NAME(SORT_BY_ALIGNMENT(._lora_driver_api.static.*)))
                0x00008384                        _lora_driver_api_list_end = .
                0x00008384                        _lora_driver_api_ext_end = .
                0x00008384                        _mbox_driver_api_list_start = .
 *(SORT_BY_NAME(SORT_BY_ALIGNMENT(._mbox_driver_api.static.*)))
                0x00008384                        _mbox_driver_api_list_end = .
                0x00008384                        _mbox_driver_api_ext_end = .
                0x00008384                        _mdio_driver_api_list_start = .
 *(SORT_BY_NAME(SORT_BY_ALIGNMENT(._mdio_driver_api.static.*)))
                0x00008384                        _mdio_driver_api_list_end = .
                0x00008384                        _mdio_driver_api_ext_end = .
                0x00008384                        _mipi_dbi_driver_api_list_start = .
 *(SORT_BY_NAME(SORT_BY_ALIGNMENT(._mipi_dbi_driver_api.static.*)))
                0x00008384                        _mipi_dbi_driver_api_list_end = .
                0x00008384                        _mipi_dbi_driver_api_ext_end = .
                0x00008384                        _mipi_dsi_driver_api_list_start = .
 *(SORT_BY_NAME(SORT_BY_ALIGNMENT(._mipi_dsi_driver_api.static.*)))
                0x00008384                        _mipi_dsi_driver_api_list_end = .
                0x00008384                        _mipi_dsi_driver_api_ext_end = .
                0x00008384                        _mspi_driver_api_list_start = .
 *(SORT_BY_NAME(SORT_BY_ALIGNMENT(._mspi_driver_api.static.*)))
                0x00008384                        _mspi_driver_api_list_end = .
                0x00008384                        _mspi_driver_api_ext_end = .
                0x00008384                        _opamp_driver_api_list_start = .
 *(SORT_BY_NAME(SORT_BY_ALIGNMENT(._opamp_driver_api.static.*)))
                0x00008384                        _opamp_driver_api_list_end = .
                0x00008384                        _opamp_driver_api_ext_end = .
                0x00008384                        _otp_driver_api_list_start = .
 *(SORT_BY_NAME(SORT_BY_ALIGNMENT(._otp_driver_api.static.*)))
                0x00008384                        _otp_driver_api_list_end = .
                0x00008384                        _otp_driver_api_ext_end = .
                0x00008384                        _peci_driver_api_list_start = .
 *(SORT_BY_NAME(SORT_BY_ALIGNMENT(._peci_driver_api.static.*)))
                0x00008384                        _peci_driver_api_list_end = .
                0x00008384                        _peci_driver_api_ext_end = .
                0x00008384                        _ps2_driver_api_list_start = .
 *(SORT_BY_NAME(SORT_BY_ALIGNMENT(._ps2_driver_api.static.*)))
                0x00008384                        _ps2_driver_api_list_end = .
                0x00008384                        _ps2_driver_api_ext_end = .
                0x00008384                        _ptp_clock_driver_api_list_start = .
 *(SORT_BY_NAME(SORT_BY_ALIGNMENT(._ptp_clock_driver_api.static.*)))
                0x00008384                        _ptp_clock_driver_api_list_end = .
                0x00008384                        _ptp_clock_driver_api_ext_end = .
                0x00008384                        _pwm_driver_api_list_start = .
 *(SORT_BY_NAME(SORT_BY_ALIGNMENT(._pwm_driver_api.static.*)))
                0x00008384                        _pwm_driver_api_list_end = .
                0x00008384                        _pwm_driver_api_ext_end = .
                0x00008384                        _regulator_parent_driver_api_list_start = .
 *(SORT_BY_NAME(SORT_BY_ALIGNMENT(._regulator_parent_driver_api.static.*)))
                0x00008384                        _regulator_parent_driver_api_list_end = .
                0x00008384                        _regulator_parent_driver_api_ext_end = .
                0x00008384                        _regulator_driver_api_list_start = .
 *(SORT_BY_NAME(SORT_BY_ALIGNMENT(._regulator_driver_api.static.*)))
                0x00008384                        _regulator_driver_api_list_end = .
                0x00008384                        _regulator_driver_api_ext_end = .
                0x00008384                        _reset_driver_api_list_start = .
 *(SORT_BY_NAME(SORT_BY_ALIGNMENT(._reset_driver_api.static.*)))
                0x00008384                        _reset_driver_api_list_end = .
                0x00008384                        _reset_driver_api_ext_end = .
                0x00008384                        _retained_mem_driver_api_list_start = .
 *(SORT_BY_NAME(SORT_BY_ALIGNMENT(._retained_mem_driver_api.static.*)))
                0x00008384                        _retained_mem_driver_api_list_end = .
                0x00008384                        _retained_mem_driver_api_ext_end = .
                0x00008384                        _rtc_driver_api_list_start = .
 *(SORT_BY_NAME(SORT_BY_ALIGNMENT(._rtc_driver_api.static.*)))
                0x00008384                        _rtc_driver_api_list_end = .
                0x00008384                        _rtc_driver_api_ext_end = .
                0x00008384                        _sdhc_driver_api_list_start = .
 *(SORT_BY_NAME(SORT_BY_ALIGNMENT(._sdhc_driver_api.static.*)))
                0x00008384                        _sdhc_driver_api_list_end = .
                0x00008384                        _sdhc_driver_api_ext_end = .
                0x00008384                        _sensor_driver_api_list_start = .
 *(SORT_BY_NAME(SORT_BY_ALIGNMENT(._sensor_driver_api.static.*)))
                0x00008384                        _sensor_driver_api_list_end = .
                0x00008384                        _sensor_driver_api_ext_end = .
                0x00008384                        _smbus_driver_api_list_start = .
 *(SORT_BY_NAME(SORT_BY_ALIGNMENT(._smbus_driver_api.static.*)))
                0x00008384                        _smbus_driver_api_list_end = .
                0x00008384                        _smbus_driver_api_ext_end = .
                0x00008384                        _spi_driver_api_list_start = .
 *(SORT_BY_NAME(SORT_BY_ALIGNMENT(._spi_driver_api.static.*)))
                0x00008384                        _spi_driver_api_list_end = .
                0x00008384                        _spi_driver_api_ext_end = .
                0x00008384                        _syscon_driver_api_list_start = .
 *(SORT_BY_NAME(SORT_BY_ALIGNMENT(._syscon_driver_api.static.*)))
                0x00008384                        _syscon_driver_api_list_end = .
                0x00008384                        _syscon_driver_api_ext_end = .
                0x00008384                        _tee_driver_api_list_start = .
 *(SORT_BY_NAME(SORT_BY_ALIGNMENT(._tee_driver_api.static.*)))
                0x00008384                        _tee_driver_api_list_end = .
                0x00008384                        _tee_driver_api_ext_end = .
                0x00008384                        _tgpio_driver_api_list_start = .
 *(SORT_BY_NAME(SORT_BY_ALIGNMENT(._tgpio_driver_api.static.*)))
                0x00008384                        _tgpio_driver_api_list_end = .
                0x00008384                        _tgpio_driver_api_ext_end = .
                0x00008384                        _uaol_driver_api_list_start = .
 *(SORT_BY_NAME(SORT_BY_ALIGNMENT(._uaol_driver_api.static.*)))
                0x00008384                        _uaol_driver_api_list_end = .
                0x00008384                        _uaol_driver_api_ext_end = .
                0x00008384                        _video_driver_api_list_start = .
 *(SORT_BY_NAME(SORT_BY_ALIGNMENT(._video_driver_api.static.*)))
                0x00008384                        _video_driver_api_list_end = .
                0x00008384                        _video_driver_api_ext_end = .
                0x00008384                        _virtio_driver_api_list_start = .
 *(SORT_BY_NAME(SORT_BY_ALIGNMENT(._virtio_driver_api.static.*)))
                0x00008384                        _virtio_driver_api_list_end = .
                0x00008384                        _virtio_driver_api_ext_end = .
                0x00008384                        _w1_driver_api_list_start = .
 *(SORT_BY_NAME(SORT_BY_ALIGNMENT(._w1_driver_api.static.*)))
                0x00008384                        _w1_driver_api_list_end = .
                0x00008384                        _w1_driver_api_ext_end = .
                0x00008384                        _wdt_driver_api_list_start = .
 *(SORT_BY_NAME(SORT_BY_ALIGNMENT(._wdt_driver_api.static.*)))
                0x00008384                        _wdt_driver_api_list_end = .
                0x00008384                        _wdt_driver_api_ext_end = .
                0x00008384                        _wuc_driver_api_list_start = .
 *(SORT_BY_NAME(SORT_BY_ALIGNMENT(._wuc_driver_api.static.*)))
                0x00008384                        _wuc_driver_api_list_end = .
                0x00008384                        _wuc_driver_api_ext_end = .
                0x00008384                        _can_transceiver_driver_api_list_start = .
 *(SORT_BY_NAME(SORT_BY_ALIGNMENT(._can_transceiver_driver_api.static.*)))
                0x00008384                        _can_transceiver_driver_api_list_end = .
                0x00008384                        _can_transceiver_driver_api_ext_end = .
                0x00008384                        _i3c_target_driver_api_list_start = .
 *(SORT_BY_NAME(SORT_BY_ALIGNMENT(._i3c_target_driver_api.static.*)))
                0x00008384                        _i3c_target_driver_api_list_end = .
                0x00008384                        _i3c_target_driver_api_ext_end = .
                0x00008384                        _its_driver_api_list_start = .
 *(SORT_BY_NAME(SORT_BY_ALIGNMENT(._its_driver_api.static.*)))
                0x00008384                        _its_driver_api_list_end = .
                0x00008384                        _its_driver_api_ext_end = .
                0x00008384                        _vtd_driver_api_list_start = .
 *(SORT_BY_NAME(SORT_BY_ALIGNMENT(._vtd_driver_api.static.*)))
                0x00008384                        _vtd_driver_api_list_end = .
                0x00008384                        _vtd_driver_api_ext_end = .
                0x00008384                        _renesas_elc_driver_api_list_start = .
 *(SORT_BY_NAME(SORT_BY_ALIGNMENT(._renesas_elc_driver_api.static.*)))
                0x00008384                        _renesas_elc_driver_api_list_end = .
                0x00008384                        _renesas_elc_driver_api_ext_end = .
                0x00008384                        _pcie_ctrl_driver_api_list_start = .
 *(SORT_BY_NAME(SORT_BY_ALIGNMENT(._pcie_ctrl_driver_api.static.*)))
                0x00008384                        _pcie_ctrl_driver_api_list_end = .
                0x00008384                        _pcie_ctrl_driver_api_ext_end = .
                0x00008384                        _pcie_ep_driver_api_list_start = .
 *(SORT_BY_NAME(SORT_BY_ALIGNMENT(._pcie_ep_driver_api.static.*)))
                0x00008384                        _pcie_ep_driver_api_list_end = .
                0x00008384                        _pcie_ep_driver_api_ext_end = .
                0x00008384                        _psi5_driver_api_list_start = .
 *(SORT_BY_NAME(SORT_BY_ALIGNMENT(._psi5_driver_api.static.*)))
                0x00008384                        _psi5_driver_api_list_end = .
                0x00008384                        _psi5_driver_api_ext_end = .
                0x00008384                        _sent_driver_api_list_start = .
 *(SORT_BY_NAME(SORT_BY_ALIGNMENT(._sent_driver_api.static.*)))
                0x00008384                        _sent_driver_api_list_end = .
                0x00008384                        _sent_driver_api_ext_end = .
                0x00008384                        _svc_driver_api_list_start = .
 *(SORT_BY_NAME(SORT_BY_ALIGNMENT(._svc_driver_api.static.*)))
                0x00008384                        _svc_driver_api_list_end = .
                0x00008384                        _svc_driver_api_ext_end = .
                0x00008384                        _stepper_driver_api_list_start = .
 *(SORT_BY_NAME(SORT_BY_ALIGNMENT(._stepper_driver_api.static.*)))
                0x00008384                        _stepper_driver_api_list_end = .
                0x00008384                        _stepper_driver_api_ext_end = .
                0x00008384                        _stepper_ctrl_driver_api_list_start = .
 *(SORT_BY_NAME(SORT_BY_ALIGNMENT(._stepper_ctrl_driver_api.static.*)))
                0x00008384                        _stepper_ctrl_driver_api_list_end = .
                0x00008384                        _stepper_ctrl_driver_api_ext_end = .
                0x00008384                        _uart_driver_api_list_start = .
 *(SORT_BY_NAME(SORT_BY_ALIGNMENT(._uart_driver_api.static.*)))
 ._uart_driver_api.static.uart_nrfx_uarte_driver_api_
                0x00008384        0xc zephyr/drivers/serial/libdrivers__serial.a(uart_nrfx_uarte.c.obj)
                0x00008390                        _uart_driver_api_list_end = .
                0x00008390                        _uart_driver_api_ext_end = .
                0x00008390                        _bc12_emul_driver_api_list_start = .
 *(SORT_BY_NAME(SORT_BY_ALIGNMENT(._bc12_emul_driver_api.static.*)))
                0x00008390                        _bc12_emul_driver_api_list_end = .
                0x00008390                        _bc12_emul_driver_api_ext_end = .
                0x00008390                        _bc12_driver_api_list_start = .
 *(SORT_BY_NAME(SORT_BY_ALIGNMENT(._bc12_driver_api.static.*)))
                0x00008390                        _bc12_driver_api_list_end = .
                0x00008390                        _bc12_driver_api_ext_end = .
                0x00008390                        _usbc_ppc_driver_api_list_start = .
 *(SORT_BY_NAME(SORT_BY_ALIGNMENT(._usbc_ppc_driver_api.static.*)))
                0x00008390                        _usbc_ppc_driver_api_list_end = .
                0x00008390                        _usbc_ppc_driver_api_ext_end = .
                0x00008390                        _tcpc_driver_api_list_start = .
 *(SORT_BY_NAME(SORT_BY_ALIGNMENT(._tcpc_driver_api.static.*)))
                0x00008390                        _tcpc_driver_api_list_end = .
                0x00008390                        _tcpc_driver_api_ext_end = .
                0x00008390                        _usbc_vbus_driver_api_list_start = .
 *(SORT_BY_NAME(SORT_BY_ALIGNMENT(._usbc_vbus_driver_api.static.*)))
                0x00008390                        _usbc_vbus_driver_api_list_end = .
                0x00008390                        _usbc_vbus_driver_api_ext_end = .
                0x00008390                        _ivshmem_driver_api_list_start = .
 *(SORT_BY_NAME(SORT_BY_ALIGNMENT(._ivshmem_driver_api.static.*)))
                0x00008390                        _ivshmem_driver_api_list_end = .
                0x00008390                        _ivshmem_driver_api_ext_end = .
                0x00008390                        _ethphy_driver_api_list_start = .
 *(SORT_BY_NAME(SORT_BY_ALIGNMENT(._ethphy_driver_api.static.*)))
                0x00008390                        _ethphy_driver_api_list_end = .
                0x00008390                        _ethphy_driver_api_ext_end = .

ztest           0x00008390      0x290