Archive member included to satisfy reference by file (symbol)

app/libapp.a(test_basic.c.obj)
                              (--whole-archive)
app/libapp.a(calculator.c.obj)
                              (--whole-archive)
zephyr/libzephyr.a(validate_libc.c.obj)
                              (--whole-archive)
zephyr/libzephyr.a(heap.c.obj)
                              (--whole-archive)
zephyr/libzephyr.a(boot_banner.c.obj)
                              (--whole-archive)
zephyr/libzephyr.a(cbprintf_packaged.c.obj)
                              (--whole-archive)
zephyr/libzephyr.a(clock.c.obj)
                              (--whole-archive)
zephyr/libzephyr.a(printk.c.obj)
                              (--whole-archive)
zephyr/libzephyr.a(cbprintf_complete.c.obj)
                              (--whole-archive)
zephyr/libzephyr.a(assert.c.obj)
                              (--whole-archive)
zephyr/libzephyr.a(dec.c.obj)
                              (--whole-archive)
zephyr/libzephyr.a(hex.c.obj)
                              (--whole-archive)
zephyr/libzephyr.a(rb.c.obj)  (--whole-archive)
zephyr/libzephyr.a(set.c.obj)
                              (--whole-archive)
zephyr/libzephyr.a(timeutil.c.obj)
                              (--whole-archive)
zephyr/libzephyr.a(bitarray.c.obj)
                              (--whole-archive)
zephyr/libzephyr.a(bitmask.c.obj)
                              (--whole-archive)
zephyr/libzephyr.a(getopt.c.obj)
                              (--whole-archive)
zephyr/libzephyr.a(getopt_common.c.obj)
                              (--whole-archive)
zephyr/libzephyr.a(onoff.c.obj)
                              (--whole-archive)
zephyr/libzephyr.a(notify.c.obj)
                              (--whole-archive)
zephyr/libzephyr.a(ring_buffer.c.obj)
                              (--whole-archive)
zephyr/libzephyr.a(last_section_id.c.obj)
                              (--whole-archive)
zephyr/libzephyr.a(configs.c.obj)
                              (--whole-archive)
zephyr/libzephyr.a(log_minimal.c.obj)
                              (--whole-archive)
zephyr/libzephyr.a(mem_attr.c.obj)
                              (--whole-archive)
zephyr/libzephyr.a(tracing_none.c.obj)
                              (--whole-archive)
zephyr/libzephyr.a(sem.c.obj)
                              (--whole-archive)
zephyr/libzephyr.a(thread_entry.c.obj)
                              (--whole-archive)
zephyr/arch/common/libarch__common.a(sw_isr_common.c.obj)
                              (--whole-archive)
zephyr/arch/common/libarch__common.a(init.c.obj)
                              (--whole-archive)
zephyr/arch/common/libarch__common.a(xip.c.obj)
                              (--whole-archive)
zephyr/arch/arch/arm/core/libarch__arm__core.a(fatal.c.obj)
                              (--whole-archive)
zephyr/arch/arch/arm/core/libarch__arm__core.a(nmi.c.obj)
                              (--whole-archive)
zephyr/arch/arch/arm/core/libarch__arm__core.a(nmi_on_reset.S.obj)
                              (--whole-archive)
zephyr/arch/arch/arm/core/libarch__arm__core.a(tls.c.obj)
                              (--whole-archive)
zephyr/arch/arch/arm/core/cortex_m/libarch__arm__core__cortex_m.a(fault.c.obj)
                              (--whole-archive)
zephyr/arch/arch/arm/core/cortex_m/libarch__arm__core__cortex_m.a(fault_s.S.obj)
                              (--whole-archive)
zephyr/arch/arch/arm/core/cortex_m/libarch__arm__core__cortex_m.a(fpu.c.obj)
                              (--whole-archive)
zephyr/arch/arch/arm/core/cortex_m/libarch__arm__core__cortex_m.a(reset.S.obj)
                              (--whole-archive)
zephyr/arch/arch/arm/core/cortex_m/libarch__arm__core__cortex_m.a(scb.c.obj)
                              (--whole-archive)
zephyr/arch/arch/arm/core/cortex_m/libarch__arm__core__cortex_m.a(vector_table.S.obj)
                              (--whole-archive)
zephyr/arch/arch/arm/core/cortex_m/libarch__arm__core__cortex_m.a(svc.S.obj)
                              (--whole-archive)
zephyr/arch/arch/arm/core/cortex_m/libarch__arm__core__cortex_m.a(irq_manage.c.obj)
                              (--whole-archive)
zephyr/arch/arch/arm/core/cortex_m/libarch__arm__core__cortex_m.a(prep_c.c.obj)
                              (--whole-archive)
zephyr/arch/arch/arm/core/cortex_m/libarch__arm__core__cortex_m.a(thread.c.obj)
                              (--whole-archive)
zephyr/arch/arch/arm/core/cortex_m/libarch__arm__core__cortex_m.a(cpu_idle.c.obj)
                              (--whole-archive)
zephyr/arch/arch/arm/core/cortex_m/libarch__arm__core__cortex_m.a(exc_exit.c.obj)
                              (--whole-archive)
zephyr/arch/arch/arm/core/cortex_m/libarch__arm__core__cortex_m.a(thread_abort.c.obj)
                              (--whole-archive)
zephyr/arch/arch/arm/core/cortex_m/libarch__arm__core__cortex_m.a(swap_helper.S.obj)
                              (--whole-archive)
[...]
Memory Configuration

Name             Origin             Length             Attributes
FLASH            0x00000000         0x00100000         xr
RAM              0x20000000         0x00070000         xw
IDT_LIST         0xffff7fff         0x00008000         xw
*default*        0x00000000         0xffffffff

Linker script and memory map

                0x00006ea4                        vfprintf = __l_vfprintf
                0x00000000                        vfscanf = __l_vfscanf
LOAD zephyr/CMakeFiles/zephyr_final.dir/misc/empty_file.c.obj
LOAD zephyr/CMakeFiles/zephyr_final.dir/isr_tables.c.obj
LOAD zephyr/CMakeFiles/offsets.dir/./arch/arm/core/offsets/offsets.c.obj
LOAD app/libapp.a
LOAD zephyr/libzephyr.a
LOAD zephyr/arch/common/libarch__common.a
LOAD zephyr/arch/arch/arm/core/libarch__arm__core.a
LOAD zephyr/arch/arch/arm/core/cortex_m/libarch__arm__core__cortex_m.a
LOAD zephyr/arch/arch/arm/core/cortex_m/cmse/libarch__arm__core__cortex_m__cmse.a
LOAD zephyr/arch/arch/arm/core/mpu/libarch__arm__core__mpu.a
LOAD zephyr/lib/libc/picolibc/liblib__libc__picolibc.a
LOAD zephyr/lib/libc/common/liblib__libc__common.a
LOAD zephyr/soc/soc/nrf5340/libsoc__nordic.a
LOAD zephyr/subsys/portability/posix/c_lib_ext/libsubsys__portability__posix__c_lib_ext.a
LOAD zephyr/subsys/testsuite/ztest/libsubsys__testsuite__ztest.a
LOAD zephyr/drivers/clock_control/libdrivers__clock_control.a
LOAD zephyr/drivers/console/libdrivers__console.a
LOAD zephyr/drivers/gpio/libdrivers__gpio.a
LOAD zephyr/drivers/pinctrl/libdrivers__pinctrl.a
LOAD zephyr/drivers/serial/libdrivers__serial.a
LOAD zephyr/drivers/timer/libdrivers__timer.a
LOAD modules/hal_nordic/nrfx/libnrfx.a
LOAD zephyr/kernel/libkernel.a
LOAD zephyr/arch/common/libisr_tables.a
LOAD /Users/bytelight/zephyr-sdk-1.0.1/gnu/arm-zephyr-eabi/bin/../lib/gcc/arm-zephyr-eabi/14.3.0/../../../../arm-zephyr-eabi/lib/thumb/v8-m.main/nofp/space/libc.a
LOAD /Users/bytelight/zephyr-sdk-1.0.1/gnu/arm-zephyr-eabi/bin/../lib/gcc/arm-zephyr-eabi/14.3.0/thumb/v8-m.main/nofp/space/libgcc.a
                0x00000020                        _region_min_align = 0x20

.rel.plt        0x00000000        0x0
 *(SORT_BY_ALIGNMENT(.rel.plt))
                [!provide]                        PROVIDE (__rel_iplt_start = .)
 *(SORT_BY_ALIGNMENT(.rel.iplt))
 .rel.iplt      0x00000000        0x0 zephyr/CMakeFiles/zephyr_final.dir/isr_tables.c.obj
                [!provide]                        PROVIDE (__rel_iplt_end = .)

.rela.plt       0x00000000        0x0
 *(SORT_BY_ALIGNMENT(.rela.plt))
                [!provide]                        PROVIDE (__rela_iplt_start = .)
 *(SORT_BY_ALIGNMENT(.rela.iplt))
                [!provide]                        PROVIDE (__rela_iplt_end = .)

.rel.dyn
 *(SORT_BY_ALIGNMENT(.rel.*))

.rela.dyn
 *(SORT_BY_ALIGNMENT(.rela.*))

/DISCARD/
 *(SORT_BY_ALIGNMENT(.plt))

/DISCARD/
 *(SORT_BY_ALIGNMENT(.iplt))
                0x00000000                        __rom_region_start = 0x0

rom_start       0x00000000      0x154
                0x00000000                        __rom_start_address = .
 FILL mask 0x00
                0x00000000                        . = (. + (0x0 - (. - __rom_start_address)))
                0x00000000                        . = ALIGN (0x4)
                0x00000000                        . = ALIGN (0x80)
                0x00000000                        . = ALIGN (0x200)
                0x00000000                        _vector_start = .
 *(SORT_BY_ALIGNMENT(.exc_vector_table))
 *(SORT_BY_ALIGNMENT(.exc_vector_table.*))
 .exc_vector_table._vector_table_section
                0x00000000       0x40 zephyr/arch/arch/arm/core/cortex_m/libarch__arm__core__cortex_m.a(vector_table.S.obj)
                0x00000000                _vector_table
 *(SORT_BY_ALIGNMENT(.vectors))
                0x00000154                        _vector_end = .
                0x00000040                        . = ALIGN (0x4)
 *(SORT_BY_ALIGNMENT(.gnu.linkonce.irq_vector_table*))
 .gnu.linkonce.irq_vector_table
                0x00000040      0x114 zephyr/CMakeFiles/zephyr_final.dir/isr_tables.c.obj
                0x00000040                _irq_vector_table
                0x00000154                        _vector_end = .

text            0x00000154     0x7d28
                0x00000154                        __text_region_start = .
 *(SORT_BY_ALIGNMENT(.text))
 .text          0x00000154       0x14 /Users/bytelight/zephyr-sdk-1.0.1/gnu/arm-zephyr-eabi/bin/../lib/gcc/arm-zephyr-eabi/14.3.0/../../../../arm-zephyr-eabi/lib/thumb/v8-m.main/nofp/space/libc.a(strcmp.S.o)
                0x00000154                strcmp
 *(SORT_BY_ALIGNMENT(.text.*))
 .text.z_zexpect.constprop.0
                0x00000168       0x4c app/libapp.a(test_basic.c.obj)
 .text.z_zassume.constprop.0
                0x000001b4       0x54 app/libapp.a(test_basic.c.obj)
 .text._calculator_edge_cases_test_chained_operations_wrapper
                0x00000208      0x164 app/libapp.a(test_basic.c.obj)
 .text.z_zassert.constprop.0
                0x0000036c       0x48 app/libapp.a(test_basic.c.obj)
 .text._calculator_sub_test_null_pointer_wrapper
                0x000003b4       0x3c app/libapp.a(test_basic.c.obj)
 .text._calculator_sub_test_negative_result_wrapper
                0x000003f0       0x5c app/libapp.a(test_basic.c.obj)
 .text._calculator_sub_test_positive_result_wrapper
                0x0000044c       0x5c app/libapp.a(test_basic.c.obj)
 .text._calculator_div_test_negative_dividend_truncation_wrapper
                0x000004a8       0x60 app/libapp.a(test_basic.c.obj)
 .text._calculator_div_test_null_pointer_wrapper
                0x00000508       0x3c app/libapp.a(test_basic.c.obj)
 .text._calculator_div_test_divide_by_zero_wrapper
                0x00000544       0x6c app/libapp.a(test_basic.c.obj)
 .text._calculator_div_test_integer_truncation_wrapper
                0x000005b0       0x5c app/libapp.a(test_basic.c.obj)
 .text._calculator_div_test_exact_division_wrapper
                0x0000060c       0x5c app/libapp.a(test_basic.c.obj)
 .text._calculator_last_result_test_failed_op_does_not_update_wrapper
                0x00000668       0xf0 app/libapp.a(test_basic.c.obj)
 .text._calculator_mul_test_null_pointer_wrapper
                0x00000758       0x40 app/libapp.a(test_basic.c.obj)
 .text._calculator_mul_test_by_zero_wrapper
                0x00000798       0x58 app/libapp.a(test_basic.c.obj)
 .text._calculator_mul_test_negative_numbers_wrapper
                0x000007f0       0x64 app/libapp.a(test_basic.c.obj)
 .text._calculator_mul_test_positive_numbers_wrapper
                0x00000854       0x5c app/libapp.a(test_basic.c.obj)
 .text._calculator_last_result_test_overwrite_on_second_op_wrapper
                0x000008b0       0xa8 app/libapp.a(test_basic.c.obj)
 .text._calculator_add_test_null_pointer_wrapper
                0x00000958       0x40 app/libapp.a(test_basic.c.obj)
 .text._calculator_add_test_zero_wrapper
                0x00000998       0xa0 app/libapp.a(test_basic.c.obj)
 .text._calculator_add_test_mixed_signs_wrapper
                0x00000a38       0x60 app/libapp.a(test_basic.c.obj)
 .text._calculator_add_test_negative_numbers_wrapper
                0x00000a98       0x60 app/libapp.a(test_basic.c.obj)
 .text._calculator_add_test_positive_numbers_wrapper
                0x00000af8       0x5c app/libapp.a(test_basic.c.obj)
 .text._calculator_last_result_test_reset_clears_cache_wrapper
                0x00000b54       0x68 app/libapp.a(test_basic.c.obj)
 .text._calculator_last_result_test_add_updates_cache_wrapper
                0x00000bbc       0x80 app/libapp.a(test_basic.c.obj)
 .text._calculator_last_result_test_null_pointer_wrapper
                0x00000c3c       0x3c app/libapp.a(test_basic.c.obj)
 .text._calculator_last_result_test_no_result_before_first_op_wrapper
                0x00000c78       0x3c app/libapp.a(test_basic.c.obj)
 .text.calculator_reset
                0x00000cb4       0x10 app/libapp.a(calculator.c.obj)
                0x00000cb4                calculator_reset
 .text.calculator_get_last_result
                0x00000cc4       0x3c app/libapp.a(calculator.c.obj)
                0x00000cc4                calculator_get_last_result
 .text.calculator_add
                0x00000d00       0x2c app/libapp.a(calculator.c.obj)
                0x00000d00                calculator_add
 .text.calculator_sub
                0x00000d2c       0x2c app/libapp.a(calculator.c.obj)
                0x00000d2c                calculator_sub
 .text.calculator_mul
                0x00000d58       0x2c app/libapp.a(calculator.c.obj)
                0x00000d58                calculator_mul
 .text.calculator_div
                0x00000d84       0x38 app/libapp.a(calculator.c.obj)
                0x00000d84                calculator_div
 .text.free_list_add
                0x00000dbc       0xb0 zephyr/libzephyr.a(heap.c.obj)
 .text.sys_heap_init
                0x00000e6c      0x124 zephyr/libzephyr.a(heap.c.obj)
                0x00000e6c                sys_heap_init
 .text.boot_banner
                0x00000f90       0x10 zephyr/libzephyr.a(boot_banner.c.obj)
 .text.clock_offset_reset_rule_after
                0x00000fa0       0x94 zephyr/libzephyr.a(clock.c.obj)
 .text.char_out
                0x00001034        0xc zephyr/libzephyr.a(printk.c.obj)
 .text.__printk_hook_install
                0x00001040        0xc zephyr/libzephyr.a(printk.c.obj)
                0x00001040                __printk_hook_install
 .text.vprintk  0x0000104c       0x30 zephyr/libzephyr.a(printk.c.obj)
                0x0000104c                vprintk
 .text.process_event
                0x0000107c      0x39c zephyr/libzephyr.a(onoff.c.obj)
 .text.transition_complete
                0x00001418       0x64 zephyr/libzephyr.a(onoff.c.obj)
 .text.onoff_request
                0x0000147c      0x12c zephyr/libzephyr.a(onoff.c.obj)
                0x0000147c                onoff_request
 .text.sys_notify_finalize
                0x000015a8       0x40 zephyr/libzephyr.a(notify.c.obj)
                0x000015a8                sys_notify_finalize
 .text.mem_attr_get_regions
                0x000015e8        0xc zephyr/libzephyr.a(mem_attr.c.obj)
                0x000015e8                mem_attr_get_regions
 .text.z_thread_entry
                0x000015f4       0x6c zephyr/libzephyr.a(thread_entry.c.obj)
                0x000015f4                z_thread_entry
 .text.arch_bss_zero
                0x00001660       0x18 zephyr/arch/common/libarch__common.a(init.c.obj)
                0x00001660                arch_bss_zero
 .text.arch_data_copy
                0x00001678       0x38 zephyr/arch/common/libarch__common.a(xip.c.obj)
                0x00001678                arch_data_copy
 .text.z_arm_fatal_error
                0x000016b0       0x70 zephyr/arch/arch/arm/core/libarch__arm__core.a(fatal.c.obj)
                0x000016b0                z_arm_fatal_error
 .text.z_SysNmiOnReset
                0x00001720        0x8 zephyr/arch/arch/arm/core/libarch__arm__core.a(nmi_on_reset.S.obj)
                0x00001720                z_SysNmiOnReset
 .text.arch_tls_stack_setup
                0x00001728       0x40 zephyr/arch/arch/arm/core/libarch__arm__core.a(tls.c.obj)
                0x00001728                arch_tls_stack_setup
 .text.usage_fault.isra.0
                0x00001768       0xb8 zephyr/arch/arch/arm/core/cortex_m/libarch__arm__core__cortex_m.a(fault.c.obj)
 .text.bus_fault.isra.0
                0x00001820       0xc8 zephyr/arch/arch/arm/core/cortex_m/libarch__arm__core__cortex_m.a(fault.c.obj)
 .text.mem_manage_fault.isra.0
                0x000018e8      0x104 zephyr/arch/arch/arm/core/cortex_m/libarch__arm__core__cortex_m.a(fault.c.obj)
 .text.z_arm_fault
                0x000019ec      0x220 zephyr/arch/arch/arm/core/cortex_m/libarch__arm__core__cortex_m.a(fault.c.obj)
                0x000019ec                z_arm_fault
 .text.z_arm_fault_init
                0x00001c0c       0x20 zephyr/arch/arch/arm/core/cortex_m/libarch__arm__core__cortex_m.a(fault.c.obj)
                0x00001c0c                z_arm_fault_init
 .text.__fault  0x00001c2c       0x14 zephyr/arch/arch/arm/core/cortex_m/libarch__arm__core__cortex_m.a(fault_s.S.obj)
                0x00001c2c                z_arm_bus_fault
                0x00001c2c                z_arm_usage_fault
                0x00001c2c                z_arm_mpu_fault
                0x00001c2c                z_arm_exc_spurious
                0x00001c2c                z_arm_debug_monitor
                0x00001c2c                z_arm_hard_fault
 .text._reset_section
                0x00001c40       0x38 zephyr/arch/arch/arm/core/cortex_m/libarch__arm__core__cortex_m.a(reset.S.obj)
                0x00001c40                z_arm_reset
                0x00001c40                __start
 .text.z_arm_svc
                0x00001c78       0x24 zephyr/arch/arch/arm/core/cortex_m/libarch__arm__core__cortex_m.a(svc.S.obj)
                0x00001c78                z_arm_svc
 .text.arm_irq_enable
                0x00001c9c       0x1c zephyr/arch/arch/arm/core/cortex_m/libarch__arm__core__cortex_m.a(irq_manage.c.obj)
                0x00001c9c                arm_irq_enable
 .text.arm_irq_is_enabled
                0x00001cb8       0x1c zephyr/arch/arch/arm/core/cortex_m/libarch__arm__core__cortex_m.a(irq_manage.c.obj)
                0x00001cb8                arm_irq_is_enabled
 .text.arm_irq_priority_set
                0x00001cd4       0x64 zephyr/arch/arch/arm/core/cortex_m/libarch__arm__core__cortex_m.a(irq_manage.c.obj)
                0x00001cd4                arm_irq_priority_set
 .text.relocate_vector_table
                0x00001d38       0x1c zephyr/arch/arch/arm/core/cortex_m/libarch__arm__core__cortex_m.a(prep_c.c.obj)
                0x00001d38                relocate_vector_table
 .text.z_prep_c
                0x00001d54       0x38 zephyr/arch/arch/arm/core/cortex_m/libarch__arm__core__cortex_m.a(prep_c.c.obj)
                0x00001d54                z_prep_c
 .text.arch_new_thread
                0x00001d8c       0x38 zephyr/arch/arch/arm/core/cortex_m/libarch__arm__core__cortex_m.a(thread.c.obj)
                0x00001d8c                arch_new_thread
 .text.arch_switch_to_main_thread
                0x00001dc4       0x44 zephyr/arch/arch/arm/core/cortex_m/libarch__arm__core__cortex_m.a(thread.c.obj)
                0x00001dc4                arch_switch_to_main_thread
 .text.z_arm_cpu_idle_init
                0x00001e08        0xc zephyr/arch/arch/arm/core/cortex_m/libarch__arm__core__cortex_m.a(cpu_idle.c.obj)
                0x00001e08                z_arm_cpu_idle_init
 .text._HandlerModeExit
                0x00001e14       0x20 zephyr/arch/arch/arm/core/cortex_m/libarch__arm__core__cortex_m.a(exc_exit.c.obj)
                0x00001e14                z_arm_exc_exit
                0x00001e14                z_arm_int_exit
 .text.z_impl_k_thread_abort
                0x00001e34       0x2c zephyr/arch/arch/arm/core/cortex_m/libarch__arm__core__cortex_m.a(thread_abort.c.obj)
                0x00001e34                z_impl_k_thread_abort
 .text.z_arm_pendsv
                0x00001e60       0x68 zephyr/arch/arch/arm/core/cortex_m/libarch__arm__core__cortex_m.a(swap_helper.S.obj)
                0x00001e60                z_arm_pendsv
 .text.z_arm_interrupt_init
                0x00001ec8       0x18 zephyr/arch/arch/arm/core/cortex_m/libarch__arm__core__cortex_m.a(irq_init.c.obj)
                0x00001ec8                z_arm_interrupt_init
 .text._isr_wrapper
                0x00001ee0       0x24 zephyr/arch/arch/arm/core/cortex_m/libarch__arm__core__cortex_m.a(isr_wrapper.c.obj)
                0x00001ee0                _isr_wrapper
 .text.__aeabi_read_tp
                0x00001f04        0xc zephyr/arch/arch/arm/core/cortex_m/libarch__arm__core__cortex_m.a(__aeabi_read_tp.S.obj)
                0x00001f04                __aeabi_read_tp
 .text.z_arm_configure_static_mpu_regions
                0x00001f10       0x3c zephyr/arch/arch/arm/core/mpu/libarch__arm__core__mpu.a(arm_core_mpu.c.obj)
                0x00001f10                z_arm_configure_static_mpu_regions
 .text.region_init
                0x00001f4c       0x30 zephyr/arch/arch/arm/core/mpu/libarch__arm__core__mpu.a(arm_mpu.c.obj)
 .text.region_allocate_and_init
                0x00001f7c       0x34 zephyr/arch/arch/arm/core/mpu/libarch__arm__core__mpu.a(arm_mpu.c.obj)
 .text.mpu_configure_regions_and_partition.constprop.0
                0x00001fb0      0x158 zephyr/arch/arch/arm/core/mpu/libarch__arm__core__mpu.a(arm_mpu.c.obj)
 .text.arm_core_mpu_enable
                0x00002108       0x18 zephyr/arch/arch/arm/core/mpu/libarch__arm__core__mpu.a(arm_mpu.c.obj)
                0x00002108                arm_core_mpu_enable
 .text.arm_core_mpu_disable
                0x00002120       0x14 zephyr/arch/arch/arm/core/mpu/libarch__arm__core__mpu.a(arm_mpu.c.obj)
                0x00002120                arm_core_mpu_disable
 .text.arm_core_mpu_configure_static_mpu_regions
                0x00002134       0x48 zephyr/arch/arch/arm/core/mpu/libarch__arm__core__mpu.a(arm_mpu.c.obj)
                0x00002134                arm_core_mpu_configure_static_mpu_regions
 .text.arm_core_mpu_mark_areas_for_dynamic_regions
                0x0000217c       0xe8 zephyr/arch/arch/arm/core/mpu/libarch__arm__core__mpu.a(arm_mpu.c.obj)
                0x0000217c                arm_core_mpu_mark_areas_for_dynamic_regions
 .text.z_arm_mpu_init
                0x00002264      0x1e4 zephyr/arch/arch/arm/core/mpu/libarch__arm__core__mpu.a(arm_mpu.c.obj)
                0x00002264                z_arm_mpu_init
 .text.z_impl_zephyr_fputc
                0x00002448       0x10 zephyr/lib/libc/picolibc/liblib__libc__picolibc.a(stdio.c.obj)
                0x00002448                z_impl_zephyr_fputc
 .text.__stdout_hook_install
                0x00002458       0x18 zephyr/lib/libc/picolibc/liblib__libc__picolibc.a(stdio.c.obj)
                0x00002458                __stdout_hook_install
 .text.malloc_prepare
                0x00002470       0x24 zephyr/lib/libc/common/liblib__libc__common.a(malloc.c.obj)
 .text.nrf53_anomaly_160_check
                0x00002494       0x64 zephyr/soc/soc/nrf5340/libsoc__nordic.a(soc.c.obj)
 .text.nrf_gpio_pin_control_select.constprop.0
                0x000024f8       0x1c zephyr/soc/soc/nrf5340/libsoc__nordic.a(soc.c.obj)
 .text.soc_early_init_hook
                0x00002514       0x60 zephyr/soc/soc/nrf5340/libsoc__nordic.a(soc.c.obj)
                0x00002514                soc_early_init_hook
 .text.soc_late_init_hook
                0x00002574       0x6c zephyr/soc/soc/nrf5340/libsoc__nordic.a(soc.c.obj)
                0x00002574                soc_late_init_hook
 .text.arch_busy_wait
                0x000025e0       0x24 zephyr/soc/soc/nrf5340/libsoc__nordic.a(soc.c.obj)
                0x000025e0                arch_busy_wait
 .text.assign_pins
                0x00002604       0x80 zephyr/soc/soc/nrf5340/libsoc__nordic.a(nrf53_cpunet_mgmt.c.obj)
 .text.nrf53_cpunet_mgmt_init
                0x00002684       0x10 zephyr/soc/soc/nrf5340/libsoc__nordic.a(nrf53_cpunet_mgmt.c.obj)
                0x00002684                nrf53_cpunet_mgmt_init
 .text.gppi_init
                0x00002694       0x1c zephyr/soc/soc/nrf5340/libsoc__nordic.a(gppi_init.c.obj)
 .text.ztest_find_test_suite
                0x000026b0       0x2c zephyr/subsys/testsuite/ztest/libsubsys__testsuite__ztest.a(ztest.c.obj)
 .text.test_cb  0x000026dc       0x58 zephyr/subsys/testsuite/ztest/libsubsys__testsuite__ztest.a(ztest.c.obj)
 .text.test_finalize
                0x00002734       0x5c zephyr/subsys/testsuite/ztest/libsubsys__testsuite__ztest.a(ztest.c.obj)
 .text.ztest_test_fail
                0x00002790       0x54 zephyr/subsys/testsuite/ztest/libsubsys__testsuite__ztest.a(ztest.c.obj)
                0x00002790                ztest_test_fail
 .text.ztest_test_skip
                0x000027e4       0x54 zephyr/subsys/testsuite/ztest/libsubsys__testsuite__ztest.a(ztest.c.obj)
                0x000027e4                ztest_test_skip
 .text.ztest_test_expect_fail
                0x00002838        0xc zephyr/subsys/testsuite/ztest/libsubsys__testsuite__ztest.a(ztest.c.obj)
                0x00002838                ztest_test_expect_fail
 .text.z_ztest_get_next_test
                0x00002844       0x34 zephyr/subsys/testsuite/ztest/libsubsys__testsuite__ztest.a(ztest.c.obj)
                0x00002844                z_ztest_get_next_test
 .text.z_ztest_run_test_suite_ptr.isra.0
                0x00002878      0x2a8 zephyr/subsys/testsuite/ztest/libsubsys__testsuite__ztest.a(ztest.c.obj)
 .text.z_impl_ztest_run_test_suites
                0x00002b20       0x90 zephyr/subsys/testsuite/ztest/libsubsys__testsuite__ztest.a(ztest.c.obj)
                0x00002b20                z_impl_ztest_run_test_suites
 .text.ztest_verify_all_test_suites_ran
                0x00002bb0       0xa0 zephyr/subsys/testsuite/ztest/libsubsys__testsuite__ztest.a(ztest.c.obj)
                0x00002bb0                ztest_verify_all_test_suites_ran
 .text.ztest_run_all
                0x00002c50       0x10 zephyr/subsys/testsuite/ztest/libsubsys__testsuite__ztest.a(ztest.c.obj)
                0x00002c50                ztest_run_all
 .text.main     0x00002c60      0x1b8 zephyr/subsys/testsuite/ztest/libsubsys__testsuite__ztest.a(ztest.c.obj)
                0x00002c60                main
 .text.onoff_start
                0x00002e18       0x3c zephyr/drivers/clock_control/libdrivers__clock_control.a(clock_control_nrf.c.obj)
 .text.get_status
                0x00002e54       0x3c zephyr/drivers/clock_control/libdrivers__clock_control.a(clock_control_nrf.c.obj)
 .text.stop     0x00002e90       0x80 zephyr/drivers/clock_control/libdrivers__clock_control.a(clock_control_nrf.c.obj)
 .text.onoff_stop
                0x00002f10       0x28 zephyr/drivers/clock_control/libdrivers__clock_control.a(clock_control_nrf.c.obj)
 .text.clk_init
                0x00002f38       0x60 zephyr/drivers/clock_control/libdrivers__clock_control.a(clock_control_nrf.c.obj)
 .text.api_blocking_start
                0x00002f98       0x30 zephyr/drivers/clock_control/libdrivers__clock_control.a(clock_control_nrf.c.obj)
 .text.generic_hfclk_stop
                0x00002fc8       0x34 zephyr/drivers/clock_control/libdrivers__clock_control.a(clock_control_nrf.c.obj)
 .text.clkstarted_handle.constprop.0
                0x00002ffc       0x54 zephyr/drivers/clock_control/libdrivers__clock_control.a(clock_control_nrf.c.obj)
 .text.clock_event_handler
                0x00003050       0x74 zephyr/drivers/clock_control/libdrivers__clock_control.a(clock_control_nrf.c.obj)
 .text.generic_hfclk_start
                0x000030c4       0x7c zephyr/drivers/clock_control/libdrivers__clock_control.a(clock_control_nrf.c.obj)
 .text.z_nrf_clock_control_lf_on
                0x00003140      0x13c zephyr/drivers/clock_control/libdrivers__clock_control.a(clock_control_nrf.c.obj)
                0x00003140                z_nrf_clock_control_lf_on
 .text.uart_console_init
                0x0000327c       0x28 zephyr/drivers/console/libdrivers__console.a(uart_console.c.obj)
 .text.console_out
                0x000032a4       0x28 zephyr/drivers/console/libdrivers__console.a(uart_console.c.obj)
 .text.gpio_nrfx_manage_callback
                0x000032cc       0xa4 zephyr/drivers/gpio/libdrivers__gpio.a(gpio_nrfx.c.obj)
 .text.nrf_gpio_pin_port_decode
                0x00003370       0x5c zephyr/drivers/gpio/libdrivers__gpio.a(gpio_nrfx.c.obj)
 .text.gpio_nrfx_pin_interrupt_configure
                0x000033cc      0x110 zephyr/drivers/gpio/libdrivers__gpio.a(gpio_nrfx.c.obj)
 .text.gpio_nrfx_pin_configure
                0x000034dc      0x18c zephyr/drivers/gpio/libdrivers__gpio.a(gpio_nrfx.c.obj)
 .text.nrfx_gpio_handler
                0x00003668       0x78 zephyr/drivers/gpio/libdrivers__gpio.a(gpio_nrfx.c.obj)
 .text.gpio_nrfx_init
                0x000036e0       0x3c zephyr/drivers/gpio/libdrivers__gpio.a(gpio_nrfx.c.obj)
 .text.nrf_gpio_pin_port_decode
                0x0000371c       0x5c zephyr/drivers/pinctrl/libdrivers__pinctrl.a(pinctrl_nrf.c.obj)
 .text.pinctrl_configure_pins
                0x00003778      0x1a4 zephyr/drivers/pinctrl/libdrivers__pinctrl.a(pinctrl_nrf.c.obj)
                0x00003778                pinctrl_configure_pins
 .text.uarte_nrfx_poll_out
                0x0000391c       0xb8 zephyr/drivers/serial/libdrivers__serial.a(uart_nrfx_uarte.c.obj)
 .text.uarte_0_init
                0x000039d4       0xf8 zephyr/drivers/serial/libdrivers__serial.a(uart_nrfx_uarte.c.obj)
 .text.sys_clock_timeout_handler
                0x00003acc       0x54 zephyr/drivers/timer/libdrivers__timer.a(nrf_rtc_timer.c.obj)
 .text.z_nrf_rtc_timer_read
                0x00003b20       0x44 zephyr/drivers/timer/libdrivers__timer.a(nrf_rtc_timer.c.obj)
                0x00003b20                z_nrf_rtc_timer_read
 .text.rtc_nrf_isr
                0x00003b64       0xcc zephyr/drivers/timer/libdrivers__timer.a(nrf_rtc_timer.c.obj)
                0x00003b64                rtc_nrf_isr
 .text.compare_set.constprop.0.isra.0
                0x00003c30      0x138 zephyr/drivers/timer/libdrivers__timer.a(nrf_rtc_timer.c.obj)
 .text.sys_clock_driver_init
                0x00003d68       0x80 zephyr/drivers/timer/libdrivers__timer.a(nrf_rtc_timer.c.obj)
 .text.sys_clock_set_timeout
                0x00003de8       0x4c zephyr/drivers/timer/libdrivers__timer.a(nrf_rtc_timer.c.obj)
                0x00003de8                sys_clock_set_timeout
 .text.sys_clock_elapsed
                0x00003e34       0x14 zephyr/drivers/timer/libdrivers__timer.a(nrf_rtc_timer.c.obj)
                0x00003e34                sys_clock_elapsed
 .text.SystemInit
                0x00003e48      0x1b0 modules/hal_nordic/nrfx/libnrfx.a(system_nrf5340_application.c.obj)
                0x00003e48                SystemInit
 .text.nrfx_gppi_init
                0x00003ff8        0xc modules/hal_nordic/nrfx/libnrfx.a(nrfx_gppi_dppi.c.obj)
                0x00003ff8                nrfx_gppi_init
 .text.nrfx_gppi_domain_conn_alloc
                0x00004004       0x40 modules/hal_nordic/nrfx/libnrfx.a(nrfx_gppi_dppi.c.obj)
                0x00004004                nrfx_gppi_domain_conn_alloc
 .text.nrfx_gppi_conn_enable
                0x00004044       0x10 modules/hal_nordic/nrfx/libnrfx.a(nrfx_gppi_dppi.c.obj)
                0x00004044                nrfx_gppi_conn_enable
 .text.hfclk_event_handler
                0x00004054        0xc modules/hal_nordic/nrfx/libnrfx.a(nrfx_clock.c.obj)
 .text.lfclk_event_handler
                0x00004060        0xc modules/hal_nordic/nrfx/libnrfx.a(nrfx_clock.c.obj)
 .text.hfclk192m_event_handler
                0x0000406c        0xc modules/hal_nordic/nrfx/libnrfx.a(nrfx_clock.c.obj)
 .text.hfclkaudio_event_handler
                0x00004078        0xc modules/hal_nordic/nrfx/libnrfx.a(nrfx_clock.c.obj)
 .text.nrfx_clock_init
                0x00004084       0x68 modules/hal_nordic/nrfx/libnrfx.a(nrfx_clock.c.obj)
                0x00004084                nrfx_clock_init
 .text.nrfx_clock_enable
                0x000040ec       0x44 modules/hal_nordic/nrfx/libnrfx.a(nrfx_clock.c.obj)
                0x000040ec                nrfx_clock_enable
 .text.nrfx_clock_start
                0x00004130       0x74 modules/hal_nordic/nrfx/libnrfx.a(nrfx_clock.c.obj)
                0x00004130                nrfx_clock_start
 .text.nrfx_clock_stop
                0x000041a4       0x74 modules/hal_nordic/nrfx/libnrfx.a(nrfx_clock.c.obj)
                0x000041a4                nrfx_clock_stop
 .text.nrfx_clock_hfclk_init
                0x00004218       0x24 modules/hal_nordic/nrfx/libnrfx.a(nrfx_clock_hfclk.c.obj)
                0x00004218                nrfx_clock_hfclk_init
 .text.nrfx_clock_hfclk_start
                0x0000423c       0x5c modules/hal_nordic/nrfx/libnrfx.a(nrfx_clock_hfclk.c.obj)
                0x0000423c                nrfx_clock_hfclk_start
 .text.nrfx_clock_hfclk_stop
                0x00004298       0x34 modules/hal_nordic/nrfx/libnrfx.a(nrfx_clock_hfclk.c.obj)
                0x00004298                nrfx_clock_hfclk_stop
 .text.nrfx_clock_hfclk_irq_handler
                0x000042cc       0x30 modules/hal_nordic/nrfx/libnrfx.a(nrfx_clock_hfclk.c.obj)
                0x000042cc                nrfx_clock_hfclk_irq_handler
 .text.nrfx_clock_hfclkaudio_init
                0x000042fc       0x1c modules/hal_nordic/nrfx/libnrfx.a(nrfx_clock_hfclkaudio.c.obj)
                0x000042fc                nrfx_clock_hfclkaudio_init
 .text.nrfx_clock_hfclkaudio_start
                0x00004318       0x60 modules/hal_nordic/nrfx/libnrfx.a(nrfx_clock_hfclkaudio.c.obj)
                0x00004318                nrfx_clock_hfclkaudio_start
 .text.nrfx_clock_hfclkaudio_stop
                0x00004378       0x34 modules/hal_nordic/nrfx/libnrfx.a(nrfx_clock_hfclkaudio.c.obj)
                0x00004378                nrfx_clock_hfclkaudio_stop
 .text.nrfx_clock_hfclkaudio_irq_handler
                0x000043ac       0x30 modules/hal_nordic/nrfx/libnrfx.a(nrfx_clock_hfclkaudio.c.obj)
                0x000043ac                nrfx_clock_hfclkaudio_irq_handler
 .text.nrfx_clock_hfclk192m_init
                0x000043dc       0x24 modules/hal_nordic/nrfx/libnrfx.a(nrfx_clock_hfclk192m.c.obj)
                0x000043dc                nrfx_clock_hfclk192m_init
 .text.nrfx_clock_hfclk192m_start
                0x00004400       0x60 modules/hal_nordic/nrfx/libnrfx.a(nrfx_clock_hfclk192m.c.obj)
                0x00004400                nrfx_clock_hfclk192m_start
 .text.nrfx_clock_hfclk192m_stop
                0x00004460       0x34 modules/hal_nordic/nrfx/libnrfx.a(nrfx_clock_hfclk192m.c.obj)
                0x00004460                nrfx_clock_hfclk192m_stop
 .text.nrfx_clock_hfclk192m_irq_handler
                0x00004494       0x30 modules/hal_nordic/nrfx/libnrfx.a(nrfx_clock_hfclk192m.c.obj)
                0x00004494                nrfx_clock_hfclk192m_irq_handler
 .text.nrfx_clock_lfclk_init
                0x000044c4       0x24 modules/hal_nordic/nrfx/libnrfx.a(nrfx_clock_lfclk.c.obj)
                0x000044c4                nrfx_clock_lfclk_init
 .text.nrfx_clock_lfclk_start
                0x000044e8       0xac modules/hal_nordic/nrfx/libnrfx.a(nrfx_clock_lfclk.c.obj)
                0x000044e8                nrfx_clock_lfclk_start
 .text.nrfx_clock_lfclk_stop
                0x00004594       0x38 modules/hal_nordic/nrfx/libnrfx.a(nrfx_clock_lfclk.c.obj)
                0x00004594                nrfx_clock_lfclk_stop
 .text.nrfx_clock_lfclk_irq_handler
                0x000045cc       0x98 modules/hal_nordic/nrfx/libnrfx.a(nrfx_clock_lfclk.c.obj)
                0x000045cc                nrfx_clock_lfclk_irq_handler
 .text.get_pin_idx
                0x00004664       0x14 modules/hal_nordic/nrfx/libnrfx.a(nrfx_gpiote.c.obj)
 .text.release_handler
                0x00004678       0x74 modules/hal_nordic/nrfx/libnrfx.a(nrfx_gpiote.c.obj)
 .text.nrf_gpio_pin_port_decode
                0x000046ec       0x68 modules/hal_nordic/nrfx/libnrfx.a(nrfx_gpiote.c.obj)
 .text.nrf_gpiote_in_event_get
                0x00004754       0x34 modules/hal_nordic/nrfx/libnrfx.a(nrfx_gpiote.c.obj)
 .text.latch_pending_read_and_check
                0x00004788       0x38 modules/hal_nordic/nrfx/libnrfx.a(nrfx_gpiote.c.obj)
 .text.pin_uninit
                0x000047c0       0x78 modules/hal_nordic/nrfx/libnrfx.a(nrfx_gpiote.c.obj)
 .text.nrfx_gpiote_input_configure
                0x00004838      0x184 modules/hal_nordic/nrfx/libnrfx.a(nrfx_gpiote.c.obj)
                0x00004838                nrfx_gpiote_input_configure
 .text.nrfx_gpiote_output_configure
                0x000049bc      0x10c modules/hal_nordic/nrfx/libnrfx.a(nrfx_gpiote.c.obj)
                0x000049bc                nrfx_gpiote_output_configure
 .text.nrfx_gpiote_global_callback_set
                0x00004ac8       0x30 modules/hal_nordic/nrfx/libnrfx.a(nrfx_gpiote.c.obj)
                0x00004ac8                nrfx_gpiote_global_callback_set
 .text.nrfx_gpiote_channel_get
                0x00004af8       0x68 modules/hal_nordic/nrfx/libnrfx.a(nrfx_gpiote.c.obj)
                0x00004af8                nrfx_gpiote_channel_get
 .text.nrfx_gpiote_init
                0x00004b60       0x7c modules/hal_nordic/nrfx/libnrfx.a(nrfx_gpiote.c.obj)
                0x00004b60                nrfx_gpiote_init
 .text.nrfx_gpiote_init_check
                0x00004bdc       0x34 modules/hal_nordic/nrfx/libnrfx.a(nrfx_gpiote.c.obj)
                0x00004bdc                nrfx_gpiote_init_check
 .text.nrfx_gpiote_pin_uninit
                0x00004c10       0x30 modules/hal_nordic/nrfx/libnrfx.a(nrfx_gpiote.c.obj)
                0x00004c10                nrfx_gpiote_pin_uninit
 .text.nrfx_gpiote_channel_free
                0x00004c40       0x40 modules/hal_nordic/nrfx/libnrfx.a(nrfx_gpiote.c.obj)
                0x00004c40                nrfx_gpiote_channel_free
 .text.nrfx_gpiote_channel_alloc
                0x00004c80       0x48 modules/hal_nordic/nrfx/libnrfx.a(nrfx_gpiote.c.obj)
                0x00004c80                nrfx_gpiote_channel_alloc
 .text.nrfx_gpiote_trigger_enable
                0x00004cc8      0x104 modules/hal_nordic/nrfx/libnrfx.a(nrfx_gpiote.c.obj)
                0x00004cc8                nrfx_gpiote_trigger_enable
 .text.nrfx_gpiote_trigger_disable
                0x00004dcc       0x30 modules/hal_nordic/nrfx/libnrfx.a(nrfx_gpiote.c.obj)
                0x00004dcc                nrfx_gpiote_trigger_disable
 .text.nrfx_gpiote_irq_handler
                0x00004dfc      0x1f0 modules/hal_nordic/nrfx/libnrfx.a(nrfx_gpiote.c.obj)
                0x00004dfc                nrfx_gpiote_irq_handler
 .text.do_device_init
                0x00004fec       0x60 zephyr/kernel/libkernel.a(device.c.obj)
                0x00004fec                do_device_init
 .text.k_sys_fatal_error_handler
                0x0000504c       0x18 zephyr/kernel/libkernel.a(fatal.c.obj)
                0x0000504c                k_sys_fatal_error_handler
 .text.z_fatal_error
                0x00005064       0xb4 zephyr/kernel/libkernel.a(fatal.c.obj)
                0x00005064                z_fatal_error
 .text.z_sys_init_run_level
                0x00005118       0x30 zephyr/kernel/libkernel.a(init.c.obj)
 .text.bg_thread_main
                0x00005148      0x104 zephyr/kernel/libkernel.a(init.c.obj)
 .text.z_init_cpu
                0x0000524c       0x70 zephyr/kernel/libkernel.a(init.c.obj)
                0x0000524c                z_init_cpu
 .text.z_cstart
                0x000052bc      0x110 zephyr/kernel/libkernel.a(init.c.obj)
                0x000052bc                z_cstart
 .text.idle     0x000053cc       0x48 zephyr/kernel/libkernel.a(idle.c.obj)
                0x000053cc                idle
 .text.unpend_thread_no_timeout
                0x00005414       0x40 zephyr/kernel/libkernel.a(sem.c.obj)
 .text.z_impl_k_sem_give
                0x00005454       0xfc zephyr/kernel/libkernel.a(sem.c.obj)
                0x00005454                z_impl_k_sem_give
 .text.z_impl_k_sem_take
                0x00005550       0xf4 zephyr/kernel/libkernel.a(sem.c.obj)
                0x00005550                z_impl_k_sem_take
 .text.z_impl_k_thread_name_set
                0x00005644       0x20 zephyr/kernel/libkernel.a(thread.c.obj)
                0x00005644                z_impl_k_thread_name_set
 .text.z_setup_new_thread
                0x00005664       0xec zephyr/kernel/libkernel.a(thread.c.obj)
                0x00005664                z_setup_new_thread
 .text.z_dummy_thread_init
                0x00005750       0x1c zephyr/kernel/libkernel.a(thread.c.obj)
                0x00005750                z_dummy_thread_init
 .text.z_impl_k_wakeup
                0x0000576c       0xb0 zephyr/kernel/libkernel.a(thread.c.obj)
                0x0000576c                z_impl_k_wakeup
 .text.z_impl_k_thread_create
                0x0000581c       0x8c zephyr/kernel/libkernel.a(thread.c.obj)
                0x0000581c                z_impl_k_thread_create
 .text.z_thread_abort
                0x000058a8       0xc8 zephyr/kernel/libkernel.a(thread.c.obj)
                0x000058a8                z_thread_abort
 .text.z_impl_k_thread_join
                0x00005970      0x18c zephyr/kernel/libkernel.a(thread.c.obj)
                0x00005970                z_impl_k_thread_join
 .text.z_impl_k_yield
                0x00005afc       0x40 zephyr/kernel/libkernel.a(thread.c.obj)
                0x00005afc                z_impl_k_yield
 .text.unready_thread
                0x00005b3c       0xbc zephyr/kernel/libkernel.a(sched.c.obj)
 .text.ready_thread
                0x00005bf8       0xd0 zephyr/kernel/libkernel.a(sched.c.obj)
 .text.unpend_thread_no_timeout
                0x00005cc8       0x38 zephyr/kernel/libkernel.a(sched.c.obj)
 .text.z_swap_irqlock
                0x00005d00       0x6c zephyr/kernel/libkernel.a(sched.c.obj)
 .text.reschedule
                0x00005d6c       0x8c zephyr/kernel/libkernel.a(sched.c.obj)
 .text.move_current_to_end_of_prio_q
                0x00005df8       0x6c zephyr/kernel/libkernel.a(sched.c.obj)
                0x00005df8                move_current_to_end_of_prio_q
 .text.z_ready_thread
                0x00005e64       0x8c zephyr/kernel/libkernel.a(sched.c.obj)
                0x00005e64                z_ready_thread
 .text.z_thread_halt
                0x00005ef0      0x234 zephyr/kernel/libkernel.a(sched.c.obj)
                0x00005ef0                z_thread_halt
 .text.z_sched_lock_reschedule
                0x00006124       0x74 zephyr/kernel/libkernel.a(sched.c.obj)
                0x00006124                z_sched_lock_reschedule
 .text.z_sched_yield
                0x00006198       0xec zephyr/kernel/libkernel.a(sched.c.obj)
                0x00006198                z_sched_yield
 .text.z_thread_timeout
                0x00006284       0xa0 zephyr/kernel/libkernel.a(sched.c.obj)
                0x00006284                z_thread_timeout
 .text.z_pend_curr
                0x00006324      0x10c zephyr/kernel/libkernel.a(sched.c.obj)
                0x00006324                z_pend_curr
 .text.z_tick_sleep
                0x00006430      0x158 zephyr/kernel/libkernel.a(sleep.c.obj)
 .text.z_impl_k_sleep
                0x00006588       0x60 zephyr/kernel/libkernel.a(sleep.c.obj)
                0x00006588                z_impl_k_sleep
 .text.z_sched_init
                0x000065e8       0x10 zephyr/kernel/libkernel.a(scheduler.c.obj)
                0x000065e8                z_sched_init
 .text.k_sched_lock
                0x000065f8       0xdc zephyr/kernel/libkernel.a(scheduler.c.obj)
                0x000065f8                k_sched_lock
 .text.k_sched_unlock
                0x000066d4       0xac zephyr/kernel/libkernel.a(scheduler.c.obj)
                0x000066d4                k_sched_unlock
 .text.z_impl_k_sched_current_thread_query
                0x00006780        0xc zephyr/kernel/libkernel.a(scheduler.c.obj)
                0x00006780                z_impl_k_sched_current_thread_query
 .text.z_time_slice_size
                0x0000678c       0x40 zephyr/kernel/libkernel.a(timeslicing.c.obj)
 .text.slice_timeout
                0x000067cc       0x5c zephyr/kernel/libkernel.a(timeslicing.c.obj)
 .text.z_time_slice_reset
                0x00006828       0x44 zephyr/kernel/libkernel.a(timeslicing.c.obj)
                0x00006828                z_time_slice_reset
 .text.z_time_slice
                0x0000686c       0xc8 zephyr/kernel/libkernel.a(timeslicing.c.obj)
                0x0000686c                z_time_slice
 .text.z_spin_lock_valid
                0x00006934       0x1c zephyr/kernel/libkernel.a(spinlock_validate.c.obj)
                0x00006934                z_spin_lock_valid
 .text.z_spin_unlock_valid
                0x00006950       0x2c zephyr/kernel/libkernel.a(spinlock_validate.c.obj)
                0x00006950                z_spin_unlock_valid
 .text.z_spin_lock_set_owner
                0x0000697c       0x10 zephyr/kernel/libkernel.a(spinlock_validate.c.obj)
                0x0000697c                z_spin_lock_set_owner
 .text.first    0x0000698c       0x10 zephyr/kernel/libkernel.a(timeout.c.obj)
 .text.elapsed  0x0000699c       0x14 zephyr/kernel/libkernel.a(timeout.c.obj)
 .text.z_add_timeout
                0x000069b0      0x1c0 zephyr/kernel/libkernel.a(timeout.c.obj)
                0x000069b0                z_add_timeout
 .text.z_abort_timeout
                0x00006b70       0xfc zephyr/kernel/libkernel.a(timeout.c.obj)
                0x00006b70                z_abort_timeout
 .text.sys_clock_announce_locked
                0x00006c6c      0x148 zephyr/kernel/libkernel.a(timeout.c.obj)
                0x00006c6c                sys_clock_announce_locked
 .text.sys_clock_lock
                0x00006db4       0x54 zephyr/kernel/libkernel.a(timeout.c.obj)
                0x00006db4                sys_clock_lock
 .text.sys_clock_tick_get
                0x00006e08       0x9c zephyr/kernel/libkernel.a(timeout.c.obj)
                0x00006e08                sys_clock_tick_get
 .text.__l_vfprintf
                0x00006ea4      0x484 /Users/bytelight/zephyr-sdk-1.0.1/gnu/arm-zephyr-eabi/bin/../lib/gcc/arm-zephyr-eabi/14.3.0/../../../../arm-zephyr-eabi/lib/thumb/v8-m.main/nofp/space/libc.a(libc_tinystdio_vflprintf.c.o)
                0x00006ea4                __l_vfprintf
 .text._OffsetAbsSyms
                0x00007328        0x2 zephyr/CMakeFiles/offsets.dir/./arch/arm/core/offsets/offsets.c.obj
                0x00007328                _OffsetAbsSyms
 .text.before   0x0000732a        0x4 app/libapp.a(test_basic.c.obj)
 .text.chunk_field
                0x0000732e       0x16 zephyr/libzephyr.a(heap.c.obj)
 .text.chunk_set
                0x00007344       0x16 zephyr/libzephyr.a(heap.c.obj)
 .text.chunk_size
                0x0000735a        0xc zephyr/libzephyr.a(heap.c.obj)
 .text.set_chunk_used
                0x00007366       0x30 zephyr/libzephyr.a(heap.c.obj)
 .text.set_chunk_size
                0x00007396        0x8 zephyr/libzephyr.a(heap.c.obj)
 .text.undersized_chunk
                0x0000739e       0x1c zephyr/libzephyr.a(heap.c.obj)
 .text.bucket_idx
                0x000073ba       0x14 zephyr/libzephyr.a(heap.c.obj)
 .text.arch_printk_char_out
                0x000073ce        0x4 zephyr/libzephyr.a(printk.c.obj)
                0x000073ce                arch_printk_char_out
 .text.printk   0x000073d2       0x1a zephyr/libzephyr.a(printk.c.obj)
                0x000073d2                printk
 .text.assert_post_action
                0x000073ec       0x12 zephyr/libzephyr.a(assert.c.obj)
                0x000073ec                assert_post_action
 .text.assert_print
                0x000073fe       0x1a zephyr/libzephyr.a(assert.c.obj)
                0x000073fe                assert_print
 .text.process_recheck
                0x00007418       0x38 zephyr/libzephyr.a(onoff.c.obj)
 .text.validate_args
                0x00007450       0x20 zephyr/libzephyr.a(onoff.c.obj)
 .text.notify_one
                0x00007470       0x2c zephyr/libzephyr.a(onoff.c.obj)
 .text.onoff_manager_init
                0x0000749c       0x26 zephyr/libzephyr.a(onoff.c.obj)
                0x0000749c                onoff_manager_init
 .text.sys_notify_validate
                0x000074c2       0x22 zephyr/libzephyr.a(notify.c.obj)
                0x000074c2                sys_notify_validate
 .text._ConfigAbsSyms
                0x000074e4        0x2 zephyr/libzephyr.a(configs.c.obj)
                0x000074e4                _ConfigAbsSyms
 .text.z_log_minimal_printk
                0x000074e6       0x1a zephyr/libzephyr.a(log_minimal.c.obj)
                0x000074e6                z_log_minimal_printk
 .text.arch_early_memset
                0x00007500        0x4 zephyr/arch/common/libarch__common.a(init.c.obj)
                0x00007500                arch_early_memset
 .text.arch_early_memcpy
                0x00007504        0x4 zephyr/arch/common/libarch__common.a(init.c.obj)
                0x00007504                arch_early_memcpy
 .text.z_do_kernel_oops
                0x00007508        0x8 zephyr/arch/arch/arm/core/libarch__arm__core.a(fatal.c.obj)
                0x00007508                z_do_kernel_oops
 .text.z_arm_nmi
                0x00007510        0xe zephyr/arch/arch/arm/core/libarch__arm__core.a(nmi.c.obj)
                0x00007510                z_arm_nmi
 .text.z_irq_spurious
                0x0000751e        0x8 zephyr/arch/arch/arm/core/cortex_m/libarch__arm__core__cortex_m.a(irq_manage.c.obj)
                0x0000751e                z_irq_spurious
 .text.configure_builtin_stack_guard
                0x00007526        0xa zephyr/arch/arch/arm/core/cortex_m/libarch__arm__core__cortex_m.a(thread.c.obj)
                0x00007526                configure_builtin_stack_guard
 .text.arch_coprocessors_disable
                0x00007530        0x6 zephyr/arch/arch/arm/core/cortex_m/libarch__arm__core__cortex_m.a(thread.c.obj)
                0x00007530                arch_coprocessors_disable
 .text.arch_irq_unlock_outlined
                0x00007536        0xe zephyr/arch/arch/arm/core/cortex_m/libarch__arm__core__cortex_m.a(thread.c.obj)
                0x00007536                arch_irq_unlock_outlined
 .text.arch_cpu_idle
                0x00007544       0x32 zephyr/arch/arch/arm/core/cortex_m/libarch__arm__core__cortex_m.a(cpu_idle.c.obj)
                0x00007544                arch_cpu_idle
 .text.arch_cpu_atomic_idle
                0x00007576       0x38 zephyr/arch/arch/arm/core/cortex_m/libarch__arm__core__cortex_m.a(cpu_idle.c.obj)
                0x00007576                arch_cpu_atomic_idle
 .text.arm_cmse_mpu_region_get
                0x000075ae       0x12 zephyr/arch/arch/arm/core/cortex_m/cmse/libarch__arm__core__cortex_m__cmse.a(arm_core_cmse.c.obj)
                0x000075ae                arm_cmse_mpu_region_get
 .text.mpu_configure_region
                0x000075c0       0x32 zephyr/arch/arch/arm/core/mpu/libarch__arm__core__mpu.a(arm_mpu.c.obj)
 .text.picolibc_put
                0x000075f2        0xa zephyr/lib/libc/picolibc/liblib__libc__picolibc.a(stdio.c.obj)
 .text.z_arm_on_enter_cpu_idle
                0x000075fc        0x4 zephyr/soc/soc/nrf5340/libsoc__nordic.a(soc.c.obj)
                0x000075fc                z_arm_on_enter_cpu_idle
 .text.onoff_stop
                0x00007600       0x22 zephyr/soc/soc/nrf5340/libsoc__nordic.a(nrf53_cpunet_mgmt.c.obj)
 .text.onoff_start
                0x00007622       0x62 zephyr/soc/soc/nrf5340/libsoc__nordic.a(nrf53_cpunet_mgmt.c.obj)
 .text.ztest_skip_failed_assumption
                0x00007684        0x4 zephyr/subsys/testsuite/ztest/libsubsys__testsuite__ztest.a(ztest.c.obj)
                0x00007684                ztest_skip_failed_assumption
 .text.test_main
                0x00007688       0x16 zephyr/subsys/testsuite/ztest/libsubsys__testsuite__ztest.a(ztest.c.obj)
                0x00007688                test_main
 .text.z_ztest_should_suite_run
                0x0000769e        0xa zephyr/subsys/testsuite/ztest/libsubsys__testsuite__ztest.a(ztest_defaults.c.obj)
                0x0000769e                z_ztest_should_suite_run
 .text.z_ztest_should_test_run
                0x000076a8        0x4 zephyr/subsys/testsuite/ztest/libsubsys__testsuite__ztest.a(ztest_defaults.c.obj)
                0x000076a8                z_ztest_should_test_run
 .text.z_ztest_run_all
                0x000076ac        0x4 zephyr/subsys/testsuite/ztest/libsubsys__testsuite__ztest.a(ztest_defaults.c.obj)
                0x000076ac                z_ztest_run_all
 .text.ztest_relative_filename
                0x000076b0        0x2 zephyr/subsys/testsuite/ztest/libsubsys__testsuite__ztest.a(ztest_defaults.c.obj)
                0x000076b0                ztest_relative_filename
 .text.async_start
                0x000076b2       0x62 zephyr/drivers/clock_control/libdrivers__clock_control.a(clock_control_nrf.c.obj)
 .text.api_start
                0x00007714        0xe zephyr/drivers/clock_control/libdrivers__clock_control.a(clock_control_nrf.c.obj)
 .text.onoff_started_callback
                0x00007722        0xc zephyr/drivers/clock_control/libdrivers__clock_control.a(clock_control_nrf.c.obj)
 .text.hfclkaudio_start
                0x0000772e        0x6 zephyr/drivers/clock_control/libdrivers__clock_control.a(clock_control_nrf.c.obj)
 .text.hfclk192m_start
                0x00007734        0x6 zephyr/drivers/clock_control/libdrivers__clock_control.a(clock_control_nrf.c.obj)
 .text.hfclkaudio_stop
                0x0000773a        0x6 zephyr/drivers/clock_control/libdrivers__clock_control.a(clock_control_nrf.c.obj)
 .text.hfclk192m_stop
                0x00007740        0x6 zephyr/drivers/clock_control/libdrivers__clock_control.a(clock_control_nrf.c.obj)
 .text.blocking_start_callback
                0x00007746        0x6 zephyr/drivers/clock_control/libdrivers__clock_control.a(clock_control_nrf.c.obj)
 .text.lfclk_stop
                0x0000774c        0x4 zephyr/drivers/clock_control/libdrivers__clock_control.a(clock_control_nrf.c.obj)
 .text.lfclk_start
                0x00007750        0x4 zephyr/drivers/clock_control/libdrivers__clock_control.a(clock_control_nrf.c.obj)
 .text.api_stop
                0x00007754        0x6 zephyr/drivers/clock_control/libdrivers__clock_control.a(clock_control_nrf.c.obj)
 .text.gpio_nrfx_port_get_raw
                0x0000775a        0xc zephyr/drivers/gpio/libdrivers__gpio.a(gpio_nrfx.c.obj)
 .text.gpio_nrfx_port_set_masked_raw
                0x00007766       0x14 zephyr/drivers/gpio/libdrivers__gpio.a(gpio_nrfx.c.obj)
 .text.gpio_nrfx_port_set_bits_raw
                0x0000777a        0xa zephyr/drivers/gpio/libdrivers__gpio.a(gpio_nrfx.c.obj)
 .text.gpio_nrfx_port_clear_bits_raw
                0x00007784        0xa zephyr/drivers/gpio/libdrivers__gpio.a(gpio_nrfx.c.obj)
 .text.gpio_nrfx_port_toggle_bits
                0x0000778e       0x14 zephyr/drivers/gpio/libdrivers__gpio.a(gpio_nrfx.c.obj)
 .text.gpio_nrfx_gpiote_irq_handler
                0x000077a2        0x4 zephyr/drivers/gpio/libdrivers__gpio.a(gpio_nrfx.c.obj)
                0x000077a2                gpio_nrfx_gpiote_irq_handler
 .text.pinctrl_lookup_state
                0x000077a6       0x24 zephyr/drivers/pinctrl/libdrivers__pinctrl.a(common.c.obj)
                0x000077a6                pinctrl_lookup_state
 .text.uarte_nrfx_err_check
                0x000077ca        0xe zephyr/drivers/serial/libdrivers__serial.a(uart_nrfx_uarte.c.obj)
 .text.uarte_nrfx_poll_in
                0x000077d8       0x26 zephyr/drivers/serial/libdrivers__serial.a(uart_nrfx_uarte.c.obj)
 .text.is_tx_ready.isra.0
                0x000077fe       0x20 zephyr/drivers/serial/libdrivers__serial.a(uart_nrfx_uarte.c.obj)
 .text.uarte_nrfx_isr_int
                0x0000781e       0x42 zephyr/drivers/serial/libdrivers__serial.a(uart_nrfx_uarte.c.obj)
 .text.pinctrl_apply_state.isra.0
                0x00007860       0x1e zephyr/drivers/serial/libdrivers__serial.a(uart_nrfx_uarte.c.obj)
 .text.sys_clock_cycle_get_32
                0x0000787e        0x8 zephyr/drivers/timer/libdrivers__timer.a(nrf_rtc_timer.c.obj)
                0x0000787e                sys_clock_cycle_get_32
 .text.nrf53_errata_42
                0x00007886       0x1a modules/hal_nordic/nrfx/libnrfx.a(system_nrf5340_application.c.obj)
 .text.nrfx_isr
                0x000078a0        0x6 modules/hal_nordic/nrfx/libnrfx.a(nrfx_glue.c.obj)
                0x000078a0                nrfx_isr
 .text.nrfx_busy_wait
                0x000078a6        0x4 modules/hal_nordic/nrfx/libnrfx.a(nrfx_glue.c.obj)
                0x000078a6                nrfx_busy_wait
 .text.nrfx_flag32_alloc
                0x000078aa       0x34 modules/hal_nordic/nrfx/libnrfx.a(nrfx_flag32_allocator.c.obj)
                0x000078aa                nrfx_flag32_alloc
 .text.nrfx_flag32_free
                0x000078de       0x32 modules/hal_nordic/nrfx/libnrfx.a(nrfx_flag32_allocator.c.obj)
                0x000078de                nrfx_flag32_free
 .text.nrfx_gppi_conn_alloc
                0x00007910       0x3e modules/hal_nordic/nrfx/libnrfx.a(nrfx_gppi_dppi.c.obj)
                0x00007910                nrfx_gppi_conn_alloc
 .text.nrfx_power_clock_irq_handler
                0x0000794e       0x16 modules/hal_nordic/nrfx/libnrfx.a(nrfx_clock.c.obj)
                0x0000794e                nrfx_power_clock_irq_handler
 .text.clock_stop
                0x00007964       0x38 modules/hal_nordic/nrfx/libnrfx.a(nrfx_clock_hfclk.c.obj)
 .text.clock_stop
                0x0000799c       0x34 modules/hal_nordic/nrfx/libnrfx.a(nrfx_clock_hfclkaudio.c.obj)
 .text.clock_stop
                0x000079d0       0x34 modules/hal_nordic/nrfx/libnrfx.a(nrfx_clock_hfclk192m.c.obj)
 .text.clock_stop
                0x00007a04       0x32 modules/hal_nordic/nrfx/libnrfx.a(nrfx_clock_lfclk.c.obj)
 .text.nrf_gpio_pin_present_check
                0x00007a36       0x24 modules/hal_nordic/nrfx/libnrfx.a(nrfx_gpiote.c.obj)
 .text.pin_in_use_by_te
                0x00007a5a       0x16 modules/hal_nordic/nrfx/libnrfx.a(nrfx_gpiote.c.obj)
 .text.pin_has_trigger
                0x00007a70       0x1c modules/hal_nordic/nrfx/libnrfx.a(nrfx_gpiote.c.obj)
 .text.pin_is_output
                0x00007a8c       0x16 modules/hal_nordic/nrfx/libnrfx.a(nrfx_gpiote.c.obj)
 .text.pin_is_task_output
                0x00007aa2       0x16 modules/hal_nordic/nrfx/libnrfx.a(nrfx_gpiote.c.obj)
 .text.pin_te_get
                0x00007ab8       0x14 modules/hal_nordic/nrfx/libnrfx.a(nrfx_gpiote.c.obj)
 .text.call_handler
                0x00007acc       0x3e modules/hal_nordic/nrfx/libnrfx.a(nrfx_gpiote.c.obj)
 .text.nrf_gpio_reconfigure
                0x00007b0a       0x9a modules/hal_nordic/nrfx/libnrfx.a(nrfx_gpiote.c.obj)
 .text.nrf_gpio_cfg_sense_set
                0x00007ba4       0x1e modules/hal_nordic/nrfx/libnrfx.a(nrfx_gpiote.c.obj)
 .text.__nrfy_internal_gpiote_events_process
                0x00007bc2       0x58 modules/hal_nordic/nrfx/libnrfx.a(nrfx_gpiote.c.obj)
 .text.pin_trigger_disable
                0x00007c1a       0x44 modules/hal_nordic/nrfx/libnrfx.a(nrfx_gpiote.c.obj)
 .text.z_impl_k_busy_wait
                0x00007c5e        0x8 zephyr/kernel/libkernel.a(busy_wait.c.obj)
                0x00007c5e                z_impl_k_busy_wait
 .text.z_impl_device_is_ready
                0x00007c66       0x16 zephyr/kernel/libkernel.a(device.c.obj)
                0x00007c66                z_impl_device_is_ready
 .text.arch_system_halt
                0x00007c7c       0x10 zephyr/kernel/libkernel.a(fatal.c.obj)
                0x00007c7c                arch_system_halt
 .text.k_is_in_isr
                0x00007c8c        0xc zephyr/kernel/libkernel.a(thread.c.obj)
                0x00007c8c                k_is_in_isr
 .text.k_thread_name_get
                0x00007c98        0x4 zephyr/kernel/libkernel.a(thread.c.obj)
                0x00007c98                k_thread_name_get
 .text.sys_dlist_remove
                0x00007c9c       0x10 zephyr/kernel/libkernel.a(sched.c.obj)
 .text.add_to_waitq_locked
                0x00007cac       0x4c zephyr/kernel/libkernel.a(sched.c.obj)
 .text.z_sched_ready_locked
                0x00007cf8        0x4 zephyr/kernel/libkernel.a(sched.c.obj)
                0x00007cf8                z_sched_ready_locked
 .text.z_sched_unready_locked
                0x00007cfc        0x4 zephyr/kernel/libkernel.a(sched.c.obj)
                0x00007cfc                z_sched_unready_locked
 .text.z_sched_add_to_waitq_locked
                0x00007d00        0x4 zephyr/kernel/libkernel.a(sched.c.obj)
                0x00007d00                z_sched_add_to_waitq_locked
 .text.z_sched_wake_thread_locked
                0x00007d04       0x28 zephyr/kernel/libkernel.a(sched.c.obj)
                0x00007d04                z_sched_wake_thread_locked
 .text.z_reschedule
                0x00007d2c        0x4 zephyr/kernel/libkernel.a(sched.c.obj)
                0x00007d2c                z_reschedule
 .text.next_timeout
                0x00007d30       0x2e zephyr/kernel/libkernel.a(timeout.c.obj)
 .text.sys_clock_tick_get_32
                0x00007d5e        0x8 zephyr/kernel/libkernel.a(timeout.c.obj)
                0x00007d5e                sys_clock_tick_get_32
 .text.memcpy   0x00007d66       0x1a /Users/bytelight/zephyr-sdk-1.0.1/gnu/arm-zephyr-eabi/bin/../lib/gcc/arm-zephyr-eabi/14.3.0/../../../../arm-zephyr-eabi/lib/thumb/v8-m.main/nofp/space/libc.a(memcpy.c.o)
                0x00007d66                memcpy
                0x00007d66                __aeabi_memcpy
                0x00007d66                __aeabi_memcpy4
                0x00007d66                __aeabi_memcpy8
 .text.memset   0x00007d80       0x10 /Users/bytelight/zephyr-sdk-1.0.1/gnu/arm-zephyr-eabi/bin/../lib/gcc/arm-zephyr-eabi/14.3.0/../../../../arm-zephyr-eabi/lib/thumb/v8-m.main/nofp/space/libc.a(memset.c.o)
                0x00007d80                memset
 .text.strncpy  0x00007d90       0x26 /Users/bytelight/zephyr-sdk-1.0.1/gnu/arm-zephyr-eabi/bin/../lib/gcc/arm-zephyr-eabi/14.3.0/../../../../arm-zephyr-eabi/lib/thumb/v8-m.main/nofp/space/libc.a(libc_string_strncpy.c.o)
                0x00007d90                strncpy
 .text.strnlen  0x00007db6       0x18 /Users/bytelight/zephyr-sdk-1.0.1/gnu/arm-zephyr-eabi/bin/../lib/gcc/arm-zephyr-eabi/14.3.0/../../../../arm-zephyr-eabi/lib/thumb/v8-m.main/nofp/space/libc.a(libc_string_strnlen.c.o)
                0x00007db6                strnlen
 .text.__ultoa_invert
                0x00007dce       0xac /Users/bytelight/zephyr-sdk-1.0.1/gnu/arm-zephyr-eabi/bin/../lib/gcc/arm-zephyr-eabi/14.3.0/../../../../arm-zephyr-eabi/lib/thumb/v8-m.main/nofp/space/libc.a(libc_tinystdio_vflprintf.c.o)
 *(SORT_BY_ALIGNMENT(.gnu.linkonce.t.*))
 *(SORT_BY_ALIGNMENT(.glue_7t))
 .glue_7t       0x00007e7a        0x0 linker stubs
 *(SORT_BY_ALIGNMENT(.glue_7))
 .glue_7        0x00007e7a        0x0 linker stubs
 *(SORT_BY_ALIGNMENT(.vfp11_veneer))
 .vfp11_veneer  0x00007e7a        0x0 linker stubs
 *(SORT_BY_ALIGNMENT(.v4_bx))
 .v4_bx         0x00007e7a        0x0 linker stubs
                0x00007e7c                        . = ALIGN (0x4)
 *fill*         0x00007e7a        0x2 
                0x00007e7c                        __text_region_end = .

.ARM.exidx      0x00007e7c        0x0
                0x00007e7c                        __exidx_start = .
 *(SORT_BY_ALIGNMENT(.ARM.exidx*) SORT_BY_ALIGNMENT(gnu.linkonce.armexidx.*))
                0x00007e7c                        __exidx_end = .
                0x00007e7c                        __rodata_region_start = .

initlevel       0x00007e7c       0x48
                0x00007e7c                        __init_start = .
                0x00007e7c                        __init_EARLY_start = .
 *(SORT_BY_NAME(SORT_BY_ALIGNMENT(.z_init_EARLY_P_?_*)))
 .z_init_EARLY_P_0_SUB_0_
                0x00007e7c        0x8 zephyr/soc/soc/nrf5340/libsoc__nordic.a(gppi_init.c.obj)
 *(SORT_BY_NAME(SORT_BY_ALIGNMENT(.z_init_EARLY_P_??_*)))
 *(SORT_BY_NAME(SORT_BY_ALIGNMENT(.z_init_EARLY_P_???_*)))
                0x00007e84                        __init_PRE_KERNEL_1_start = .
 *(SORT_BY_NAME(SORT_BY_ALIGNMENT(.z_init_PRE_KERNEL_1_P_?_*)))
 *(SORT_BY_NAME(SORT_BY_ALIGNMENT(.z_init_PRE_KERNEL_1_P_??_*)))
 .z_init_PRE_KERNEL_1_P_30_SUB_00087_
                0x00007e84        0x8 zephyr/drivers/clock_control/libdrivers__clock_control.a(clock_control_nrf.c.obj)
 .z_init_PRE_KERNEL_1_P_40_SUB_00012_
                0x00007e8c        0x8 zephyr/drivers/gpio/libdrivers__gpio.a(gpio_nrfx.c.obj)
 .z_init_PRE_KERNEL_1_P_40_SUB_00033_
                0x00007e94        0x8 zephyr/drivers/gpio/libdrivers__gpio.a(gpio_nrfx.c.obj)
 .z_init_PRE_KERNEL_1_P_50_SUB_00124_
                0x00007e9c        0x8 zephyr/drivers/serial/libdrivers__serial.a(uart_nrfx_uarte.c.obj)
 .z_init_PRE_KERNEL_1_P_60_SUB_0_
                0x00007ea4        0x8 zephyr/drivers/console/libdrivers__console.a(uart_console.c.obj)
 *(SORT_BY_NAME(SORT_BY_ALIGNMENT(.z_init_PRE_KERNEL_1_P_???_*)))
                0x00007eac                        __init_PRE_KERNEL_2_start = .
 *(SORT_BY_NAME(SORT_BY_ALIGNMENT(.z_init_PRE_KERNEL_2_P_?_*)))
 .z_init_PRE_KERNEL_2_P_0_SUB_0_
                0x00007eac        0x8 zephyr/drivers/timer/libdrivers__timer.a(nrf_rtc_timer.c.obj)
 *(SORT_BY_NAME(SORT_BY_ALIGNMENT(.z_init_PRE_KERNEL_2_P_??_*)))
 *(SORT_BY_NAME(SORT_BY_ALIGNMENT(.z_init_PRE_KERNEL_2_P_???_*)))
                0x00007eb4                        __init_POST_KERNEL_start = .
 *(SORT_BY_NAME(SORT_BY_ALIGNMENT(.z_init_POST_KERNEL_P_?_*)))
 *(SORT_BY_NAME(SORT_BY_ALIGNMENT(.z_init_POST_KERNEL_P_??_*)))
 .z_init_POST_KERNEL_P_35_SUB_0_
                0x00007eb4        0x8 zephyr/lib/libc/common/liblib__libc__common.a(malloc.c.obj)
 *(SORT_BY_NAME(SORT_BY_ALIGNMENT(.z_init_POST_KERNEL_P_???_*)))
                0x00007ebc                        __init_APPLICATION_start = .
 *(SORT_BY_NAME(SORT_BY_ALIGNMENT(.z_init_APPLICATION_P_?_*)))
 .z_init_APPLICATION_P_0_SUB_0_
                0x00007ebc        0x8 zephyr/libzephyr.a(boot_banner.c.obj)
 *(SORT_BY_NAME(SORT_BY_ALIGNMENT(.z_init_APPLICATION_P_??_*)))
 *(SORT_BY_NAME(SORT_BY_ALIGNMENT(.z_init_APPLICATION_P_???_*)))
                0x00007ec4                        __init_SMP_start = .
 *(SORT_BY_NAME(SORT_BY_ALIGNMENT(.z_init_SMP_P_?_*)))
 *(SORT_BY_NAME(SORT_BY_ALIGNMENT(.z_init_SMP_P_??_*)))
 *(SORT_BY_NAME(SORT_BY_ALIGNMENT(.z_init_SMP_P_???_*)))
                0x00007ec4                        __init_end = .

device_area     0x00007ec4       0x70
                0x00007ec4                        _device_list_start = .
 *(SORT_BY_NAME(SORT_BY_ALIGNMENT(._device.static.*_?_*)))
 *(SORT_BY_NAME(SORT_BY_ALIGNMENT(._device.static.*_??_*)))
 ._device.static.1_30_
                0x00007ec4       0x1c zephyr/drivers/clock_control/libdrivers__clock_control.a(clock_control_nrf.c.obj)
                0x00007ec4                __device_dts_ord_87
 ._device.static.1_40_
                0x00007ee0       0x38 zephyr/drivers/gpio/libdrivers__gpio.a(gpio_nrfx.c.obj)
                0x00007ee0                __device_dts_ord_33
                0x00007efc                __device_dts_ord_12
 ._device.static.1_50_
                0x00007f18       0x1c zephyr/drivers/serial/libdrivers__serial.a(uart_nrfx_uarte.c.obj)
                0x00007f18                __device_dts_ord_124
 *(SORT_BY_NAME(SORT_BY_ALIGNMENT(._device.static.*_???_*)))
 *(SORT_BY_NAME(SORT_BY_ALIGNMENT(._device.static.*_????_*)))
 *(SORT_BY_NAME(SORT_BY_ALIGNMENT(._device.static.*_?????_*)))
                0x00007f34                        _device_list_end = .

sw_isr_table    0x00007f34      0x228
                0x00007f34                        . = ALIGN (0x4)
 *(SORT_BY_ALIGNMENT(.gnu.linkonce.sw_isr_table*))
 .gnu.linkonce.sw_isr_table
                0x00007f34      0x228 zephyr/CMakeFiles/zephyr_final.dir/isr_tables.c.obj
                0x00007f34                _sw_isr_table

initlevel_error
 *(SORT_BY_NAME(SORT_BY_ALIGNMENT(.z_init_*)))
                0x00000001                        ASSERT ((SIZEOF (initlevel_error) == 0x0), Undefined initialization levels used.)

app_shmem_regions
                0x0000815c        0x0
                0x0000815c                        __app_shmem_regions_start = .
 *(SORT_BY_NAME(SORT_BY_ALIGNMENT(.app_regions.*)))
                0x0000815c                        __app_shmem_regions_end = .

k_p4wq_initparam_area
                0x0000815c        0x0
                0x0000815c                        _k_p4wq_initparam_list_start = .
 *(SORT_BY_NAME(SORT_BY_ALIGNMENT(._k_p4wq_initparam.static.*)))
                0x0000815c                        _k_p4wq_initparam_list_end = .

_static_thread_data_area
                0x0000815c        0x0
                0x0000815c                        __static_thread_data_list_start = .
 *(SORT_BY_NAME(SORT_BY_ALIGNMENT(.__static_thread_data.static.*)))
                0x0000815c                        __static_thread_data_list_end = .

device_deps     0x0000815c        0x0
                0x0000815c                        __device_deps_start = .
 *(SORT_BY_NAME(SORT_BY_ALIGNMENT(.__device_deps_pass2*)))
                0x0000815c                        __device_deps_end = .

device_api_area
                0x0000815c       0x4c
                0x0000815c                        _gpio_driver_api_list_start = .
 *(SORT_BY_NAME(SORT_BY_ALIGNMENT(._gpio_driver_api.static.*)))
 ._gpio_driver_api.static.gpio_nrfx_drv_api_funcs_
                0x0000815c       0x24 zephyr/drivers/gpio/libdrivers__gpio.a(gpio_nrfx.c.obj)
                0x00008180                        _gpio_driver_api_list_end = .
                0x00008180                        _gpio_driver_api_ext_end = .
                0x00008180                        _shared_irq_driver_api_list_start = .
 *(SORT_BY_NAME(SORT_BY_ALIGNMENT(._shared_irq_driver_api.static.*)))
                0x00008180                        _shared_irq_driver_api_list_end = .
                0x00008180                        _shared_irq_driver_api_ext_end = .
                0x00008180                        _dmic_driver_api_list_start = .
 *(SORT_BY_NAME(SORT_BY_ALIGNMENT(._dmic_driver_api.static.*)))
                0x00008180                        _dmic_driver_api_list_end = .
                0x00008180                        _dmic_driver_api_ext_end = .
                0x00008180                        _crypto_driver_api_list_start = .
 *(SORT_BY_NAME(SORT_BY_ALIGNMENT(._crypto_driver_api.static.*)))
                0x00008180                        _crypto_driver_api_list_end = .
                0x00008180                        _crypto_driver_api_ext_end = .
                0x00008180                        _adc_driver_api_list_start = .
 *(SORT_BY_NAME(SORT_BY_ALIGNMENT(._adc_driver_api.static.*)))
                0x00008180                        _adc_driver_api_list_end = .
                0x00008180                        _adc_driver_api_ext_end = .
                0x00008180                        _auxdisplay_driver_api_list_start = .
 *(SORT_BY_NAME(SORT_BY_ALIGNMENT(._auxdisplay_driver_api.static.*)))
                0x00008180                        _auxdisplay_driver_api_list_end = .
                0x00008180                        _auxdisplay_driver_api_ext_end = .
                0x00008180                        _bbram_driver_api_list_start = .
 *(SORT_BY_NAME(SORT_BY_ALIGNMENT(._bbram_driver_api.static.*)))
                0x00008180                        _bbram_driver_api_list_end = .
                0x00008180                        _bbram_driver_api_ext_end = .
                0x00008180                        _biometric_driver_api_list_start = .
 *(SORT_BY_NAME(SORT_BY_ALIGNMENT(._biometric_driver_api.static.*)))
                0x00008180                        _biometric_driver_api_list_end = .
                0x00008180                        _biometric_driver_api_ext_end = .
                0x00008180                        _bt_hci_driver_api_list_start = .
 *(SORT_BY_NAME(SORT_BY_ALIGNMENT(._bt_hci_driver_api.static.*)))
                0x00008180                        _bt_hci_driver_api_list_end = .
                0x00008180                        _bt_hci_driver_api_ext_end = .
                0x00008180                        _can_driver_api_list_start = .
 *(SORT_BY_NAME(SORT_BY_ALIGNMENT(._can_driver_api.static.*)))
                0x00008180                        _can_driver_api_list_end = .
                0x00008180                        _can_driver_api_ext_end = .
                0x00008180                        _cellular_driver_api_list_start = .
 *(SORT_BY_NAME(SORT_BY_ALIGNMENT(._cellular_driver_api.static.*)))
                0x00008180                        _cellular_driver_api_list_end = .
                0x00008180                        _cellular_driver_api_ext_end = .
                0x00008180                        _charger_driver_api_list_start = .
 *(SORT_BY_NAME(SORT_BY_ALIGNMENT(._charger_driver_api.static.*)))
                0x00008180                        _charger_driver_api_list_end = .
                0x00008180                        _charger_driver_api_ext_end = .
                0x00008180                        _clock_control_driver_api_list_start = .
 *(SORT_BY_NAME(SORT_BY_ALIGNMENT(._clock_control_driver_api.static.*)))
 ._clock_control_driver_api.static.clock_control_api_
                0x00008180       0x1c zephyr/drivers/clock_control/libdrivers__clock_control.a(clock_control_nrf.c.obj)
                0x0000819c                        _clock_control_driver_api_list_end = .
                0x0000819c                        _nrf_clock_control_driver_api_list_start = .
 *(SORT_BY_NAME(SORT_BY_ALIGNMENT(._nrf_clock_control_driver_api.static.*)))
                0x0000819c                        _nrf_clock_control_driver_api_list_end = .
                0x0000819c                        _nrf_clock_control_driver_api_ext_end = .
                0x0000819c                        _clock_control_driver_api_ext_end = .
                0x0000819c                        _comparator_driver_api_list_start = .
 *(SORT_BY_NAME(SORT_BY_ALIGNMENT(._comparator_driver_api.static.*)))
                0x0000819c                        _comparator_driver_api_list_end = .
                0x0000819c                        _comparator_driver_api_ext_end = .
                0x0000819c                        _coredump_driver_api_list_start = .
 *(SORT_BY_NAME(SORT_BY_ALIGNMENT(._coredump_driver_api.static.*)))
                0x0000819c                        _coredump_driver_api_list_end = .
                0x0000819c                        _coredump_driver_api_ext_end = .
                0x0000819c                        _counter_driver_api_list_start = .
 *(SORT_BY_NAME(SORT_BY_ALIGNMENT(._counter_driver_api.static.*)))
                0x0000819c                        _counter_driver_api_list_end = .
                0x0000819c                        _counter_driver_api_ext_end = .
                0x0000819c                        _crc_driver_api_list_start = .
 *(SORT_BY_NAME(SORT_BY_ALIGNMENT(._crc_driver_api.static.*)))
                0x0000819c                        _crc_driver_api_list_end = .
                0x0000819c                        _crc_driver_api_ext_end = .
                0x0000819c                        _dac_driver_api_list_start = .
 *(SORT_BY_NAME(SORT_BY_ALIGNMENT(._dac_driver_api.static.*)))
                0x0000819c                        _dac_driver_api_list_end = .
                0x0000819c                        _dac_driver_api_ext_end = .
                0x0000819c                        _dai_driver_api_list_start = .
 *(SORT_BY_NAME(SORT_BY_ALIGNMENT(._dai_driver_api.static.*)))
                0x0000819c                        _dai_driver_api_list_end = .
                0x0000819c                        _dai_driver_api_ext_end = .
                0x0000819c                        _display_driver_api_list_start = .
 *(SORT_BY_NAME(SORT_BY_ALIGNMENT(._display_driver_api.static.*)))
                0x0000819c                        _display_driver_api_list_end = .
                0x0000819c                        _display_driver_api_ext_end = .
                0x0000819c                        _dma_driver_api_list_start = .
 *(SORT_BY_NAME(SORT_BY_ALIGNMENT(._dma_driver_api.static.*)))
                0x0000819c                        _dma_driver_api_list_end = .
                0x0000819c                        _dma_driver_api_ext_end = .
                0x0000819c                        _edac_driver_api_list_start = .
 *(SORT_BY_NAME(SORT_BY_ALIGNMENT(._edac_driver_api.static.*)))
                0x0000819c                        _edac_driver_api_list_end = .
                0x0000819c                        _edac_driver_api_ext_end = .
                0x0000819c                        _eeprom_driver_api_list_start = .
 *(SORT_BY_NAME(SORT_BY_ALIGNMENT(._eeprom_driver_api.static.*)))
                0x0000819c                        _eeprom_driver_api_list_end = .
                0x0000819c                        _eeprom_driver_api_ext_end = .
                0x0000819c                        _emul_bbram_driver_api_list_start = .
 *(SORT_BY_NAME(SORT_BY_ALIGNMENT(._emul_bbram_driver_api.static.*)))
                0x0000819c                        _emul_bbram_driver_api_list_end = .
                0x0000819c                        _emul_bbram_driver_api_ext_end = .
                0x0000819c                        _fuel_gauge_emul_driver_api_list_start = .
 *(SORT_BY_NAME(SORT_BY_ALIGNMENT(._fuel_gauge_emul_driver_api.static.*)))
                0x0000819c                        _fuel_gauge_emul_driver_api_list_end = .
                0x0000819c                        _fuel_gauge_emul_driver_api_ext_end = .
                0x0000819c                        _emul_sensor_driver_api_list_start = .
 *(SORT_BY_NAME(SORT_BY_ALIGNMENT(._emul_sensor_driver_api.static.*)))
                0x0000819c                        _emul_sensor_driver_api_list_end = .
                0x0000819c                        _emul_sensor_driver_api_ext_end = .
                0x0000819c                        _entropy_driver_api_list_start = .
 *(SORT_BY_NAME(SORT_BY_ALIGNMENT(._entropy_driver_api.static.*)))
                0x0000819c                        _entropy_driver_api_list_end = .
                0x0000819c                        _entropy_driver_api_ext_end = .
                0x0000819c                        _espi_driver_api_list_start = .
 *(SORT_BY_NAME(SORT_BY_ALIGNMENT(._espi_driver_api.static.*)))
                0x0000819c                        _espi_driver_api_list_end = .
                0x0000819c                        _espi_driver_api_ext_end = .
                0x0000819c                        _espi_saf_driver_api_list_start = .
 *(SORT_BY_NAME(SORT_BY_ALIGNMENT(._espi_saf_driver_api.static.*)))
                0x0000819c                        _espi_saf_driver_api_list_end = .
                0x0000819c                        _espi_saf_driver_api_ext_end = .
                0x0000819c                        _flash_driver_api_list_start = .
 *(SORT_BY_NAME(SORT_BY_ALIGNMENT(._flash_driver_api.static.*)))
                0x0000819c                        _flash_driver_api_list_end = .
                0x0000819c                        _flash_driver_api_ext_end = .
                0x0000819c                        _fpga_driver_api_list_start = .
 *(SORT_BY_NAME(SORT_BY_ALIGNMENT(._fpga_driver_api.static.*)))
                0x0000819c                        _fpga_driver_api_list_end = .
                0x0000819c                        _fpga_driver_api_ext_end = .
                0x0000819c                        _fuel_gauge_driver_api_list_start = .
 *(SORT_BY_NAME(SORT_BY_ALIGNMENT(._fuel_gauge_driver_api.static.*)))
                0x0000819c                        _fuel_gauge_driver_api_list_end = .
                0x0000819c                        _fuel_gauge_driver_api_ext_end = .
                0x0000819c                        _gnss_driver_api_list_start = .
 *(SORT_BY_NAME(SORT_BY_ALIGNMENT(._gnss_driver_api.static.*)))
                0x0000819c                        _gnss_driver_api_list_end = .
                0x0000819c                        _gnss_driver_api_ext_end = .
                0x0000819c                        _haptics_driver_api_list_start = .
 *(SORT_BY_NAME(SORT_BY_ALIGNMENT(._haptics_driver_api.static.*)))
                0x0000819c                        _haptics_driver_api_list_end = .
                0x0000819c                        _haptics_driver_api_ext_end = .
                0x0000819c                        _hwspinlock_driver_api_list_start = .
 *(SORT_BY_NAME(SORT_BY_ALIGNMENT(._hwspinlock_driver_api.static.*)))
                0x0000819c                        _hwspinlock_driver_api_list_end = .
                0x0000819c                        _hwspinlock_driver_api_ext_end = .
                0x0000819c                        _i2c_driver_api_list_start = .
 *(SORT_BY_NAME(SORT_BY_ALIGNMENT(._i2c_driver_api.static.*)))
                0x0000819c                        _i2c_driver_api_list_end = .
                0x0000819c                        _i3c_driver_api_list_start = .
 *(SORT_BY_NAME(SORT_BY_ALIGNMENT(._i3c_driver_api.static.*)))
                0x0000819c                        _i3c_driver_api_list_end = .
                0x0000819c                        _i3c_driver_api_ext_end = .
                0x0000819c                        _i2c_driver_api_ext_end = .
                0x0000819c                        _i2c_target_driver_api_list_start = .
 *(SORT_BY_NAME(SORT_BY_ALIGNMENT(._i2c_target_driver_api.static.*)))
                0x0000819c                        _i2c_target_driver_api_list_end = .
                0x0000819c                        _i2c_target_driver_api_ext_end = .
                0x0000819c                        _i2s_driver_api_list_start = .
 *(SORT_BY_NAME(SORT_BY_ALIGNMENT(._i2s_driver_api.static.*)))
                0x0000819c                        _i2s_driver_api_list_end = .
                0x0000819c                        _i2s_driver_api_ext_end = .
                0x0000819c                        _ipm_driver_api_list_start = .
 *(SORT_BY_NAME(SORT_BY_ALIGNMENT(._ipm_driver_api.static.*)))
                0x0000819c                        _ipm_driver_api_list_end = .
                0x0000819c                        _ipm_driver_api_ext_end = .
                0x0000819c                        _led_driver_api_list_start = .
 *(SORT_BY_NAME(SORT_BY_ALIGNMENT(._led_driver_api.static.*)))
                0x0000819c                        _led_driver_api_list_end = .
                0x0000819c                        _led_driver_api_ext_end = .
                0x0000819c                        _led_strip_driver_api_list_start = .
 *(SORT_BY_NAME(SORT_BY_ALIGNMENT(._led_strip_driver_api.static.*)))
                0x0000819c                        _led_strip_driver_api_list_end = .
                0x0000819c                        _led_strip_driver_api_ext_end = .
                0x0000819c                        _lora_driver_api_list_start = .
 *(SORT_BY_NAME(SORT_BY_ALIGNMENT(._lora_driver_api.static.*)))
                0x0000819c                        _lora_driver_api_list_end = .
                0x0000819c                        _lora_driver_api_ext_end = .
                0x0000819c                        _mbox_driver_api_list_start = .
 *(SORT_BY_NAME(SORT_BY_ALIGNMENT(._mbox_driver_api.static.*)))
                0x0000819c                        _mbox_driver_api_list_end = .
                0x0000819c                        _mbox_driver_api_ext_end = .
                0x0000819c                        _mdio_driver_api_list_start = .
 *(SORT_BY_NAME(SORT_BY_ALIGNMENT(._mdio_driver_api.static.*)))
                0x0000819c                        _mdio_driver_api_list_end = .
                0x0000819c                        _mdio_driver_api_ext_end = .
                0x0000819c                        _mipi_dbi_driver_api_list_start = .
 *(SORT_BY_NAME(SORT_BY_ALIGNMENT(._mipi_dbi_driver_api.static.*)))
                0x0000819c                        _mipi_dbi_driver_api_list_end = .
                0x0000819c                        _mipi_dbi_driver_api_ext_end = .
                0x0000819c                        _mipi_dsi_driver_api_list_start = .
 *(SORT_BY_NAME(SORT_BY_ALIGNMENT(._mipi_dsi_driver_api.static.*)))
                0x0000819c                        _mipi_dsi_driver_api_list_end = .
                0x0000819c                        _mipi_dsi_driver_api_ext_end = .
                0x0000819c                        _mspi_driver_api_list_start = .
 *(SORT_BY_NAME(SORT_BY_ALIGNMENT(._mspi_driver_api.static.*)))
                0x0000819c                        _mspi_driver_api_list_end = .
                0x0000819c                        _mspi_driver_api_ext_end = .
                0x0000819c                        _opamp_driver_api_list_start = .
 *(SORT_BY_NAME(SORT_BY_ALIGNMENT(._opamp_driver_api.static.*)))
                0x0000819c                        _opamp_driver_api_list_end = .
                0x0000819c                        _opamp_driver_api_ext_end = .
                0x0000819c                        _otp_driver_api_list_start = .
 *(SORT_BY_NAME(SORT_BY_ALIGNMENT(._otp_driver_api.static.*)))
                0x0000819c                        _otp_driver_api_list_end = .
                0x0000819c                        _otp_driver_api_ext_end = .
                0x0000819c                        _peci_driver_api_list_start = .
 *(SORT_BY_NAME(SORT_BY_ALIGNMENT(._peci_driver_api.static.*)))
                0x0000819c                        _peci_driver_api_list_end = .
                0x0000819c                        _peci_driver_api_ext_end = .
                0x0000819c                        _ps2_driver_api_list_start = .
 *(SORT_BY_NAME(SORT_BY_ALIGNMENT(._ps2_driver_api.static.*)))
                0x0000819c                        _ps2_driver_api_list_end = .
                0x0000819c                        _ps2_driver_api_ext_end = .
                0x0000819c                        _ptp_clock_driver_api_list_start = .
 *(SORT_BY_NAME(SORT_BY_ALIGNMENT(._ptp_clock_driver_api.static.*)))
                0x0000819c                        _ptp_clock_driver_api_list_end = .
                0x0000819c                        _ptp_clock_driver_api_ext_end = .
                0x0000819c                        _pwm_driver_api_list_start = .
 *(SORT_BY_NAME(SORT_BY_ALIGNMENT(._pwm_driver_api.static.*)))
                0x0000819c                        _pwm_driver_api_list_end = .
                0x0000819c                        _pwm_driver_api_ext_end = .
                0x0000819c                        _regulator_parent_driver_api_list_start = .
 *(SORT_BY_NAME(SORT_BY_ALIGNMENT(._regulator_parent_driver_api.static.*)))
                0x0000819c                        _regulator_parent_driver_api_list_end = .
                0x0000819c                        _regulator_parent_driver_api_ext_end = .
                0x0000819c                        _regulator_driver_api_list_start = .
 *(SORT_BY_NAME(SORT_BY_ALIGNMENT(._regulator_driver_api.static.*)))
                0x0000819c                        _regulator_driver_api_list_end = .
                0x0000819c                        _regulator_driver_api_ext_end = .
                0x0000819c                        _reset_driver_api_list_start = .
 *(SORT_BY_NAME(SORT_BY_ALIGNMENT(._reset_driver_api.static.*)))
                0x0000819c                        _reset_driver_api_list_end = .
                0x0000819c                        _reset_driver_api_ext_end = .
                0x0000819c                        _retained_mem_driver_api_list_start = .
 *(SORT_BY_NAME(SORT_BY_ALIGNMENT(._retained_mem_driver_api.static.*)))
                0x0000819c                        _retained_mem_driver_api_list_end = .
                0x0000819c                        _retained_mem_driver_api_ext_end = .
                0x0000819c                        _rtc_driver_api_list_start = .
 *(SORT_BY_NAME(SORT_BY_ALIGNMENT(._rtc_driver_api.static.*)))
                0x0000819c                        _rtc_driver_api_list_end = .
                0x0000819c                        _rtc_driver_api_ext_end = .
                0x0000819c                        _sdhc_driver_api_list_start = .
 *(SORT_BY_NAME(SORT_BY_ALIGNMENT(._sdhc_driver_api.static.*)))
                0x0000819c                        _sdhc_driver_api_list_end = .
                0x0000819c                        _sdhc_driver_api_ext_end = .
                0x0000819c                        _sensor_driver_api_list_start = .
 *(SORT_BY_NAME(SORT_BY_ALIGNMENT(._sensor_driver_api.static.*)))
                0x0000819c                        _sensor_driver_api_list_end = .
                0x0000819c                        _sensor_driver_api_ext_end = .
                0x0000819c                        _smbus_driver_api_list_start = .
 *(SORT_BY_NAME(SORT_BY_ALIGNMENT(._smbus_driver_api.static.*)))
                0x0000819c                        _smbus_driver_api_list_end = .
                0x0000819c                        _smbus_driver_api_ext_end = .
                0x0000819c                        _spi_driver_api_list_start = .
 *(SORT_BY_NAME(SORT_BY_ALIGNMENT(._spi_driver_api.static.*)))
                0x0000819c                        _spi_driver_api_list_end = .
                0x0000819c                        _spi_driver_api_ext_end = .
                0x0000819c                        _syscon_driver_api_list_start = .
 *(SORT_BY_NAME(SORT_BY_ALIGNMENT(._syscon_driver_api.static.*)))
                0x0000819c                        _syscon_driver_api_list_end = .
                0x0000819c                        _syscon_driver_api_ext_end = .
                0x0000819c                        _tee_driver_api_list_start = .
 *(SORT_BY_NAME(SORT_BY_ALIGNMENT(._tee_driver_api.static.*)))
                0x0000819c                        _tee_driver_api_list_end = .
                0x0000819c                        _tee_driver_api_ext_end = .
                0x0000819c                        _tgpio_driver_api_list_start = .
 *(SORT_BY_NAME(SORT_BY_ALIGNMENT(._tgpio_driver_api.static.*)))
                0x0000819c                        _tgpio_driver_api_list_end = .
                0x0000819c                        _tgpio_driver_api_ext_end = .
                0x0000819c                        _uaol_driver_api_list_start = .
 *(SORT_BY_NAME(SORT_BY_ALIGNMENT(._uaol_driver_api.static.*)))
                0x0000819c                        _uaol_driver_api_list_end = .
                0x0000819c                        _uaol_driver_api_ext_end = .
                0x0000819c                        _video_driver_api_list_start = .
 *(SORT_BY_NAME(SORT_BY_ALIGNMENT(._video_driver_api.static.*)))
                0x0000819c                        _video_driver_api_list_end = .
                0x0000819c                        _video_driver_api_ext_end = .
                0x0000819c                        _virtio_driver_api_list_start = .
 *(SORT_BY_NAME(SORT_BY_ALIGNMENT(._virtio_driver_api.static.*)))
                0x0000819c                        _virtio_driver_api_list_end = .
                0x0000819c                        _virtio_driver_api_ext_end = .
                0x0000819c                        _w1_driver_api_list_start = .
 *(SORT_BY_NAME(SORT_BY_ALIGNMENT(._w1_driver_api.static.*)))
                0x0000819c                        _w1_driver_api_list_end = .
                0x0000819c                        _w1_driver_api_ext_end = .
                0x0000819c                        _wdt_driver_api_list_start = .
 *(SORT_BY_NAME(SORT_BY_ALIGNMENT(._wdt_driver_api.static.*)))
                0x0000819c                        _wdt_driver_api_list_end = .
                0x0000819c                        _wdt_driver_api_ext_end = .
                0x0000819c                        _wuc_driver_api_list_start = .
 *(SORT_BY_NAME(SORT_BY_ALIGNMENT(._wuc_driver_api.static.*)))
                0x0000819c                        _wuc_driver_api_list_end = .
                0x0000819c                        _wuc_driver_api_ext_end = .
                0x0000819c                        _can_transceiver_driver_api_list_start = .
 *(SORT_BY_NAME(SORT_BY_ALIGNMENT(._can_transceiver_driver_api.static.*)))
                0x0000819c                        _can_transceiver_driver_api_list_end = .
                0x0000819c                        _can_transceiver_driver_api_ext_end = .
                0x0000819c                        _i3c_target_driver_api_list_start = .
 *(SORT_BY_NAME(SORT_BY_ALIGNMENT(._i3c_target_driver_api.static.*)))
                0x0000819c                        _i3c_target_driver_api_list_end = .
                0x0000819c                        _i3c_target_driver_api_ext_end = .
                0x0000819c                        _its_driver_api_list_start = .
 *(SORT_BY_NAME(SORT_BY_ALIGNMENT(._its_driver_api.static.*)))
                0x0000819c                        _its_driver_api_list_end = .
                0x0000819c                        _its_driver_api_ext_end = .
                0x0000819c                        _vtd_driver_api_list_start = .
 *(SORT_BY_NAME(SORT_BY_ALIGNMENT(._vtd_driver_api.static.*)))
                0x0000819c                        _vtd_driver_api_list_end = .
                0x0000819c                        _vtd_driver_api_ext_end = .
                0x0000819c                        _renesas_elc_driver_api_list_start = .
 *(SORT_BY_NAME(SORT_BY_ALIGNMENT(._renesas_elc_driver_api.static.*)))
                0x0000819c                        _renesas_elc_driver_api_list_end = .
                0x0000819c                        _renesas_elc_driver_api_ext_end = .
                0x0000819c                        _pcie_ctrl_driver_api_list_start = .
 *(SORT_BY_NAME(SORT_BY_ALIGNMENT(._pcie_ctrl_driver_api.static.*)))
                0x0000819c                        _pcie_ctrl_driver_api_list_end = .
                0x0000819c                        _pcie_ctrl_driver_api_ext_end = .
                0x0000819c                        _pcie_ep_driver_api_list_start = .
 *(SORT_BY_NAME(SORT_BY_ALIGNMENT(._pcie_ep_driver_api.static.*)))
                0x0000819c                        _pcie_ep_driver_api_list_end = .
                0x0000819c                        _pcie_ep_driver_api_ext_end = .
                0x0000819c                        _psi5_driver_api_list_start = .
 *(SORT_BY_NAME(SORT_BY_ALIGNMENT(._psi5_driver_api.static.*)))
                0x0000819c                        _psi5_driver_api_list_end = .
                0x0000819c                        _psi5_driver_api_ext_end = .
                0x0000819c                        _sent_driver_api_list_start = .
 *(SORT_BY_NAME(SORT_BY_ALIGNMENT(._sent_driver_api.static.*)))
                0x0000819c                        _sent_driver_api_list_end = .
                0x0000819c                        _sent_driver_api_ext_end = .
                0x0000819c                        _svc_driver_api_list_start = .
 *(SORT_BY_NAME(SORT_BY_ALIGNMENT(._svc_driver_api.static.*)))
                0x0000819c                        _svc_driver_api_list_end = .
                0x0000819c                        _svc_driver_api_ext_end = .
                0x0000819c                        _stepper_driver_api_list_start = .
 *(SORT_BY_NAME(SORT_BY_ALIGNMENT(._stepper_driver_api.static.*)))
                0x0000819c                        _stepper_driver_api_list_end = .
                0x0000819c                        _stepper_driver_api_ext_end = .
                0x0000819c                        _stepper_ctrl_driver_api_list_start = .
 *(SORT_BY_NAME(SORT_BY_ALIGNMENT(._stepper_ctrl_driver_api.static.*)))
                0x0000819c                        _stepper_ctrl_driver_api_list_end = .
                0x0000819c                        _stepper_ctrl_driver_api_ext_end = .
                0x0000819c                        _uart_driver_api_list_start = .
 *(SORT_BY_NAME(SORT_BY_ALIGNMENT(._uart_driver_api.static.*)))
 ._uart_driver_api.static.uart_nrfx_uarte_driver_api_
                0x0000819c        0xc zephyr/drivers/serial/libdrivers__serial.a(uart_nrfx_uarte.c.obj)
                0x000081a8                        _uart_driver_api_list_end = .
                0x000081a8                        _uart_driver_api_ext_end = .
                0x000081a8                        _bc12_emul_driver_api_list_start = .
 *(SORT_BY_NAME(SORT_BY_ALIGNMENT(._bc12_emul_driver_api.static.*)))
                0x000081a8                        _bc12_emul_driver_api_list_end = .
                0x000081a8                        _bc12_emul_driver_api_ext_end = .
                0x000081a8                        _bc12_driver_api_list_start = .
 *(SORT_BY_NAME(SORT_BY_ALIGNMENT(._bc12_driver_api.static.*)))
                0x000081a8                        _bc12_driver_api_list_end = .
                0x000081a8                        _bc12_driver_api_ext_end = .
                0x000081a8                        _usbc_ppc_driver_api_list_start = .
 *(SORT_BY_NAME(SORT_BY_ALIGNMENT(._usbc_ppc_driver_api.static.*)))
                0x000081a8                        _usbc_ppc_driver_api_list_end = .
                0x000081a8                        _usbc_ppc_driver_api_ext_end = .
                0x000081a8                        _tcpc_driver_api_list_start = .
 *(SORT_BY_NAME(SORT_BY_ALIGNMENT(._tcpc_driver_api.static.*)))
                0x000081a8                        _tcpc_driver_api_list_end = .
                0x000081a8                        _tcpc_driver_api_ext_end = .
                0x000081a8                        _usbc_vbus_driver_api_list_start = .
 *(SORT_BY_NAME(SORT_BY_ALIGNMENT(._usbc_vbus_driver_api.static.*)))
                0x000081a8                        _usbc_vbus_driver_api_list_end = .
                0x000081a8                        _usbc_vbus_driver_api_ext_end = .
                0x000081a8                        _ivshmem_driver_api_list_start = .
 *(SORT_BY_NAME(SORT_BY_ALIGNMENT(._ivshmem_driver_api.static.*)))
                0x000081a8                        _ivshmem_driver_api_list_end = .
                0x000081a8                        _ivshmem_driver_api_ext_end = .
                0x000081a8                        _ethphy_driver_api_list_start = .
 *(SORT_BY_NAME(SORT_BY_ALIGNMENT(._ethphy_driver_api.static.*)))
                0x000081a8                        _ethphy_driver_api_list_end = .
                0x000081a8                        _ethphy_driver_api_ext_end = .

ztest           0x000081a8      0x290
                0x000081a8                        _ztest_expected_result_entry_list_start = .
 *(SORT_BY_NAME(SORT_BY_ALIGNMENT(._ztest_expected_result_entry.static.*)))
                0x000081a8                        _ztest_expected_result_entry_list_end = .